104.175.34.158 - - [14/Sep/2016:00:14:49 -0400] "GET /capneed/ HTTP/1.1" 200 38755 "https://www.google.com/" "Mozilla/5.0 (Macintosh; Intel Mac OS X 10_11_6) AppleWebKit/537.36 (KHTML, like Gecko) Chrome/52.0.2743.116 Safari/537.36"
216.145.11.94 - - [14/Sep/2016:00:32:07 -0400] "GET /robots.txt HTTP/1.0" 200 198 "-" "Mozilla/5.0 (Windows; U; Windows NT 5.1; en; rv:1.9.0.13) Gecko/2009073022 Firefox/3.5.2 (.NET CLR 3.5.30729) SurveyBot/2.3 (DomainTools)"
216.145.11.94 - - [14/Sep/2016:00:32:07 -0400] "GET / HTTP/1.1" 200 8575 "http://whois.domaintools.com/georgefisheradvisor.com" "Mozilla/5.0 (Windows; U; Windows NT 5.1; en; rv:1.9.0.13) Gecko/2009073022 Firefox/3.5.2 (.NET CLR 3.5.30729) SurveyBot/2.3 (DomainTools)"
67.215.253.224 - - [14/Sep/2016:00:32:43 -0400] "GET / HTTP/1.1" 200 8575 "-" "Mozilla/5.0 (Windows; U; Windows NT 5.1; en-GB; rv:1.8.1.1) Gecko/20061204 Firefox/2.0.0.1"
64.246.161.30 - - [14/Sep/2016:01:35:38 -0400] "GET /robots.txt HTTP/1.0" 200 198 "-" "Mozilla/5.0 (Windows; U; Windows NT 5.1; en; rv:1.9.0.13) Gecko/2009073022 Firefox/3.5.2 (.NET CLR 3.5.30729) SurveyBot/2.3 (DomainTools)"
64.246.161.30 - - [14/Sep/2016:01:35:38 -0400] "GET / HTTP/1.1" 200 8575 "http://whois.domaintools.com/georgefisheradvisors.com" "Mozilla/5.0 (Windows; U; Windows NT 5.1; en; rv:1.9.0.13) Gecko/2009073022 Firefox/3.5.2 (.NET CLR 3.5.30729) SurveyBot/2.3 (DomainTools)"
202.46.54.102 - - [14/Sep/2016:01:35:26 -0400] "GET /awstats.netsol.bkp/1308/awstats.996498.1308.urlentry.html HTTP/1.1" 200 19528 "-" "Mozilla/5.0 (Windows NT 10.0; WOW64) AppleWebKit/537.36 (KHTML, like Gecko) Chrome/45.0.2454.93 Safari/537.36"
157.55.39.99 - - [14/Sep/2016:01:46:03 -0400] "GET /awstats/1305/awstats.996498.1305.browserdetail.html HTTP/1.1" 401 603 "-" "Mozilla/5.0 (compatible; bingbot/2.0; +http://www.bing.com/bingbot.htm)"
51.255.65.34 - - [14/Sep/2016:01:50:26 -0400] "GET /awstats/1307/awstats.996498.1307.allhosts.html HTTP/1.1" 401 603 "-" "Mozilla/5.0 (compatible; AhrefsBot/5.1; +http://ahrefs.com/robot/)"
164.132.161.97 - - [14/Sep/2016:02:27:31 -0400] "GET /awstats/1211/awstats.996498.1211.alldomains.html HTTP/1.1" 401 603 "-" "Mozilla/5.0 (compatible; AhrefsBot/5.1; +http://ahrefs.com/robot/)"
67.215.253.224 - - [14/Sep/2016:02:36:19 -0400] "GET / HTTP/1.1" 200 8575 "-" "Mozilla/5.0 (Windows; U; Windows NT 5.1; en-GB; rv:1.8.1.1) Gecko/20061204 Firefox/2.0.0.1"
202.46.57.209 - - [14/Sep/2016:02:42:25 -0400] "GET / HTTP/1.1" 200 8575 "-" "Mozilla/5.0 (Windows NT 10.0; WOW64) AppleWebKit/537.36 (KHTML, like Gecko) Chrome/45.0.2454.93 Safari/537.36"
51.255.65.83 - - [14/Sep/2016:03:35:22 -0400] "GET /form.php HTTP/1.1" 200 - "-" "Mozilla/5.0 (compatible; AhrefsBot/5.1; +http://ahrefs.com/robot/)"
207.46.13.74 - - [14/Sep/2016:03:35:49 -0400] "GET /robots.txt HTTP/1.1" 200 198 "-" "Mozilla/5.0 (compatible; bingbot/2.0; +http://www.bing.com/bingbot.htm)"
164.132.161.95 - - [14/Sep/2016:03:50:42 -0400] "GET /awstats/1304/awstats.996498.1304.alldomains.html HTTP/1.1" 401 603 "-" "Mozilla/5.0 (compatible; AhrefsBot/5.1; +http://ahrefs.com/robot/)"
67.215.253.224 - - [14/Sep/2016:04:00:59 -0400] "GET / HTTP/1.1" 200 8575 "-" "Mozilla/5.0 (Windows; U; Windows NT 5.1; en-GB; rv:1.8.1.1) Gecko/20061204 Firefox/2.0.0.1"
199.21.99.197 - - [14/Sep/2016:04:35:04 -0400] "GET / HTTP/1.1" 200 8575 "-" "Mozilla/5.0 (compatible; YandexBot/3.0; +http://yandex.com/bots)"
67.215.253.224 - - [14/Sep/2016:04:41:53 -0400] "GET / HTTP/1.1" 200 8575 "-" "Mozilla/5.0 (Windows; U; Windows NT 5.1; en-GB; rv:1.8.1.1) Gecko/20061204 Firefox/2.0.0.1"
67.215.253.224 - - [14/Sep/2016:05:34:24 -0400] "GET / HTTP/1.1" 200 8575 "-" "Mozilla/5.0 (Windows; U; Windows NT 5.1; en-GB; rv:1.8.1.1) Gecko/20061204 Firefox/2.0.0.1"
54.160.114.168 - - [14/Sep/2016:05:43:04 -0400] "GET /rss.xml HTTP/1.1" 304 - "http://www.google.com" "Opera/9.80 (Windows NT 6.0) Presto/2.12.388 Version/12.14"
204.79.180.93 - - [14/Sep/2016:05:51:49 -0400] "GET /recalci/index.php HTTP/1.1" 200 7552 "-" "Mozilla/5.0 (compatible; MSIE 9.0; Windows NT 6.1; Trident/5.0;  Trident/5.0)"
162.210.196.100 - - [14/Sep/2016:06:08:39 -0400] "GET /robots.txt HTTP/1.0" 200 198 "-" "Mozilla/5.0 (compatible; MJ12bot/v1.4.5; http://www.majestic12.co.uk/bot.php?+)"
162.210.196.100 - - [14/Sep/2016:06:08:40 -0400] "GET / HTTP/1.0" 200 8575 "-" "Mozilla/5.0 (compatible; MJ12bot/v1.4.5; http://www.majestic12.co.uk/bot.php?+)"
162.210.196.100 - - [14/Sep/2016:06:08:41 -0400] "GET /robots.txt HTTP/1.0" 200 198 "-" "Mozilla/5.0 (compatible; MJ12bot/v1.4.5; http://www.majestic12.co.uk/bot.php?+)"
162.210.196.100 - - [14/Sep/2016:06:08:43 -0400] "GET / HTTP/1.0" 200 8575 "-" "Mozilla/5.0 (compatible; MJ12bot/v1.4.5; http://www.majestic12.co.uk/bot.php?+)"
67.215.253.224 - - [14/Sep/2016:06:31:58 -0400] "GET / HTTP/1.1" 200 8575 "-" "Mozilla/5.0 (Windows; U; Windows NT 5.1; en-GB; rv:1.8.1.1) Gecko/20061204 Firefox/2.0.0.1"
188.165.234.68 - - [14/Sep/2016:06:32:13 -0400] "GET /robots.txt HTTP/1.0" 200 198 "-" ""
188.165.234.68 - - [14/Sep/2016:06:32:13 -0400] "GET / HTTP/1.1" 206 8575 "-" "Mozilla/5.0 (X11; U; Linux x86_64; en-US) AppleWebKit/533.2 (KHTML, like Gecko) Chrome/5.0.342.1 Safari/533.2"
188.165.234.68 - - [14/Sep/2016:06:32:15 -0400] "GET /investment-planning.html HTTP/1.1" 206 13370 "-" "Mozilla/5.0 (X11; U; Linux x86_64; en-US) AppleWebKit/533.2 (KHTML, like Gecko) Chrome/5.0.342.1 Safari/533.2"
188.165.234.68 - - [14/Sep/2016:06:32:17 -0400] "GET /portfolio-management.html HTTP/1.1" 206 11478 "-" "Mozilla/5.0 (X11; U; Linux x86_64; en-US) AppleWebKit/533.2 (KHTML, like Gecko) Chrome/5.0.342.1 Safari/533.2"
188.165.234.68 - - [14/Sep/2016:06:32:19 -0400] "GET /experience.html HTTP/1.1" 206 14928 "-" "Mozilla/5.0 (X11; U; Linux x86_64; en-US) AppleWebKit/533.2 (KHTML, like Gecko) Chrome/5.0.342.1 Safari/533.2"
188.165.234.68 - - [14/Sep/2016:06:32:22 -0400] "GET /about.html HTTP/1.1" 206 9882 "-" "Mozilla/5.0 (X11; U; Linux x86_64; en-US) AppleWebKit/533.2 (KHTML, like Gecko) Chrome/5.0.342.1 Safari/533.2"
188.165.234.68 - - [14/Sep/2016:06:32:24 -0400] "GET /disclaimer.html HTTP/1.1" 206 12258 "-" "Mozilla/5.0 (X11; U; Linux x86_64; en-US) AppleWebKit/533.2 (KHTML, like Gecko) Chrome/5.0.342.1 Safari/533.2"
188.165.234.68 - - [14/Sep/2016:06:32:26 -0400] "GET /sitemap.html HTTP/1.1" 206 7828 "-" "Mozilla/5.0 (X11; U; Linux x86_64; en-US) AppleWebKit/533.2 (KHTML, like Gecko) Chrome/5.0.342.1 Safari/533.2"
188.165.234.68 - - [14/Sep/2016:06:32:28 -0400] "GET /index.html HTTP/1.1" 206 8575 "-" "Mozilla/5.0 (X11; U; Linux x86_64; en-US) AppleWebKit/533.2 (KHTML, like Gecko) Chrome/5.0.342.1 Safari/533.2"
188.165.234.68 - - [14/Sep/2016:06:32:30 -0400] "GET /financial-planning.html HTTP/1.1" 206 9111 "-" "Mozilla/5.0 (X11; U; Linux x86_64; en-US) AppleWebKit/533.2 (KHTML, like Gecko) Chrome/5.0.342.1 Safari/533.2"
188.165.234.68 - - [14/Sep/2016:06:32:32 -0400] "GET /contact.html HTTP/1.1" 206 9123 "-" "Mozilla/5.0 (X11; U; Linux x86_64; en-US) AppleWebKit/533.2 (KHTML, like Gecko) Chrome/5.0.342.1 Safari/533.2"
188.165.234.68 - - [14/Sep/2016:06:32:34 -0400] "GET /andrew.html HTTP/1.1" 206 7591 "-" "Mozilla/5.0 (X11; U; Linux x86_64; en-US) AppleWebKit/533.2 (KHTML, like Gecko) Chrome/5.0.342.1 Safari/533.2"
188.165.234.68 - - [14/Sep/2016:06:32:36 -0400] "GET /experience.php?q=null&page=employment HTTP/1.1" 404 3619 "-" "Mozilla/5.0 (X11; U; Linux x86_64; en-US) AppleWebKit/533.2 (KHTML, like Gecko) Chrome/5.0.342.1 Safari/533.2"
188.165.234.68 - - [14/Sep/2016:06:32:37 -0400] "GET /experience.php?q=null&page=qualifications HTTP/1.1" 404 3619 "-" "Mozilla/5.0 (X11; U; Linux x86_64; en-US) AppleWebKit/533.2 (KHTML, like Gecko) Chrome/5.0.342.1 Safari/533.2"
188.165.234.68 - - [14/Sep/2016:06:32:37 -0400] "GET /experience.php?q=morgan&page=employment HTTP/1.1" 404 3619 "-" "Mozilla/5.0 (X11; U; Linux x86_64; en-US) AppleWebKit/533.2 (KHTML, like Gecko) Chrome/5.0.342.1 Safari/533.2"
188.165.234.68 - - [14/Sep/2016:06:32:37 -0400] "GET /experience.php?q=fidelity&page=employment HTTP/1.1" 404 3619 "-" "Mozilla/5.0 (X11; U; Linux x86_64; en-US) AppleWebKit/533.2 (KHTML, like Gecko) Chrome/5.0.342.1 Safari/533.2"
188.165.234.68 - - [14/Sep/2016:06:32:37 -0400] "GET /experience.php?q=prudential&page=employment HTTP/1.1" 404 3619 "-" "Mozilla/5.0 (X11; U; Linux x86_64; en-US) AppleWebKit/533.2 (KHTML, like Gecko) Chrome/5.0.342.1 Safari/533.2"
188.165.234.68 - - [14/Sep/2016:06:32:37 -0400] "GET /experience.php?q=wachovia&page=employment HTTP/1.1" 404 3619 "-" "Mozilla/5.0 (X11; U; Linux x86_64; en-US) AppleWebKit/533.2 (KHTML, like Gecko) Chrome/5.0.342.1 Safari/533.2"
188.165.234.68 - - [14/Sep/2016:06:32:37 -0400] "GET /retirement-planning.html HTTP/1.1" 404 3619 "-" "Mozilla/5.0 (X11; U; Linux x86_64; en-US) AppleWebKit/533.2 (KHTML, like Gecko) Chrome/5.0.342.1 Safari/533.2"
188.165.234.68 - - [14/Sep/2016:06:32:37 -0400] "GET /capneed/index.html HTTP/1.1" 404 3619 "-" "Mozilla/5.0 (X11; U; Linux x86_64; en-US) AppleWebKit/533.2 (KHTML, like Gecko) Chrome/5.0.342.1 Safari/533.2"
188.165.234.68 - - [14/Sep/2016:06:32:37 -0400] "GET /capneed/explanation.html HTTP/1.1" 404 3619 "-" "Mozilla/5.0 (X11; U; Linux x86_64; en-US) AppleWebKit/533.2 (KHTML, like Gecko) Chrome/5.0.342.1 Safari/533.2"
188.165.234.68 - - [14/Sep/2016:06:32:38 -0400] "GET /recalci/index.php HTTP/1.1" 200 43105 "-" "Mozilla/5.0 (X11; U; Linux x86_64; en-US) AppleWebKit/533.2 (KHTML, like Gecko) Chrome/5.0.342.1 Safari/533.2"
188.165.234.68 - - [14/Sep/2016:06:32:40 -0400] "GET /capneedi/index.php HTTP/1.1" 200 27165 "-" "Mozilla/5.0 (X11; U; Linux x86_64; en-US) AppleWebKit/533.2 (KHTML, like Gecko) Chrome/5.0.342.1 Safari/533.2"
188.165.234.68 - - [14/Sep/2016:06:32:42 -0400] "GET /Asset Allocation and Portfolio Rebalancing.htm HTTP/1.1" 404 3619 "-" "Mozilla/5.0 (X11; U; Linux x86_64; en-US) AppleWebKit/533.2 (KHTML, like Gecko) Chrome/5.0.342.1 Safari/533.2"
188.165.234.68 - - [14/Sep/2016:06:32:42 -0400] "GET /king-lear-quote.html HTTP/1.1" 206 2143 "-" "Mozilla/5.0 (X11; U; Linux x86_64; en-US) AppleWebKit/533.2 (KHTML, like Gecko) Chrome/5.0.342.1 Safari/533.2"
188.165.234.68 - - [14/Sep/2016:06:32:44 -0400] "GET /\">Risk Management</a> section offers an informative look at how to go about protecting your family and your assets. </p></div><div id= HTTP/1.1" 404 3619 "-" "Mozilla/5.0 (X11; U; Linux x86_64; en-US) AppleWebKit/533.2 (KHTML, like Gecko) Chrome/5.0.342.1 Safari/533.2"
178.63.86.11 - - [14/Sep/2016:06:34:58 -0400] "GET /robots.txt HTTP/1.0" 200 198 "-" "Mozilla/5.0 (compatible; MJ12bot/v1.4.5; http://www.majestic12.co.uk/bot.php?+)"
178.63.86.11 - - [14/Sep/2016:06:35:00 -0400] "GET /experience.php?q=fidelity&page=employment HTTP/1.0" 404 3619 "-" "Mozilla/5.0 (compatible; MJ12bot/v1.4.5; http://www.majestic12.co.uk/bot.php?+)"
178.63.86.11 - - [14/Sep/2016:06:35:02 -0400] "GET /experience.php?q=morgan&page=employment HTTP/1.0" 404 3619 "-" "Mozilla/5.0 (compatible; MJ12bot/v1.4.5; http://www.majestic12.co.uk/bot.php?+)"
178.63.86.11 - - [14/Sep/2016:06:35:03 -0400] "GET /experience.php?q=null&page=employment HTTP/1.0" 404 3619 "-" "Mozilla/5.0 (compatible; MJ12bot/v1.4.5; http://www.majestic12.co.uk/bot.php?+)"
178.63.86.11 - - [14/Sep/2016:06:35:05 -0400] "GET /experience.php?q=null&page=qualifications HTTP/1.0" 404 3619 "-" "Mozilla/5.0 (compatible; MJ12bot/v1.4.5; http://www.majestic12.co.uk/bot.php?+)"
178.63.86.11 - - [14/Sep/2016:06:35:07 -0400] "GET /experience.php?q=wachovia&page=employment HTTP/1.0" 404 3619 "-" "Mozilla/5.0 (compatible; MJ12bot/v1.4.5; http://www.majestic12.co.uk/bot.php?+)"
178.63.86.11 - - [14/Sep/2016:06:35:09 -0400] "GET /financialplanning.html HTTP/1.0" 404 3619 "-" "Mozilla/5.0 (compatible; MJ12bot/v1.4.5; http://www.majestic12.co.uk/bot.php?+)"
178.63.86.11 - - [14/Sep/2016:06:35:10 -0400] "GET /recalci/recalci.htm HTTP/1.0" 200 42937 "-" "Mozilla/5.0 (compatible; MJ12bot/v1.4.5; http://www.majestic12.co.uk/bot.php?+)"
178.63.86.11 - - [14/Sep/2016:06:35:12 -0400] "GET /retirement-planningX.html HTTP/1.0" 200 12722 "-" "Mozilla/5.0 (compatible; MJ12bot/v1.4.5; http://www.majestic12.co.uk/bot.php?+)"
207.46.13.74 - - [14/Sep/2016:06:48:25 -0400] "GET /awstats/1311/awstats.996498.1311.keywords.html HTTP/1.1" 401 603 "-" "Mozilla/5.0 (compatible; bingbot/2.0; +http://www.bing.com/bingbot.htm)"
104.168.146.108 - - [14/Sep/2016:07:12:38 -0400] "GET //templates/beez/index.php HTTP/1.1" 404 3619 "-" "-"
180.76.15.11 - - [14/Sep/2016:07:29:04 -0400] "GET /main.css HTTP/1.1" 200 3884 "-" "Mozilla/5.0 (compatible; Baiduspider/2.0; +http://www.baidu.com/search/spider.html)"
180.76.15.151 - - [14/Sep/2016:07:28:44 -0400] "GET / HTTP/1.1" 200 8575 "-" "Mozilla/5.0 (compatible; Baiduspider/2.0; +http://www.baidu.com/search/spider.html)"
67.215.253.224 - - [14/Sep/2016:07:33:34 -0400] "GET / HTTP/1.1" 200 8575 "-" "Mozilla/5.0 (Windows; U; Windows NT 5.1; en-GB; rv:1.8.1.1) Gecko/20061204 Firefox/2.0.0.1"
79.119.185.168 - - [14/Sep/2016:07:50:49 -0400] "GET /wp-login.php HTTP/1.1" 404 3619 "-" "Mozilla/5.0 (Windows NT 6.1; WOW64; rv:40.0) Gecko/20100101 Firefox/40.1"
79.119.185.168 - - [14/Sep/2016:07:50:49 -0400] "GET / HTTP/1.1" 200 8575 "-" "Mozilla/5.0 (Windows NT 6.1; WOW64; rv:40.0) Gecko/20100101 Firefox/40.1"
164.132.161.40 - - [14/Sep/2016:08:03:29 -0400] "GET /awstats/1212/awstats.996498.1212.keyphrases.html HTTP/1.1" 401 603 "-" "Mozilla/5.0 (compatible; AhrefsBot/5.1; +http://ahrefs.com/robot/)"
131.253.38.67 - - [14/Sep/2016:08:16:41 -0400] "GET /BingSiteAuth.xml HTTP/1.1" 200 85 "-" "Mozilla/5.0 (Windows NT 10.0; Win64; x64) AppleWebKit/537.36 (KHTML, like Gecko) Chrome/42.0.2311.135 Safari/537.36 Edge/12.246"
163.172.66.61 - - [14/Sep/2016:08:34:08 -0400] "GET /financial-planningX.html HTTP/1.1" 200 9298 "-" "Mozilla/5.0 (compatible; AhrefsBot/5.1; +http://ahrefs.com/robot/)"
67.215.253.224 - - [14/Sep/2016:08:35:26 -0400] "GET / HTTP/1.1" 200 8575 "-" "Mozilla/5.0 (Windows; U; Windows NT 5.1; en-GB; rv:1.8.1.1) Gecko/20061204 Firefox/2.0.0.1"
207.46.13.74 - - [14/Sep/2016:09:02:45 -0400] "GET /portfolio-rebalance/portfolio-rebalance.htm HTTP/1.1" 200 61403 "-" "Mozilla/5.0 (compatible; bingbot/2.0; +http://www.bing.com/bingbot.htm)"
180.76.15.151 - - [14/Sep/2016:09:12:18 -0400] "GET / HTTP/1.1" 200 8575 "-" "Mozilla/5.0 (compatible; Baiduspider/2.0; +http://www.baidu.com/search/spider.html)"
51.255.65.30 - - [14/Sep/2016:09:17:16 -0400] "GET /awstats/1308/awstats.996498.1308.session.html HTTP/1.1" 401 603 "-" "Mozilla/5.0 (compatible; AhrefsBot/5.1; +http://ahrefs.com/robot/)"
204.79.180.82 - - [14/Sep/2016:09:20:39 -0400] "GET /recalci/index.php HTTP/1.1" 200 7552 "-" "Mozilla/5.0 (compatible; MSIE 9.0; Windows NT 6.1; Trident/5.0;  Trident/5.0)"
67.215.253.224 - - [14/Sep/2016:09:34:32 -0400] "GET / HTTP/1.1" 200 8575 "-" "Mozilla/5.0 (Windows; U; Windows NT 5.1; en-GB; rv:1.8.1.1) Gecko/20061204 Firefox/2.0.0.1"
105.225.173.44 - - [14/Sep/2016:10:15:41 -0400] "GET /capneed/ HTTP/1.1" 200 38755 "https://www.google.co.za/" "Mozilla/5.0 (iPhone; CPU iPhone OS 9_3_5 like Mac OS X) AppleWebKit/601.1.46 (KHTML, like Gecko) Version/9.0 Mobile/13G36 Safari/601.1"
67.215.253.224 - - [14/Sep/2016:10:32:58 -0400] "GET / HTTP/1.1" 200 8575 "-" "Mozilla/5.0 (Windows; U; Windows NT 5.1; en-GB; rv:1.8.1.1) Gecko/20061204 Firefox/2.0.0.1"
83.37.191.251 - - [14/Sep/2016:10:35:10 -0400] "GET / HTTP/1.1" 200 8575 "http://1-99seo.com/try.php?u=http://georgefisheradvisors.com" "Mozilla/5.0 (Windows NT 6.1; WOW64) AppleWebKit/537.36 (KHTML, like Gecko) Chrome/35.0.1916.153 Safari/537.36"
83.37.191.251 - - [14/Sep/2016:10:35:10 -0400] "GET /main.css HTTP/1.1" 200 3884 "http://georgefisheradvisors.com/" "Mozilla/5.0 (Windows NT 6.1; WOW64) AppleWebKit/537.36 (KHTML, like Gecko) Chrome/35.0.1916.153 Safari/537.36"
83.37.191.251 - - [14/Sep/2016:10:35:10 -0400] "GET /graphics/bg.png HTTP/1.1" 200 145 "http://georgefisheradvisors.com/" "Mozilla/5.0 (Windows NT 6.1; WOW64) AppleWebKit/537.36 (KHTML, like Gecko) Chrome/35.0.1916.153 Safari/537.36"
83.37.191.251 - - [14/Sep/2016:10:35:10 -0400] "GET /graphics/bg-container-vertical.png HTTP/1.1" 200 204 "http://georgefisheradvisors.com/" "Mozilla/5.0 (Windows NT 6.1; WOW64) AppleWebKit/537.36 (KHTML, like Gecko) Chrome/35.0.1916.153 Safari/537.36"
83.37.191.251 - - [14/Sep/2016:10:35:10 -0400] "GET /graphics/header.png HTTP/1.1" 200 3053 "http://georgefisheradvisors.com/" "Mozilla/5.0 (Windows NT 6.1; WOW64) AppleWebKit/537.36 (KHTML, like Gecko) Chrome/35.0.1916.153 Safari/537.36"
83.37.191.251 - - [14/Sep/2016:10:35:10 -0400] "GET /graphics/sprite.png HTTP/1.1" 200 46436 "http://georgefisheradvisors.com/" "Mozilla/5.0 (Windows NT 6.1; WOW64) AppleWebKit/537.36 (KHTML, like Gecko) Chrome/35.0.1916.153 Safari/537.36"
83.37.191.251 - - [14/Sep/2016:10:35:10 -0400] "GET /menu/portfolio-management.jpg HTTP/1.1" 200 26215 "http://georgefisheradvisors.com/" "Mozilla/5.0 (Windows NT 6.1; WOW64) AppleWebKit/537.36 (KHTML, like Gecko) Chrome/35.0.1916.153 Safari/537.36"
83.37.191.251 - - [14/Sep/2016:10:35:10 -0400] "GET /menu/financial-planning.jpg HTTP/1.1" 200 25214 "http://georgefisheradvisors.com/" "Mozilla/5.0 (Windows NT 6.1; WOW64) AppleWebKit/537.36 (KHTML, like Gecko) Chrome/35.0.1916.153 Safari/537.36"
83.37.191.251 - - [14/Sep/2016:10:35:10 -0400] "GET /menu/investment-planning.jpg HTTP/1.1" 200 27346 "http://georgefisheradvisors.com/" "Mozilla/5.0 (Windows NT 6.1; WOW64) AppleWebKit/537.36 (KHTML, like Gecko) Chrome/35.0.1916.153 Safari/537.36"
83.37.191.251 - - [14/Sep/2016:10:35:10 -0400] "GET /menu/experience.jpg HTTP/1.1" 200 25952 "http://georgefisheradvisors.com/" "Mozilla/5.0 (Windows NT 6.1; WOW64) AppleWebKit/537.36 (KHTML, like Gecko) Chrome/35.0.1916.153 Safari/537.36"
83.37.191.251 - - [14/Sep/2016:10:35:10 -0400] "GET /menu/about.jpg HTTP/1.1" 200 23574 "http://georgefisheradvisors.com/" "Mozilla/5.0 (Windows NT 6.1; WOW64) AppleWebKit/537.36 (KHTML, like Gecko) Chrome/35.0.1916.153 Safari/537.36"
83.37.191.251 - - [14/Sep/2016:10:35:11 -0400] "GET /menu/contact.jpg HTTP/1.1" 200 27491 "http://georgefisheradvisors.com/" "Mozilla/5.0 (Windows NT 6.1; WOW64) AppleWebKit/537.36 (KHTML, like Gecko) Chrome/35.0.1916.153 Safari/537.36"
83.37.191.251 - - [14/Sep/2016:10:35:11 -0400] "GET /graphics/throbber.gif HTTP/1.1" 200 1737 "http://georgefisheradvisors.com/" "Mozilla/5.0 (Windows NT 6.1; WOW64) AppleWebKit/537.36 (KHTML, like Gecko) Chrome/35.0.1916.153 Safari/537.36"
67.185.154.245 - - [14/Sep/2016:11:00:44 -0400] "GET /capneed/ HTTP/1.1" 200 38755 "https://www.google.com/" "Mozilla/5.0 (Macintosh; Intel Mac OS X 10_11_5) AppleWebKit/601.6.17 (KHTML, like Gecko) Version/9.1.1 Safari/601.6.17"
67.185.154.245 - - [14/Sep/2016:11:00:46 -0400] "GET /favicon.ico HTTP/1.1" 200 1150 "http://www.georgefisheradvisors.com/capneed/" "Mozilla/5.0 (Macintosh; Intel Mac OS X 10_11_5) AppleWebKit/601.6.17 (KHTML, like Gecko) Version/9.1.1 Safari/601.6.17"
107.77.90.54 - - [14/Sep/2016:11:22:14 -0400] "GET /recalci/index.php HTTP/1.1" 200 7552 "-" "Mozilla/5.0 (iPhone; CPU iPhone OS 10_0_1 like Mac OS X) AppleWebKit/602.1.50 (KHTML, like Gecko) Version/10.0 Mobile/14A403 Safari/602.1"
107.77.90.54 - - [14/Sep/2016:11:22:15 -0400] "GET /apple-touch-icon-120x120-precomposed.png HTTP/1.1" 404 3619 "-" "MobileSafari/602.1 CFNetwork/808.0.2 Darwin/16.0.0"
107.77.90.54 - - [14/Sep/2016:11:22:15 -0400] "GET /apple-touch-icon-120x120.png HTTP/1.1" 404 3619 "-" "MobileSafari/602.1 CFNetwork/808.0.2 Darwin/16.0.0"
107.77.90.54 - - [14/Sep/2016:11:22:15 -0400] "GET /recalci/apple-touch-icon.png HTTP/1.1" 200 1398 "-" "MobileSafari/602.1 CFNetwork/808.0.2 Darwin/16.0.0"
46.4.116.197 - - [14/Sep/2016:11:27:36 -0400] "GET /robots.txt HTTP/1.0" 200 198 "-" "Mozilla/5.0 (compatible; MJ12bot/v1.4.5; http://www.majestic12.co.uk/bot.php?+)"
46.4.116.197 - - [14/Sep/2016:11:27:38 -0400] "GET /experience.html HTTP/1.0" 200 14928 "-" "Mozilla/5.0 (compatible; MJ12bot/v1.4.5; http://www.majestic12.co.uk/bot.php?+)"
46.4.116.197 - - [14/Sep/2016:11:27:39 -0400] "GET /robots.txt HTTP/1.0" 200 198 "-" "Mozilla/5.0 (compatible; MJ12bot/v1.4.5; http://www.majestic12.co.uk/bot.php?+)"
46.4.116.197 - - [14/Sep/2016:11:27:40 -0400] "GET /disclaimer.html HTTP/1.0" 200 12258 "-" "Mozilla/5.0 (compatible; MJ12bot/v1.4.5; http://www.majestic12.co.uk/bot.php?+)"
46.4.116.197 - - [14/Sep/2016:11:27:41 -0400] "GET /robots.txt HTTP/1.0" 200 198 "-" "Mozilla/5.0 (compatible; MJ12bot/v1.4.5; http://www.majestic12.co.uk/bot.php?+)"
46.4.116.197 - - [14/Sep/2016:11:27:42 -0400] "GET /experience.html HTTP/1.0" 200 14928 "-" "Mozilla/5.0 (compatible; MJ12bot/v1.4.5; http://www.majestic12.co.uk/bot.php?+)"
46.4.116.197 - - [14/Sep/2016:11:27:43 -0400] "GET /about.html HTTP/1.0" 200 9882 "-" "Mozilla/5.0 (compatible; MJ12bot/v1.4.5; http://www.majestic12.co.uk/bot.php?+)"
46.4.116.197 - - [14/Sep/2016:11:27:43 -0400] "GET /financial-planning.html HTTP/1.0" 200 9111 "-" "Mozilla/5.0 (compatible; MJ12bot/v1.4.5; http://www.majestic12.co.uk/bot.php?+)"
46.4.116.197 - - [14/Sep/2016:11:27:44 -0400] "GET /experience.php?q=wachovia&page=employment HTTP/1.0" 404 3619 "-" "Mozilla/5.0 (compatible; MJ12bot/v1.4.5; http://www.majestic12.co.uk/bot.php?+)"
46.4.116.197 - - [14/Sep/2016:11:27:45 -0400] "GET /index.html HTTP/1.0" 200 8575 "-" "Mozilla/5.0 (compatible; MJ12bot/v1.4.5; http://www.majestic12.co.uk/bot.php?+)"
46.4.116.197 - - [14/Sep/2016:11:27:46 -0400] "GET /financial-planning.html HTTP/1.0" 200 9111 "-" "Mozilla/5.0 (compatible; MJ12bot/v1.4.5; http://www.majestic12.co.uk/bot.php?+)"
46.4.116.197 - - [14/Sep/2016:11:27:48 -0400] "GET /portfolio-management.html HTTP/1.0" 200 11478 "-" "Mozilla/5.0 (compatible; MJ12bot/v1.4.5; http://www.majestic12.co.uk/bot.php?+)"
46.4.116.197 - - [14/Sep/2016:11:27:50 -0400] "GET /sitemap.html HTTP/1.0" 200 7828 "-" "Mozilla/5.0 (compatible; MJ12bot/v1.4.5; http://www.majestic12.co.uk/bot.php?+)"
51.255.65.45 - - [14/Sep/2016:11:42:51 -0400] "GET /awstats/1304/awstats.996498.1304.urlentry.html HTTP/1.1" 401 603 "-" "Mozilla/5.0 (compatible; AhrefsBot/5.1; +http://ahrefs.com/robot/)"
163.172.66.183 - - [14/Sep/2016:12:34:50 -0400] "GET /awstats/1308/awstats.996498.1308.lasthosts.html HTTP/1.1" 401 603 "-" "Mozilla/5.0 (compatible; AhrefsBot/5.1; +http://ahrefs.com/robot/)"
202.46.58.56 - - [14/Sep/2016:12:40:05 -0400] "GET /capneedi/index.php HTTP/1.1" 200 5802 "-" "Mozilla/5.0 (Windows NT 10.0; WOW64) AppleWebKit/537.36 (KHTML, like Gecko) Chrome/45.0.2454.93 Safari/537.36"
202.46.55.12 - - [14/Sep/2016:12:40:06 -0400] "GET /capneedi/ HTTP/1.1" 200 5802 "-" "Mozilla/5.0 (Windows NT 10.0; WOW64) AppleWebKit/537.36 (KHTML, like Gecko) Chrome/45.0.2454.93 Safari/537.36"
163.172.65.205 - - [14/Sep/2016:12:46:32 -0400] "GET /awstats/1304/awstats.996498.1304.unknownip.html HTTP/1.1" 401 603 "-" "Mozilla/5.0 (compatible; AhrefsBot/5.1; +http://ahrefs.com/robot/)"
163.172.65.250 - - [14/Sep/2016:12:51:52 -0400] "GET /awstats/1305/awstats.996498.1305.html HTTP/1.1" 401 603 "-" "Mozilla/5.0 (compatible; AhrefsBot/5.1; +http://ahrefs.com/robot/)"
109.51.65.111 - - [14/Sep/2016:12:59:23 -0400] "GET / HTTP/1.1" 200 8575 "http://1-99seo.com/try.php?u=http://georgefisheradvisors.com" "Mozilla/5.0 (Windows NT 6.1; WOW64) AppleWebKit/537.36 (KHTML, like Gecko) Chrome/35.0.1916.153 Safari/537.36"
109.51.65.111 - - [14/Sep/2016:12:59:24 -0400] "GET /main.css HTTP/1.1" 200 3884 "http://georgefisheradvisors.com/" "Mozilla/5.0 (Windows NT 6.1; WOW64) AppleWebKit/537.36 (KHTML, like Gecko) Chrome/35.0.1916.153 Safari/537.36"
109.51.65.111 - - [14/Sep/2016:12:59:24 -0400] "GET /graphics/bg.png HTTP/1.1" 200 145 "http://georgefisheradvisors.com/" "Mozilla/5.0 (Windows NT 6.1; WOW64) AppleWebKit/537.36 (KHTML, like Gecko) Chrome/35.0.1916.153 Safari/537.36"
109.51.65.111 - - [14/Sep/2016:12:59:24 -0400] "GET /graphics/bg-container-vertical.png HTTP/1.1" 200 204 "http://georgefisheradvisors.com/" "Mozilla/5.0 (Windows NT 6.1; WOW64) AppleWebKit/537.36 (KHTML, like Gecko) Chrome/35.0.1916.153 Safari/537.36"
109.51.65.111 - - [14/Sep/2016:12:59:24 -0400] "GET /graphics/header.png HTTP/1.1" 200 3053 "http://georgefisheradvisors.com/" "Mozilla/5.0 (Windows NT 6.1; WOW64) AppleWebKit/537.36 (KHTML, like Gecko) Chrome/35.0.1916.153 Safari/537.36"
109.51.65.111 - - [14/Sep/2016:12:59:24 -0400] "GET /menu/financial-planning.jpg HTTP/1.1" 200 25214 "http://georgefisheradvisors.com/" "Mozilla/5.0 (Windows NT 6.1; WOW64) AppleWebKit/537.36 (KHTML, like Gecko) Chrome/35.0.1916.153 Safari/537.36"
109.51.65.111 - - [14/Sep/2016:12:59:24 -0400] "GET /menu/investment-planning.jpg HTTP/1.1" 200 27346 "http://georgefisheradvisors.com/" "Mozilla/5.0 (Windows NT 6.1; WOW64) AppleWebKit/537.36 (KHTML, like Gecko) Chrome/35.0.1916.153 Safari/537.36"
109.51.65.111 - - [14/Sep/2016:12:59:24 -0400] "GET /graphics/sprite.png HTTP/1.1" 200 46436 "http://georgefisheradvisors.com/" "Mozilla/5.0 (Windows NT 6.1; WOW64) AppleWebKit/537.36 (KHTML, like Gecko) Chrome/35.0.1916.153 Safari/537.36"
109.51.65.111 - - [14/Sep/2016:12:59:24 -0400] "GET /menu/portfolio-management.jpg HTTP/1.1" 200 26215 "http://georgefisheradvisors.com/" "Mozilla/5.0 (Windows NT 6.1; WOW64) AppleWebKit/537.36 (KHTML, like Gecko) Chrome/35.0.1916.153 Safari/537.36"
109.51.65.111 - - [14/Sep/2016:12:59:25 -0400] "GET /menu/experience.jpg HTTP/1.1" 200 25952 "http://georgefisheradvisors.com/" "Mozilla/5.0 (Windows NT 6.1; WOW64) AppleWebKit/537.36 (KHTML, like Gecko) Chrome/35.0.1916.153 Safari/537.36"
109.51.65.111 - - [14/Sep/2016:12:59:25 -0400] "GET /menu/about.jpg HTTP/1.1" 200 23574 "http://georgefisheradvisors.com/" "Mozilla/5.0 (Windows NT 6.1; WOW64) AppleWebKit/537.36 (KHTML, like Gecko) Chrome/35.0.1916.153 Safari/537.36"
109.51.65.111 - - [14/Sep/2016:12:59:25 -0400] "GET /menu/contact.jpg HTTP/1.1" 200 27491 "http://georgefisheradvisors.com/" "Mozilla/5.0 (Windows NT 6.1; WOW64) AppleWebKit/537.36 (KHTML, like Gecko) Chrome/35.0.1916.153 Safari/537.36"
109.51.65.111 - - [14/Sep/2016:12:59:25 -0400] "GET /graphics/throbber.gif HTTP/1.1" 200 1737 "http://georgefisheradvisors.com/" "Mozilla/5.0 (Windows NT 6.1; WOW64) AppleWebKit/537.36 (KHTML, like Gecko) Chrome/35.0.1916.153 Safari/537.36"
51.255.65.26 - - [14/Sep/2016:13:02:24 -0400] "GET /awstats/1309/awstats.996498.1309.keyphrases.html HTTP/1.1" 401 603 "-" "Mozilla/5.0 (compatible; AhrefsBot/5.1; +http://ahrefs.com/robot/)"
46.119.112.23 - - [14/Sep/2016:13:14:01 -0400] "GET /robots.txt HTTP/1.1" 200 198 "-" "Mozilla/5.0 (Windows NT 10.0; WOW64) AppleWebKit/537.36 (KHTML, like Gecko) Chrome/49.0.2623.75 Safari/537.36 OPR/36.0.2130.32"
46.119.112.23 - - [14/Sep/2016:13:14:01 -0400] "GET / HTTP/1.1" 200 8575 "-" "Mozilla/5.0 (Windows NT 10.0; WOW64) AppleWebKit/537.36 (KHTML, like Gecko) Chrome/49.0.2623.75 Safari/537.36 OPR/36.0.2130.32"
46.119.112.23 - - [14/Sep/2016:13:14:01 -0400] "GET /xmlrpc.php?rsd HTTP/1.1" 404 3619 "-" "Mozilla/5.0 (Windows NT 10.0; WOW64) AppleWebKit/537.36 (KHTML, like Gecko) Chrome/49.0.2623.75 Safari/537.36 OPR/36.0.2130.32"
46.119.112.23 - - [14/Sep/2016:13:14:01 -0400] "GET /blog/robots.txt HTTP/1.1" 404 3619 "-" "Mozilla/5.0 (Windows NT 10.0; WOW64) AppleWebKit/537.36 (KHTML, like Gecko) Chrome/49.0.2623.75 Safari/537.36 OPR/36.0.2130.32"
46.119.112.23 - - [14/Sep/2016:13:14:01 -0400] "GET /blog/ HTTP/1.1" 404 3619 "-" "Mozilla/5.0 (Windows NT 10.0; WOW64) AppleWebKit/537.36 (KHTML, like Gecko) Chrome/49.0.2623.75 Safari/537.36 OPR/36.0.2130.32"
46.119.112.23 - - [14/Sep/2016:13:14:02 -0400] "GET /wordpress/ HTTP/1.1" 404 3619 "-" "Mozilla/5.0 (Windows NT 10.0; WOW64) AppleWebKit/537.36 (KHTML, like Gecko) Chrome/49.0.2623.75 Safari/537.36 OPR/36.0.2130.32"
46.119.112.23 - - [14/Sep/2016:13:14:02 -0400] "GET /wp/ HTTP/1.1" 404 3619 "-" "Mozilla/5.0 (Windows NT 10.0; WOW64) AppleWebKit/537.36 (KHTML, like Gecko) Chrome/49.0.2623.75 Safari/537.36 OPR/36.0.2130.32"
66.249.88.17 - - [14/Sep/2016:13:26:28 -0400] "GET / HTTP/1.1" 200 8575 "-" "Mozilla/5.0 (X11; Linux x86_64) AppleWebKit/537.36 (KHTML, like Gecko) Chrome/49.0.2623.75 Safari/537.36 Google Favicon"
66.249.88.17 - - [14/Sep/2016:13:26:28 -0400] "GET /favicon.ico HTTP/1.1" 200 1150 "-" "Mozilla/5.0 (X11; Linux x86_64) AppleWebKit/537.36 (KHTML, like Gecko) Chrome/49.0.2623.75 Safari/537.36 Google Favicon"
67.215.253.224 - - [14/Sep/2016:13:35:31 -0400] "GET / HTTP/1.1" 200 8575 "-" "Mozilla/5.0 (Windows; U; Windows NT 5.1; en-GB; rv:1.8.1.1) Gecko/20061204 Firefox/2.0.0.1"
163.172.65.240 - - [14/Sep/2016:14:11:58 -0400] "GET /awstats/1301/awstats.996498.1301.unknownbrowser.html HTTP/1.1" 401 603 "-" "Mozilla/5.0 (compatible; AhrefsBot/5.1; +http://ahrefs.com/robot/)"
67.215.253.224 - - [14/Sep/2016:14:28:31 -0400] "GET / HTTP/1.1" 200 8575 "-" "Mozilla/5.0 (Windows; U; Windows NT 5.1; en-GB; rv:1.8.1.1) Gecko/20061204 Firefox/2.0.0.1"
216.244.66.244 - - [14/Sep/2016:14:31:40 -0400] "GET /robots.txt HTTP/1.1" 200 198 "-" "Mozilla/5.0 (compatible; DotBot/1.1; http://www.opensiteexplorer.org/dotbot, help@moz.com)"
216.244.66.244 - - [14/Sep/2016:14:36:01 -0400] "GET /robots.txt HTTP/1.1" 200 198 "-" "Mozilla/5.0 (compatible; DotBot/1.1; http://www.opensiteexplorer.org/dotbot, help@moz.com)"
202.46.51.173 - - [14/Sep/2016:14:38:40 -0400] "GET /recalci/ HTTP/1.1" 200 7552 "-" "Mozilla/5.0 (Windows NT 10.0; WOW64) AppleWebKit/537.36 (KHTML, like Gecko) Chrome/45.0.2454.93 Safari/537.36"
163.172.65.37 - - [14/Sep/2016:15:27:07 -0400] "GET /contact.html HTTP/1.1" 200 9123 "-" "Mozilla/5.0 (compatible; AhrefsBot/5.1; +http://ahrefs.com/robot/)"
69.175.67.58 - - [14/Sep/2016:15:28:57 -0400] "GET / HTTP/1.1" 200 8575 "-" "SiteLockSpider [en] (WinNT; I ;Nav)"
163.172.66.93 - - [14/Sep/2016:15:29:38 -0400] "GET /awstats/1212/awstats.996498.1212.lastrobots.html HTTP/1.1" 401 603 "-" "Mozilla/5.0 (compatible; AhrefsBot/5.1; +http://ahrefs.com/robot/)"
46.229.170.197 - - [14/Sep/2016:15:29:57 -0400] "GET / HTTP/1.1" 200 8575 "-" "Mozilla/5.0 (Windows NT 6.1; rv:2.0b10) Gecko/20110126 Firefox/4.0b10"
67.215.253.224 - - [14/Sep/2016:15:31:57 -0400] "GET / HTTP/1.1" 200 8575 "-" "Mozilla/5.0 (Windows; U; Windows NT 5.1; en-GB; rv:1.8.1.1) Gecko/20061204 Firefox/2.0.0.1"
73.96.105.90 - - [14/Sep/2016:15:43:23 -0400] "GET /capneed/ HTTP/1.1" 200 38755 "-" "Mozilla/5.0 (Macintosh; Intel Mac OS X 10_11_6) AppleWebKit/601.7.8 (KHTML, like Gecko)"
207.46.13.74 - - [14/Sep/2016:16:02:23 -0400] "GET /robots.txt HTTP/1.1" 200 198 "-" "Mozilla/5.0 (compatible; bingbot/2.0; +http://www.bing.com/bingbot.htm)"
51.255.65.33 - - [14/Sep/2016:16:04:55 -0400] "GET /portfolio-management.html HTTP/1.1" 200 11478 "-" "Mozilla/5.0 (compatible; AhrefsBot/5.1; +http://ahrefs.com/robot/)"
51.255.65.64 - - [14/Sep/2016:16:12:10 -0400] "GET /disclaimer.html HTTP/1.1" 200 12258 "-" "Mozilla/5.0 (compatible; AhrefsBot/5.1; +http://ahrefs.com/robot/)"
73.227.127.177 - - [14/Sep/2016:16:14:30 -0400] "GET /portfolio-rebalance/portfolio-rebalance.htm HTTP/1.1" 200 61403 "http://www.bing.com/search?q=portfolio+rebalancer+excel+spreadsheet&first=11&FORM=PORE" "Mozilla/5.0 (Windows NT 6.3; ARM; Trident/7.0; Touch; rv:11.0) like Gecko"
73.227.127.177 - - [14/Sep/2016:16:14:30 -0400] "GET /portfolio-rebalance/powered-by-spreadsheetconverter.png HTTP/1.1" 200 874 "http://www.georgefisheradvisors.com/portfolio-rebalance/portfolio-rebalance.htm" "Mozilla/5.0 (Windows NT 6.3; ARM; Trident/7.0; Touch; rv:11.0) like Gecko"
73.227.127.177 - - [14/Sep/2016:16:14:30 -0400] "GET /browserconfig.xml HTTP/1.1" 404 3619 "-" "Mozilla/5.0 (Windows NT 6.3; ARM; Trident/7.0; Touch; rv:11.0) like Gecko"
67.215.253.224 - - [14/Sep/2016:16:29:42 -0400] "GET / HTTP/1.1" 200 8575 "-" "Mozilla/5.0 (Windows; U; Windows NT 5.1; en-GB; rv:1.8.1.1) Gecko/20061204 Firefox/2.0.0.1"
180.76.15.148 - - [14/Sep/2016:16:39:23 -0400] "GET / HTTP/1.1" 200 8575 "-" "Mozilla/5.0 (compatible; Baiduspider/2.0; +http://www.baidu.com/search/spider.html)"
180.76.15.144 - - [14/Sep/2016:16:40:24 -0400] "GET / HTTP/1.1" 200 8575 "-" "Mozilla/5.0 (compatible; Baiduspider/2.0; +http://www.baidu.com/search/spider.html)"
66.249.64.188 - - [14/Sep/2016:16:47:00 -0400] "GET /robots.txt HTTP/1.1" 200 198 "-" "Mozilla/5.0 (compatible; Googlebot/2.1; +http://www.google.com/bot.html)"
66.249.64.186 - - [14/Sep/2016:16:47:00 -0400] "GET /capneed/explanation.htm HTTP/1.1" 200 84689 "-" "Mozilla/5.0 (compatible; Googlebot/2.1; +http://www.google.com/bot.html)"
66.249.64.190 - - [14/Sep/2016:16:53:33 -0400] "GET /retirementplanning.php HTTP/1.1" 404 3619 "-" "Mozilla/5.0 (compatible; Googlebot/2.1; +http://www.google.com/bot.html)"
66.249.64.188 - - [14/Sep/2016:16:54:22 -0400] "GET / HTTP/1.1" 200 8575 "-" "Mozilla/5.0 (Linux; Android 6.0.1; Nexus 5X Build/MMB29P) AppleWebKit/537.36 (KHTML, like Gecko) Chrome/41.0.2272.96 Mobile Safari/537.36 (compatible; Googlebot/2.1; +http://www.google.com/bot.html)"
66.249.64.186 - - [14/Sep/2016:16:54:24 -0400] "GET /main.css HTTP/1.1" 200 3884 "http://www.georgefisheradvisors.com/" "Mozilla/5.0 (compatible; Googlebot/2.1; +http://www.google.com/bot.html)"
151.80.31.165 - - [14/Sep/2016:17:09:13 -0400] "GET /robots.txt HTTP/1.1" 200 198 "-" "Mozilla/5.0 (compatible; AhrefsBot/5.1; +http://ahrefs.com/robot/)"
51.255.65.61 - - [14/Sep/2016:17:09:14 -0400] "GET /awstats/1212/awstats.996498.1212.html HTTP/1.1" 401 603 "-" "Mozilla/5.0 (compatible; AhrefsBot/5.1; +http://ahrefs.com/robot/)"
157.55.39.99 - - [14/Sep/2016:17:30:53 -0400] "GET /capneed/explanation.htm HTTP/1.1" 200 84689 "-" "Mozilla/5.0 (compatible; bingbot/2.0; +http://www.bing.com/bingbot.htm)"
164.132.161.69 - - [14/Sep/2016:17:31:39 -0400] "GET /awstats/1308/awstats.996498.1308.refererpages.html HTTP/1.1" 401 603 "-" "Mozilla/5.0 (compatible; AhrefsBot/5.1; +http://ahrefs.com/robot/)"
67.215.253.224 - - [14/Sep/2016:17:33:18 -0400] "GET / HTTP/1.1" 200 8575 "-" "Mozilla/5.0 (Windows; U; Windows NT 5.1; en-GB; rv:1.8.1.1) Gecko/20061204 Firefox/2.0.0.1"
159.45.71.11 - - [14/Sep/2016:17:55:32 -0400] "GET /experienceX.php HTTP/1.1" 200 9456 "http://www.google.com/url?sa=t&rct=j&q=&esrc=s&source=web&cd=1&ved=0ahUKEwiq_7TG7I_PAhUFlh4KHYRFAS4QFggeMAA&url=http%3A%2F%2Fwww.georgefisheradvisors.com%2FexperienceX.php&usg=AFQjCNGDwxscRjZZHVk-lquEwTRzRZK-vQ" "Mozilla/5.0 (Windows NT 6.1; WOW64; Trident/7.0; rv:11.0) like Gecko"
159.45.71.11 - - [14/Sep/2016:17:55:33 -0400] "GET /favicon.ico HTTP/1.1" 200 1150 "http://www.georgefisheradvisors.com/experienceX.php" "Mozilla/5.0 (Windows NT 6.1; WOW64; Trident/7.0; rv:11.0) like Gecko"
159.45.71.11 - - [14/Sep/2016:17:55:33 -0400] "GET /graphics/throbber.gif HTTP/1.1" 200 1737 "http://www.georgefisheradvisors.com/experienceX.php" "Mozilla/5.0 (Windows NT 6.1; WOW64; Trident/7.0; rv:11.0) like Gecko"
159.45.71.11 - - [14/Sep/2016:17:55:33 -0400] "GET /graphics/icon-hover.png HTTP/1.1" 200 216 "http://www.georgefisheradvisors.com/experienceX.php" "Mozilla/5.0 (Windows NT 6.1; WOW64; Trident/7.0; rv:11.0) like Gecko"
159.45.71.11 - - [14/Sep/2016:17:55:33 -0400] "GET /main.css HTTP/1.1" 200 3884 "http://www.georgefisheradvisors.com/experienceX.php" "Mozilla/5.0 (Windows NT 6.1; WOW64; Trident/7.0; rv:11.0) like Gecko"
159.45.71.11 - - [14/Sep/2016:17:55:33 -0400] "GET /graphics/bg.png HTTP/1.1" 200 145 "http://www.georgefisheradvisors.com/experienceX.php" "Mozilla/5.0 (Windows NT 6.1; WOW64; Trident/7.0; rv:11.0) like Gecko"
159.45.71.11 - - [14/Sep/2016:17:55:33 -0400] "GET /graphics/sprite.png HTTP/1.1" 200 46436 "http://www.georgefisheradvisors.com/experienceX.php" "Mozilla/5.0 (Windows NT 6.1; WOW64; Trident/7.0; rv:11.0) like Gecko"
159.45.71.11 - - [14/Sep/2016:17:55:33 -0400] "GET /graphics/header.png HTTP/1.1" 200 3053 "http://www.georgefisheradvisors.com/experienceX.php" "Mozilla/5.0 (Windows NT 6.1; WOW64; Trident/7.0; rv:11.0) like Gecko"
159.45.71.11 - - [14/Sep/2016:17:55:33 -0400] "GET /graphics/bg-content-horizontal.png HTTP/1.1" 200 183 "http://www.georgefisheradvisors.com/experienceX.php" "Mozilla/5.0 (Windows NT 6.1; WOW64; Trident/7.0; rv:11.0) like Gecko"
159.45.71.11 - - [14/Sep/2016:17:55:33 -0400] "GET /graphics/bg-container-vertical.png HTTP/1.1" 200 204 "http://www.georgefisheradvisors.com/experienceX.php" "Mozilla/5.0 (Windows NT 6.1; WOW64; Trident/7.0; rv:11.0) like Gecko"
159.45.71.11 - - [14/Sep/2016:17:55:33 -0400] "GET /graphics/icons.png HTTP/1.1" 200 85241 "http://www.georgefisheradvisors.com/experienceX.php" "Mozilla/5.0 (Windows NT 6.1; WOW64; Trident/7.0; rv:11.0) like Gecko"
159.45.71.11 - - [14/Sep/2016:17:55:51 -0400] "GET /experience.php?q=null&page=qualifications HTTP/1.1" 404 3619 "http://www.georgefisheradvisors.com/experienceX.php" "Mozilla/5.0 (Windows NT 6.1; WOW64; Trident/7.0; rv:11.0) like Gecko"
159.45.71.11 - - [14/Sep/2016:17:55:59 -0400] "GET /about.html HTTP/1.1" 200 9882 "http://www.georgefisheradvisors.com/experienceX.php" "Mozilla/5.0 (Windows NT 6.1; WOW64; Trident/7.0; rv:11.0) like Gecko"
159.45.71.11 - - [14/Sep/2016:17:55:59 -0400] "GET /graphics/portrait.jpg HTTP/1.1" 200 19495 "http://www.georgefisheradvisors.com/about.html" "Mozilla/5.0 (Windows NT 6.1; WOW64; Trident/7.0; rv:11.0) like Gecko"
159.45.71.11 - - [14/Sep/2016:17:55:59 -0400] "GET /graphics/about.jpg HTTP/1.1" 200 21903 "http://www.georgefisheradvisors.com/about.html" "Mozilla/5.0 (Windows NT 6.1; WOW64; Trident/7.0; rv:11.0) like Gecko"
159.45.71.11 - - [14/Sep/2016:17:56:28 -0400] "GET /experience.html HTTP/1.1" 200 14928 "http://www.georgefisheradvisors.com/about.html" "Mozilla/5.0 (Windows NT 6.1; WOW64; Trident/7.0; rv:11.0) like Gecko"
159.45.71.11 - - [14/Sep/2016:17:56:29 -0400] "GET /graphics/experience-sprite.png HTTP/1.1" 200 9526 "http://www.georgefisheradvisors.com/experience.html" "Mozilla/5.0 (Windows NT 6.1; WOW64; Trident/7.0; rv:11.0) like Gecko"
159.45.71.11 - - [14/Sep/2016:17:56:44 -0400] "GET /cms.php?query=wachovia&rand=444.27976792011105 HTTP/1.1" 200 694 "http://www.georgefisheradvisors.com/experience.html" "Mozilla/5.0 (Windows NT 6.1; WOW64; Trident/7.0; rv:11.0) like Gecko"
159.45.71.11 - - [14/Sep/2016:17:57:06 -0400] "GET /cms.php?query=fidelity&rand=435.72089178987704 HTTP/1.1" 200 1602 "http://www.georgefisheradvisors.com/experience.html" "Mozilla/5.0 (Windows NT 6.1; WOW64; Trident/7.0; rv:11.0) like Gecko"
159.45.71.11 - - [14/Sep/2016:17:57:06 -0400] "GET /graphics/bullet.gif HTTP/1.1" 200 46 "http://www.georgefisheradvisors.com/experience.html" "Mozilla/5.0 (Windows NT 6.1; WOW64; Trident/7.0; rv:11.0) like Gecko"
159.45.71.11 - - [14/Sep/2016:17:57:40 -0400] "GET /experienceX.php HTTP/1.1" 200 9456 "http://www.google.com/url?sa=t&rct=j&q=&esrc=s&source=web&cd=1&ved=0ahUKEwiq_7TG7I_PAhUFlh4KHYRFAS4QFggeMAA&url=http%3A%2F%2Fwww.georgefisheradvisors.com%2FexperienceX.php&usg=AFQjCNGDwxscRjZZHVk-lquEwTRzRZK-vQ" "Mozilla/5.0 (Windows NT 6.1; WOW64; Trident/7.0; rv:11.0) like Gecko"
164.132.161.67 - - [14/Sep/2016:18:33:48 -0400] "GET /awstats/1304/awstats.996498.1304.refererse.html HTTP/1.1" 401 603 "-" "Mozilla/5.0 (compatible; AhrefsBot/5.1; +http://ahrefs.com/robot/)"
192.154.106.194 - - [14/Sep/2016:19:31:42 -0400] "GET / HTTP/1.1" 200 8575 "-" "Mozilla/5.0 (Windows NT 10.0; WOW64) AppleWebKit/537.36 (KHTML, like Gecko) Chrome/49.0.2623.87 Safari/537.36"
192.154.106.194 - - [14/Sep/2016:19:31:43 -0400] "GET / HTTP/1.1" 200 8575 "-" "Mozilla/5.0 (Windows NT 10.0; WOW64) AppleWebKit/537.36 (KHTML, like Gecko) Chrome/49.0.2623.87 Safari/537.36"
192.154.106.194 - - [14/Sep/2016:19:31:43 -0400] "GET /main.css HTTP/1.1" 200 3884 "http://georgefisheradvisors.com/" "Mozilla/5.0 (Windows NT 10.0; WOW64) AppleWebKit/537.36 (KHTML, like Gecko) Chrome/49.0.2623.87 Safari/537.36"
67.215.253.224 - - [14/Sep/2016:19:31:43 -0400] "GET / HTTP/1.1" 200 8575 "-" "Mozilla/5.0 (Windows; U; Windows NT 5.1; en-GB; rv:1.8.1.1) Gecko/20061204 Firefox/2.0.0.1"
27.153.205.251 - - [14/Sep/2016:19:40:21 -0400] "GET /wp-content/uploads/info.php HTTP/1.1" 404 3619 "http://www.googlebot.com/bot.html" "Mozilla/5.0 (compatible; Googlebot/2.1; +http://www.google.com/bot.html)"
27.153.205.251 - - [14/Sep/2016:19:40:32 -0400] "GET /info.php HTTP/1.1" 404 3619 "http://www.googlebot.com/bot.html" "Mozilla/5.0 (compatible; Googlebot/2.1; +http://www.google.com/bot.html)"
27.153.205.251 - - [14/Sep/2016:19:40:42 -0400] "POST /wp-content/plugins/Login-wall-etgFB/login_wall.php?login=cmd&z3=aW5mby5waHA%3d&z4=L3dwLWNvbnRlbnQvcGx1Z2lucy8%3d HTTP/1.1" 404 3619 "georgefisheradvisors.com" "Mozilla/5.0 (compatible; Googlebot/2.1; +http://www.google.com/bot.html)"
27.153.205.251 - - [14/Sep/2016:19:40:43 -0400] "GET /wp-content/plugins/info.php HTTP/1.1" 404 3619 "http://www.googlebot.com/bot.html" "Mozilla/5.0 (compatible; Googlebot/2.1; +http://www.google.com/bot.html)"
23.19.101.10 - - [14/Sep/2016:19:54:29 -0400] "GET /menu/contact.jpg HTTP/1.1" 200 27491 "-" "Mozilla/5.0 (Macintosh; Intel Mac OS X 10.11; rv:39.0) Gecko/20100101 Firefox/39.0"
209.133.222.142 - - [14/Sep/2016:19:57:58 -0400] "HEAD /images/retirementplanning/image004.jpg HTTP/1.1" 404 - "-" "Mozilla/5.0 (Windows; U; Windows NT 6.1; rv:2.2) Gecko/20110201"
51.255.65.73 - - [14/Sep/2016:20:05:55 -0400] "GET / HTTP/1.1" 200 8575 "-" "Mozilla/5.0 (compatible; AhrefsBot/5.1; +http://ahrefs.com/robot/)"
54.86.101.115 - - [14/Sep/2016:20:07:13 -0400] "GET /cash-choices/cash-choices.htm HTTP/1.1" 200 31611 "-" "Mozilla/5.0 (compatible; linkdexbot/2.0; +http://www.linkdex.com/bots/)"
51.255.36.84 - - [14/Sep/2016:20:23:54 -0400] "GET /robots.txt HTTP/1.0" 200 198 "-" "Mozilla/5.0 (compatible; MJ12bot/v1.4.5; http://www.majestic12.co.uk/bot.php?+)"
51.255.36.84 - - [14/Sep/2016:20:23:56 -0400] "GET /about.html HTTP/1.0" 200 9882 "-" "Mozilla/5.0 (compatible; MJ12bot/v1.4.5; http://www.majestic12.co.uk/bot.php?+)"
162.243.1.53 - - [14/Sep/2016:20:38:09 -0400] "GET /robots.txt HTTP/1.1" 200 198 "-" "Mozilla/5.0 (compatible; spbot/5.0.2; +http://OpenLinkProfiler.org/bot )"
162.243.1.53 - - [14/Sep/2016:20:38:14 -0400] "GET / HTTP/1.1" 200 8575 "-" "Mozilla/5.0 (compatible; spbot/5.0.2; +http://OpenLinkProfiler.org/bot )"
162.243.1.53 - - [14/Sep/2016:20:38:15 -0400] "GET /about.html HTTP/1.1" 200 9882 "http://www.georgefisheradvisors.com/" "Mozilla/5.0 (compatible; spbot/5.0.2; +http://OpenLinkProfiler.org/bot )"
162.243.1.53 - - [14/Sep/2016:20:38:19 -0400] "GET /index.html HTTP/1.1" 200 8575 "http://www.georgefisheradvisors.com/about.html" "Mozilla/5.0 (compatible; spbot/5.0.2; +http://OpenLinkProfiler.org/bot )"
162.243.1.53 - - [14/Sep/2016:20:38:24 -0400] "GET /andrew.html HTTP/1.1" 200 7591 "http://www.georgefisheradvisors.com/about.html" "Mozilla/5.0 (compatible; spbot/5.0.2; +http://OpenLinkProfiler.org/bot )"
162.243.1.53 - - [14/Sep/2016:20:38:29 -0400] "GET /contact.html HTTP/1.1" 200 9123 "http://www.georgefisheradvisors.com/about.html" "Mozilla/5.0 (compatible; spbot/5.0.2; +http://OpenLinkProfiler.org/bot )"
162.243.1.53 - - [14/Sep/2016:20:38:33 -0400] "GET /sitemap.html HTTP/1.1" 200 7828 "http://www.georgefisheradvisors.com/" "Mozilla/5.0 (compatible; spbot/5.0.2; +http://OpenLinkProfiler.org/bot )"
162.243.1.53 - - [14/Sep/2016:20:38:39 -0400] "GET /disclaimer.html HTTP/1.1" 200 12258 "http://www.georgefisheradvisors.com/" "Mozilla/5.0 (compatible; spbot/5.0.2; +http://OpenLinkProfiler.org/bot )"
162.243.1.53 - - [14/Sep/2016:20:38:44 -0400] "GET /experience.html HTTP/1.1" 200 14928 "http://www.georgefisheradvisors.com/" "Mozilla/5.0 (compatible; spbot/5.0.2; +http://OpenLinkProfiler.org/bot )"
162.243.1.53 - - [14/Sep/2016:20:38:49 -0400] "GET /recalci/index.php HTTP/1.1" 200 7552 "http://www.georgefisheradvisors.com/sitemap.html" "Mozilla/5.0 (compatible; spbot/5.0.2; +http://OpenLinkProfiler.org/bot )"
162.243.1.53 - - [14/Sep/2016:20:38:54 -0400] "GET /capneedi/index.php HTTP/1.1" 200 5802 "http://www.georgefisheradvisors.com/sitemap.html" "Mozilla/5.0 (compatible; spbot/5.0.2; +http://OpenLinkProfiler.org/bot )"
162.243.1.53 - - [14/Sep/2016:20:39:00 -0400] "GET /capneed/index.html HTTP/1.1" 404 3619 "http://www.georgefisheradvisors.com/sitemap.html" "Mozilla/5.0 (compatible; spbot/5.0.2; +http://OpenLinkProfiler.org/bot )"
162.243.1.53 - - [14/Sep/2016:20:39:04 -0400] "GET /king-lear-quote.html HTTP/1.1" 200 2143 "http://www.georgefisheradvisors.com/sitemap.html" "Mozilla/5.0 (compatible; spbot/5.0.2; +http://OpenLinkProfiler.org/bot )"
162.243.1.53 - - [14/Sep/2016:20:39:09 -0400] "GET /financial-planning.html HTTP/1.1" 200 9111 "http://www.georgefisheradvisors.com/about.html" "Mozilla/5.0 (compatible; spbot/5.0.2; +http://OpenLinkProfiler.org/bot )"
162.243.1.53 - - [14/Sep/2016:20:39:14 -0400] "GET /retirement-planning.html HTTP/1.1" 404 3619 "http://www.georgefisheradvisors.com/sitemap.html" "Mozilla/5.0 (compatible; spbot/5.0.2; +http://OpenLinkProfiler.org/bot )"
162.243.1.53 - - [14/Sep/2016:20:39:19 -0400] "GET /capneed/explanation.html HTTP/1.1" 404 3619 "http://www.georgefisheradvisors.com/sitemap.html" "Mozilla/5.0 (compatible; spbot/5.0.2; +http://OpenLinkProfiler.org/bot )"
162.243.1.53 - - [14/Sep/2016:20:39:24 -0400] "GET /investment-planning.html HTTP/1.1" 200 13370 "http://www.georgefisheradvisors.com/" "Mozilla/5.0 (compatible; spbot/5.0.2; +http://OpenLinkProfiler.org/bot )"
162.243.1.53 - - [14/Sep/2016:20:39:29 -0400] "GET /portfolio-management.html HTTP/1.1" 200 11478 "http://www.georgefisheradvisors.com/" "Mozilla/5.0 (compatible; spbot/5.0.2; +http://OpenLinkProfiler.org/bot )"
162.243.1.53 - - [14/Sep/2016:20:39:34 -0400] "GET /experience.php?q=null&page=employment HTTP/1.1" 404 3619 "http://www.georgefisheradvisors.com/experience.html" "Mozilla/5.0 (compatible; spbot/5.0.2; +http://OpenLinkProfiler.org/bot )"
162.243.1.53 - - [14/Sep/2016:20:39:39 -0400] "GET /experience.php?q=morgan&page=employment HTTP/1.1" 404 3619 "http://www.georgefisheradvisors.com/experience.html" "Mozilla/5.0 (compatible; spbot/5.0.2; +http://OpenLinkProfiler.org/bot )"
162.243.1.53 - - [14/Sep/2016:20:39:44 -0400] "GET /experience.php?q=fidelity&page=employment HTTP/1.1" 404 3619 "http://www.georgefisheradvisors.com/experience.html" "Mozilla/5.0 (compatible; spbot/5.0.2; +http://OpenLinkProfiler.org/bot )"
162.243.1.53 - - [14/Sep/2016:20:39:49 -0400] "GET /experience.php?q=wachovia&page=employment HTTP/1.1" 404 3619 "http://www.georgefisheradvisors.com/experience.html" "Mozilla/5.0 (compatible; spbot/5.0.2; +http://OpenLinkProfiler.org/bot )"
162.243.1.53 - - [14/Sep/2016:20:39:54 -0400] "GET /experience.php?q=null&page=qualifications HTTP/1.1" 404 3619 "http://www.georgefisheradvisors.com/experience.html" "Mozilla/5.0 (compatible; spbot/5.0.2; +http://OpenLinkProfiler.org/bot )"
162.243.1.53 - - [14/Sep/2016:20:39:59 -0400] "GET /experience.php?q=prudential&page=employment HTTP/1.1" 404 3619 "http://www.georgefisheradvisors.com/experience.html" "Mozilla/5.0 (compatible; spbot/5.0.2; +http://OpenLinkProfiler.org/bot )"
162.243.1.53 - - [14/Sep/2016:20:40:04 -0400] "GET /Asset%20Allocation%20and%20Portfolio%20Rebalancing.htm HTTP/1.1" 404 3619 "http://www.georgefisheradvisors.com/sitemap.html" "Mozilla/5.0 (compatible; spbot/5.0.2; +http://OpenLinkProfiler.org/bot )"
54.86.101.115 - - [14/Sep/2016:20:51:56 -0400] "GET / HTTP/1.1" 200 8575 "-" "Mozilla/5.0 (compatible; linkdexbot/2.0; +http://www.linkdex.com/bots/)"
67.215.253.224 - - [14/Sep/2016:21:38:32 -0400] "GET / HTTP/1.1" 200 8575 "-" "Mozilla/5.0 (Windows; U; Windows NT 5.1; en-GB; rv:1.8.1.1) Gecko/20061204 Firefox/2.0.0.1"
207.46.13.52 - - [14/Sep/2016:22:10:57 -0400] "GET / HTTP/1.1" 200 8575 "-" "Mozilla/5.0 (compatible; bingbot/2.0; +http://www.bing.com/bingbot.htm)"
66.249.64.114 - - [14/Sep/2016:22:12:05 -0400] "GET /cms.php HTTP/1.1" 200 - "-" "Mozilla/5.0 (compatible; Googlebot/2.1; +http://www.google.com/bot.html)"
157.55.39.85 - - [14/Sep/2016:22:20:31 -0400] "GET /robots.txt HTTP/1.1" 200 198 "-" "Mozilla/5.0 (compatible; bingbot/2.0; +http://www.bing.com/bingbot.htm)"
205.237.92.14 - - [14/Sep/2016:22:21:10 -0400] "GET / HTTP/1.1" 200 8575 "-" "=Mozilla/5.0 (Windows; U; Windows NT 6.1; en-US) AppleWebKit/534.16 (KHTML, like Gecko) Chrome/10.0.648.204 Safari/534.16"
67.215.253.224 - - [14/Sep/2016:22:35:26 -0400] "GET / HTTP/1.1" 200 8575 "-" "Mozilla/5.0 (Windows; U; Windows NT 5.1; en-GB; rv:1.8.1.1) Gecko/20061204 Firefox/2.0.0.1"
157.55.39.99 - - [14/Sep/2016:22:58:05 -0400] "GET /andrew.html HTTP/1.1" 200 7591 "-" "Mozilla/5.0 (compatible; bingbot/2.0; +http://www.bing.com/bingbot.htm)"
157.55.39.99 - - [14/Sep/2016:22:58:06 -0400] "GET /about.html HTTP/1.1" 200 9882 "-" "Mozilla/5.0 (compatible; bingbot/2.0; +http://www.bing.com/bingbot.htm)"
104.168.146.108 - - [14/Sep/2016:23:16:33 -0400] "GET //templates/beez/index.php HTTP/1.1" 404 3619 "-" "-"
40.77.167.67 - - [14/Sep/2016:23:30:21 -0400] "GET /contact.html HTTP/1.1" 200 9123 "-" "Mozilla/5.0 (compatible; bingbot/2.0; +http://www.bing.com/bingbot.htm)"
67.215.253.224 - - [14/Sep/2016:23:37:01 -0400] "GET / HTTP/1.1" 200 8575 "-" "Mozilla/5.0 (Windows; U; Windows NT 5.1; en-GB; rv:1.8.1.1) Gecko/20061204 Firefox/2.0.0.1"
220.181.51.104 - - [14/Sep/2016:23:51:46 -0400] "GET /robots.txt HTTP/1.1" 200 198 "-" "Mozilla/5.0 (Windows NT 10.0; WOW64) AppleWebKit/537.36 (KHTML, like Gecko) Chrome/45.0.2454.93 Safari/537.36"
220.181.108.172 - - [14/Sep/2016:23:52:51 -0400] "GET / HTTP/1.1" 200 8575 "-" "Mozilla/5.0 (compatible; Baiduspider/2.0; +http://www.baidu.com/search/spider.html)"
