173.199.118.35 - - [12/Aug/2013:19:14:34 -0400] "GET /capneed/ HTTP/1.1" 200 38755 "-" "Mozilla/5.0 (compatible; AhrefsBot/4.0; +http://ahrefs.com/robot/)"
5.9.149.166 - - [12/Aug/2013:19:17:31 -0400] "GET / HTTP/1.1" 200 8575 "-" "Mozilla/4.0 (compatible; MSIE 5.5; Windows NT)"
157.55.32.142 - - [12/Aug/2013:20:39:47 -0400] "GET /robots.txt HTTP/1.1" 200 198 "-" "Mozilla/5.0 (compatible; bingbot/2.0; +http://www.bing.com/bingbot.htm)"
173.199.118.35 - - [12/Aug/2013:03:08:12 -0400] "GET /experience.php?q=null&page=qualifications HTTP/1.1" 404 3619 "-" "Mozilla/5.0 (compatible; AhrefsBot/4.0; +http://ahrefs.com/robot/)"
67.211.200.121 - - [12/Aug/2013:05:20:19 -0400] "GET /andrew.html HTTP/1.0" 200 7591 "-" "Mozilla/5.0 (X11; Ubuntu; Linux x86_64; rv:22.0) Gecko/20100101 Firefox/22.0 support@google.com"
66.249.75.213 - - [12/Aug/2013:05:28:19 -0400] "GET /experience-qualifications.php?q=null HTTP/1.1" 404 3619 "-" "Mozilla/5.0 (compatible; Googlebot/2.1; +http://www.google.com/bot.html)"
178.137.128.238 - - [12/Aug/2013:10:08:33 -0400] "GET /king-lear-quote.html HTTP/1.1" 200 2143 "http://bidla.net/" "Mozilla/4.0 (compatible; MSIE 6.0; Windows 98; Win 9x 4.90; Creative)"
91.207.9.226 - - [12/Aug/2013:11:45:53 -0400] "GET /king-lear-quote.html HTTP/1.1" 200 2143 "http://internet-exe.com/" "Mozilla/6.0 (compatible; MSIE 7.0a1; Windows NT 5.2; SV1)"
66.249.75.213 - - [12/Aug/2013:05:13:07 -0400] "GET /experience-work.php?q=null HTTP/1.1" 404 3619 "-" "Mozilla/5.0 (compatible; Googlebot/2.1; +http://www.google.com/bot.html)"
202.46.63.77 - - [12/Aug/2013:09:34:28 -0400] "GET /awstats/1303/awstats.996498.1303.lasthosts.html HTTP/1.1" 401 603 "-" "Mozilla"
108.5.131.146 - - [12/Aug/2013:01:26:03 -0400] "GET /experience.php?q=wachovia&page=employment HTTP/1.1" 404 3619 "-" "panscient.com"
199.30.20.143 - - [12/Aug/2013:02:40:35 -0400] "GET /images/insurance_files/image032.jpg HTTP/1.1" 404 3619 "-" "msnbot-media/1.1 (+http://search.msn.com/msnbot.htm)"
157.55.33.26 - - [12/Aug/2013:19:40:14 -0400] "GET / HTTP/1.1" 200 8575 "-" "Mozilla/5.0 (compatible; bingbot/2.0; +http://www.bing.com/bingbot.htm)"
65.55.52.111 - - [12/Aug/2013:15:23:15 -0400] "GET / HTTP/1.1" 200 8575 "-" "Mozilla/5.0 (compatible; bingbot/2.0; +http://www.bing.com/bingbot.htm)"
157.55.32.142 - - [12/Aug/2013:15:08:12 -0400] "GET /awstats/1304/awstats.996498.1304.keyphrases.html HTTP/1.1" 401 603 "-" "Mozilla/5.0 (compatible; bingbot/2.0; +http://www.bing.com/bingbot.htm)"
193.106.136.58 - - [12/Aug/2013:17:43:40 -0400] "GET /king-lear-quote.html HTTP/1.1" 200 2143 "http://planetakino.com/" "Mozilla/4.0 (compatible; MSIE 7.0b; Windows NT 6.0 ; .NET CLR 2.0.50215; SL Commerce Client v1.0; Tablet PC 2.0"
65.55.215.109 - - [12/Aug/2013:00:57:24 -0400] "GET /images/insurance_files/image005.jpg HTTP/1.1" 404 3619 "-" "msnbot-media/1.1 (+http://search.msn.com/msnbot.htm)"
108.5.131.146 - - [12/Aug/2013:01:25:29 -0400] "GET /experience.php?q=fidelity&page=employment HTTP/1.1" 404 3619 "-" "panscient.com"
108.5.131.146 - - [12/Aug/2013:01:26:04 -0400] "GET /javascript/?email= HTTP/1.1" 403 3619 "-" "panscient.com"
174.138.160.157 - - [12/Aug/2013:06:30:11 -0400] "GET / HTTP/1.1" 200 8575 "-" "Mozilla/Firefox"
174.138.160.157 - - [12/Aug/2013:06:30:11 -0400] "GET /favicon.ico HTTP/1.1" 200 1150 "-" "Mozilla/Firefox"
65.55.215.98 - - [12/Aug/2013:20:45:00 -0400] "GET /robots.txt HTTP/1.1" 200 198 "-" "msnbot-media/1.1 (+http://search.msn.com/msnbot.htm)"
12.178.24.2 - - [12/Aug/2013:11:11:21 -0400] "GET /graphics/sprite.png HTTP/1.1" 200 46436 "http://www.georgefisheradvisors.com/images/retirementplanning/image003.jpg" "Mozilla/5.0 (Windows NT 6.1; WOW64) AppleWebKit/537.36 (KHTML, like Gecko) Chrome/28.0.1500.95 Safari/537.36"
12.178.24.2 - - [12/Aug/2013:11:11:22 -0400] "GET /favicon.ico HTTP/1.1" 200 1150 "-" "Mozilla/5.0 (Windows NT 6.1; WOW64) AppleWebKit/537.36 (KHTML, like Gecko) Chrome/28.0.1500.95 Safari/537.36"
123.125.71.48 - - [12/Aug/2013:06:01:56 -0400] "GET / HTTP/1.1" 200 8575 "-" "Mozilla/5.0 (compatible; Baiduspider/2.0; +http://www.baidu.com/search/spider.html)"
217.69.133.11 - - [12/Aug/2013:17:16:22 -0400] "GET /awstats/1302/awstats.996498.1302.unknownbrowser.html?3e3ea140 HTTP/1.0" 401 603 "-" "Mozilla/5.0 (compatible; Linux x86_64; Mail.RU_Bot/2.0; +http://go.mail.ru/help/robots)"
157.55.36.37 - - [12/Aug/2013:02:23:59 -0400] "GET / HTTP/1.1" 200 8575 "-" "Mozilla/5.0 (compatible; bingbot/2.0; +http://www.bing.com/bingbot.htm)"
157.55.36.35 - - [12/Aug/2013:09:50:23 -0400] "GET /awstats/1211/awstats.996498.1211.allrobots.html HTTP/1.1" 401 603 "-" "Mozilla/5.0 (compatible; bingbot/2.0; +http://www.bing.com/bingbot.htm)"
157.55.32.142 - - [12/Aug/2013:10:39:40 -0400] "GET /awstats/1302/awstats.996498.1302.osdetail.html HTTP/1.1" 401 603 "-" "Mozilla/5.0 (compatible; bingbot/2.0; +http://www.bing.com/bingbot.htm)"
12.178.24.2 - - [12/Aug/2013:11:10:58 -0400] "GET /images/retirementplanning/image003.jpg HTTP/1.1" 404 3619 "http://www.philadelphia-reflections.com/topic/103.htm" "Mozilla/5.0 (Windows NT 6.1; WOW64) AppleWebKit/537.36 (KHTML, like Gecko) Chrome/28.0.1500.95 Safari/537.36"
12.178.24.2 - - [12/Aug/2013:11:10:58 -0400] "GET /images/insurance_files/image003.jpg HTTP/1.1" 404 3619 "http://www.philadelphia-reflections.com/topic/103.htm" "Mozilla/5.0 (Windows NT 6.1; WOW64) AppleWebKit/537.36 (KHTML, like Gecko) Chrome/28.0.1500.95 Safari/537.36"
12.178.24.2 - - [12/Aug/2013:11:10:58 -0400] "GET /images/insurance_files/image006.jpg HTTP/1.1" 404 3619 "http://www.philadelphia-reflections.com/topic/103.htm" "Mozilla/5.0 (Windows NT 6.1; WOW64) AppleWebKit/537.36 (KHTML, like Gecko) Chrome/28.0.1500.95 Safari/537.36"
12.178.24.2 - - [12/Aug/2013:11:10:59 -0400] "GET /images/insurance_files/image012.jpg HTTP/1.1" 404 3619 "http://www.philadelphia-reflections.com/topic/103.htm" "Mozilla/5.0 (Windows NT 6.1; WOW64) AppleWebKit/537.36 (KHTML, like Gecko) Chrome/28.0.1500.95 Safari/537.36"
12.178.24.2 - - [12/Aug/2013:11:10:59 -0400] "GET /images/insurance_files/image018.jpg HTTP/1.1" 404 3619 "http://www.philadelphia-reflections.com/topic/103.htm" "Mozilla/5.0 (Windows NT 6.1; WOW64) AppleWebKit/537.36 (KHTML, like Gecko) Chrome/28.0.1500.95 Safari/537.36"
12.178.24.2 - - [12/Aug/2013:11:10:59 -0400] "GET /images/insurance_files/image024.jpg HTTP/1.1" 404 3619 "http://www.philadelphia-reflections.com/topic/103.htm" "Mozilla/5.0 (Windows NT 6.1; WOW64) AppleWebKit/537.36 (KHTML, like Gecko) Chrome/28.0.1500.95 Safari/537.36"
12.178.24.2 - - [12/Aug/2013:11:10:59 -0400] "GET /images/insurance_files/image030.jpg HTTP/1.1" 404 3619 "http://www.philadelphia-reflections.com/topic/103.htm" "Mozilla/5.0 (Windows NT 6.1; WOW64) AppleWebKit/537.36 (KHTML, like Gecko) Chrome/28.0.1500.95 Safari/537.36"
12.178.24.2 - - [12/Aug/2013:11:10:59 -0400] "GET /images/insurance_files/image036.jpg HTTP/1.1" 404 3619 "http://www.philadelphia-reflections.com/topic/103.htm" "Mozilla/5.0 (Windows NT 6.1; WOW64) AppleWebKit/537.36 (KHTML, like Gecko) Chrome/28.0.1500.95 Safari/537.36"
12.178.24.2 - - [12/Aug/2013:11:11:08 -0400] "GET /images/retirementplanning/image003.jpg HTTP/1.1" 404 3619 "http://www.philadelphia-reflections.com/topic/103.htm" "Mozilla/5.0 (Windows NT 6.1; WOW64) AppleWebKit/537.36 (KHTML, like Gecko) Chrome/28.0.1500.95 Safari/537.36"
12.178.24.2 - - [12/Aug/2013:11:11:08 -0400] "GET /images/ThePowerOfConsistentEarlySaving.jpg HTTP/1.1" 404 3619 "http://www.philadelphia-reflections.com/topic/103.htm" "Mozilla/5.0 (Windows NT 6.1; WOW64) AppleWebKit/537.36 (KHTML, like Gecko) Chrome/28.0.1500.95 Safari/537.36"
12.178.24.2 - - [12/Aug/2013:11:11:08 -0400] "GET /images/insurance_files/image006.jpg HTTP/1.1" 404 3619 "http://www.philadelphia-reflections.com/topic/103.htm" "Mozilla/5.0 (Windows NT 6.1; WOW64) AppleWebKit/537.36 (KHTML, like Gecko) Chrome/28.0.1500.95 Safari/537.36"
12.178.24.2 - - [12/Aug/2013:11:11:08 -0400] "GET /images/insurance_files/image011.jpg HTTP/1.1" 404 3619 "http://www.philadelphia-reflections.com/topic/103.htm" "Mozilla/5.0 (Windows NT 6.1; WOW64) AppleWebKit/537.36 (KHTML, like Gecko) Chrome/28.0.1500.95 Safari/537.36"
12.178.24.2 - - [12/Aug/2013:11:11:08 -0400] "GET /images/insurance_files/image017.jpg HTTP/1.1" 404 3619 "http://www.philadelphia-reflections.com/topic/103.htm" "Mozilla/5.0 (Windows NT 6.1; WOW64) AppleWebKit/537.36 (KHTML, like Gecko) Chrome/28.0.1500.95 Safari/537.36"
12.178.24.2 - - [12/Aug/2013:11:11:08 -0400] "GET /images/insurance_files/image023.jpg HTTP/1.1" 404 3619 "http://www.philadelphia-reflections.com/topic/103.htm" "Mozilla/5.0 (Windows NT 6.1; WOW64) AppleWebKit/537.36 (KHTML, like Gecko) Chrome/28.0.1500.95 Safari/537.36"
12.178.24.2 - - [12/Aug/2013:11:11:09 -0400] "GET /images/insurance_files/image029.jpg HTTP/1.1" 404 3619 "http://www.philadelphia-reflections.com/topic/103.htm" "Mozilla/5.0 (Windows NT 6.1; WOW64) AppleWebKit/537.36 (KHTML, like Gecko) Chrome/28.0.1500.95 Safari/537.36"
12.178.24.2 - - [12/Aug/2013:11:11:09 -0400] "GET /images/insurance_files/image035.jpg HTTP/1.1" 404 3619 "http://www.philadelphia-reflections.com/topic/103.htm" "Mozilla/5.0 (Windows NT 6.1; WOW64) AppleWebKit/537.36 (KHTML, like Gecko) Chrome/28.0.1500.95 Safari/537.36"
12.178.24.2 - - [12/Aug/2013:11:11:09 -0400] "GET /images/insurance_files/image041.jpg HTTP/1.1" 404 3619 "http://www.philadelphia-reflections.com/topic/103.htm" "Mozilla/5.0 (Windows NT 6.1; WOW64) AppleWebKit/537.36 (KHTML, like Gecko) Chrome/28.0.1500.95 Safari/537.36"
123.125.71.51 - - [12/Aug/2013:00:41:20 -0400] "GET /robots.txt HTTP/1.1" 200 198 "-" "Mozilla/5.0 (compatible; Baiduspider/2.0; +http://www.baidu.com/search/spider.html)"
66.249.75.213 - - [12/Aug/2013:03:50:45 -0400] "GET /robots.txt HTTP/1.1" 200 198 "-" "Mozilla/5.0 (compatible; Googlebot/2.1; +http://www.google.com/bot.html)"
173.199.118.35 - - [12/Aug/2013:05:27:20 -0400] "GET /capneedi/index.php HTTP/1.1" 200 5802 "-" "Mozilla/5.0 (compatible; AhrefsBot/4.0; +http://ahrefs.com/robot/)"
66.249.75.213 - - [12/Aug/2013:06:16:15 -0400] "GET /investment-planning.html HTTP/1.1" 304 - "-" "Mozilla/5.0 (compatible; Googlebot/2.1; +http://www.google.com/bot.html)"
180.76.5.92 - - [12/Aug/2013:06:16:16 -0400] "GET /awstats/1304/awstats.996498.1304.allhosts.html HTTP/1.1" 401 603 "-" "Mozilla/5.0 (compatible; Baiduspider/2.0; +http://www.baidu.com/search/spider.html)"
157.55.34.25 - - [12/Aug/2013:06:56:53 -0400] "GET / HTTP/1.1" 200 8575 "-" "Mozilla/5.0 (compatible; bingbot/2.0; +http://www.bing.com/bingbot.htm)"
123.151.148.180 - - [12/Aug/2013:05:31:08 -0400] "GET /robots.txt HTTP/1.1" 200 198 "http://www.georgefisheradvisors.com/" "Mozilla/5.0 (compatible; MSIE 8.0; Windows NT 6.1)"
95.108.158.238 - - [12/Aug/2013:21:55:59 -0400] "GET /robots.txt HTTP/1.1" 200 198 "-" "Mozilla/5.0 (compatible; YandexImages/3.0; +http://yandex.com/bots)"
199.30.16.6 - - [12/Aug/2013:06:59:21 -0400] "GET /images/insurance_files/image024.jpg HTTP/1.1" 404 3619 "-" "msnbot-media/1.1 (+http://search.msn.com/msnbot.htm)"
199.30.16.31 - - [12/Aug/2013:00:56:18 -0400] "GET /images/retirementplanning/image002.jpg HTTP/1.1" 404 3619 "-" "msnbot-media/1.1 (+http://search.msn.com/msnbot.htm)"
108.5.131.146 - - [12/Aug/2013:01:26:37 -0400] "GET /capneed/index.html HTTP/1.1" 404 3619 "-" "panscient.com"
12.178.24.2 - - [12/Aug/2013:11:10:58 -0400] "GET /images/retirementplanning/image004.jpg HTTP/1.1" 404 3619 "http://www.philadelphia-reflections.com/topic/103.htm" "Mozilla/5.0 (Windows NT 6.1; WOW64) AppleWebKit/537.36 (KHTML, like Gecko) Chrome/28.0.1500.95 Safari/537.36"
12.178.24.2 - - [12/Aug/2013:11:10:58 -0400] "GET /images/retirementplanning/image002.jpg HTTP/1.1" 404 3619 "http://www.philadelphia-reflections.com/topic/103.htm" "Mozilla/5.0 (Windows NT 6.1; WOW64) AppleWebKit/537.36 (KHTML, like Gecko) Chrome/28.0.1500.95 Safari/537.36"
12.178.24.2 - - [12/Aug/2013:11:10:58 -0400] "GET /images/retirementplanning/image009.jpg HTTP/1.1" 404 3619 "http://www.philadelphia-reflections.com/topic/103.htm" "Mozilla/5.0 (Windows NT 6.1; WOW64) AppleWebKit/537.36 (KHTML, like Gecko) Chrome/28.0.1500.95 Safari/537.36"
12.178.24.2 - - [12/Aug/2013:11:10:58 -0400] "GET /images/insurance_files/image004.jpg HTTP/1.1" 404 3619 "http://www.philadelphia-reflections.com/topic/103.htm" "Mozilla/5.0 (Windows NT 6.1; WOW64) AppleWebKit/537.36 (KHTML, like Gecko) Chrome/28.0.1500.95 Safari/537.36"
12.178.24.2 - - [12/Aug/2013:11:10:59 -0400] "GET /images/insurance_files/image010.jpg HTTP/1.1" 404 3619 "http://www.philadelphia-reflections.com/topic/103.htm" "Mozilla/5.0 (Windows NT 6.1; WOW64) AppleWebKit/537.36 (KHTML, like Gecko) Chrome/28.0.1500.95 Safari/537.36"
12.178.24.2 - - [12/Aug/2013:11:10:59 -0400] "GET /images/insurance_files/image016.jpg HTTP/1.1" 404 3619 "http://www.philadelphia-reflections.com/topic/103.htm" "Mozilla/5.0 (Windows NT 6.1; WOW64) AppleWebKit/537.36 (KHTML, like Gecko) Chrome/28.0.1500.95 Safari/537.36"
12.178.24.2 - - [12/Aug/2013:11:10:59 -0400] "GET /images/insurance_files/image023.jpg HTTP/1.1" 404 3619 "http://www.philadelphia-reflections.com/topic/103.htm" "Mozilla/5.0 (Windows NT 6.1; WOW64) AppleWebKit/537.36 (KHTML, like Gecko) Chrome/28.0.1500.95 Safari/537.36"
12.178.24.2 - - [12/Aug/2013:11:10:59 -0400] "GET /images/insurance_files/image028.jpg HTTP/1.1" 404 3619 "http://www.philadelphia-reflections.com/topic/103.htm" "Mozilla/5.0 (Windows NT 6.1; WOW64) AppleWebKit/537.36 (KHTML, like Gecko) Chrome/28.0.1500.95 Safari/537.36"
12.178.24.2 - - [12/Aug/2013:11:10:59 -0400] "GET /images/insurance_files/image034.jpg HTTP/1.1" 404 3619 "http://www.philadelphia-reflections.com/topic/103.htm" "Mozilla/5.0 (Windows NT 6.1; WOW64) AppleWebKit/537.36 (KHTML, like Gecko) Chrome/28.0.1500.95 Safari/537.36"
12.178.24.2 - - [12/Aug/2013:11:10:59 -0400] "GET /images/insurance_files/image040.jpg HTTP/1.1" 404 3619 "http://www.philadelphia-reflections.com/topic/103.htm" "Mozilla/5.0 (Windows NT 6.1; WOW64) AppleWebKit/537.36 (KHTML, like Gecko) Chrome/28.0.1500.95 Safari/537.36"
66.249.75.213 - - [12/Aug/2013:04:46:12 -0400] "GET / HTTP/1.1" 200 8575 "-" "Mozilla/5.0 (iPhone; U; CPU iPhone OS 4_1 like Mac OS X; en-us) AppleWebKit/532.9 (KHTML, like Gecko) Version/4.0.5 Mobile/8B117 Safari/6531.22.7 (compatible; Googlebot-Mobile/2.1; +http://www.google.com/bot.html)"
157.55.34.25 - - [12/Aug/2013:17:13:51 -0400] "GET /awstats/1304/awstats.996498.1304.lastrobots.html HTTP/1.1" 401 603 "-" "Mozilla/5.0 (compatible; bingbot/2.0; +http://www.bing.com/bingbot.htm)"
202.46.55.22 - - [12/Aug/2013:09:34:36 -0400] "GET /awstats/1304/awstats.996498.1304.allhosts.html HTTP/1.1" 401 603 "-" "Mozilla"
65.55.52.111 - - [12/Aug/2013:09:41:10 -0400] "GET /robots.txt HTTP/1.1" 200 198 "-" "Mozilla/5.0 (compatible; bingbot/2.0; +http://www.bing.com/bingbot.htm)"
12.178.24.2 - - [12/Aug/2013:11:11:37 -0400] "GET /images/retirementplanning/image002.jpg HTTP/1.1" 404 3619 "http://www.philadelphia-reflections.com/topic/103.htm" "Mozilla/5.0 (Windows NT 6.1; WOW64) AppleWebKit/537.36 (KHTML, like Gecko) Chrome/28.0.1500.95 Safari/537.36"
12.178.24.2 - - [12/Aug/2013:11:11:38 -0400] "GET /images/retirementplanning/main.css HTTP/1.1" 404 3619 "http://www.georgefisheradvisors.com/images/retirementplanning/image002.jpg" "Mozilla/5.0 (Windows NT 6.1; WOW64) AppleWebKit/537.36 (KHTML, like Gecko) Chrome/28.0.1500.95 Safari/537.36"
180.76.5.191 - - [12/Aug/2013:03:30:13 -0400] "GET /awstats/1211/awstats.996498.1211.browserdetail.html HTTP/1.1" 401 603 "-" "Mozilla/5.0 (compatible; Baiduspider/2.0; +http://www.baidu.com/search/spider.html)"
157.55.32.142 - - [12/Aug/2013:11:00:53 -0400] "GET /awstats/1210/awstats.996498.1210.refererse.html HTTP/1.1" 401 603 "-" "Mozilla/5.0 (compatible; bingbot/2.0; +http://www.bing.com/bingbot.htm)"
12.178.24.2 - - [12/Aug/2013:11:11:08 -0400] "GET /images/insurance_files/image005.jpg HTTP/1.1" 404 3619 "http://www.philadelphia-reflections.com/topic/103.htm" "Mozilla/5.0 (Windows NT 6.1; WOW64) AppleWebKit/537.36 (KHTML, like Gecko) Chrome/28.0.1500.95 Safari/537.36"
12.178.24.2 - - [12/Aug/2013:11:11:08 -0400] "GET /images/insurance_files/image012.jpg HTTP/1.1" 404 3619 "http://www.philadelphia-reflections.com/topic/103.htm" "Mozilla/5.0 (Windows NT 6.1; WOW64) AppleWebKit/537.36 (KHTML, like Gecko) Chrome/28.0.1500.95 Safari/537.36"
12.178.24.2 - - [12/Aug/2013:11:11:08 -0400] "GET /images/insurance_files/image018.jpg HTTP/1.1" 404 3619 "http://www.philadelphia-reflections.com/topic/103.htm" "Mozilla/5.0 (Windows NT 6.1; WOW64) AppleWebKit/537.36 (KHTML, like Gecko) Chrome/28.0.1500.95 Safari/537.36"
12.178.24.2 - - [12/Aug/2013:11:11:08 -0400] "GET /images/insurance_files/image024.jpg HTTP/1.1" 404 3619 "http://www.philadelphia-reflections.com/topic/103.htm" "Mozilla/5.0 (Windows NT 6.1; WOW64) AppleWebKit/537.36 (KHTML, like Gecko) Chrome/28.0.1500.95 Safari/537.36"
12.178.24.2 - - [12/Aug/2013:11:11:09 -0400] "GET /images/insurance_files/image030.jpg HTTP/1.1" 404 3619 "http://www.philadelphia-reflections.com/topic/103.htm" "Mozilla/5.0 (Windows NT 6.1; WOW64) AppleWebKit/537.36 (KHTML, like Gecko) Chrome/28.0.1500.95 Safari/537.36"
12.178.24.2 - - [12/Aug/2013:11:11:09 -0400] "GET /images/insurance_files/image036.jpg HTTP/1.1" 404 3619 "http://www.philadelphia-reflections.com/topic/103.htm" "Mozilla/5.0 (Windows NT 6.1; WOW64) AppleWebKit/537.36 (KHTML, like Gecko) Chrome/28.0.1500.95 Safari/537.36"
46.118.126.194 - - [12/Aug/2013:23:26:34 -0400] "GET /king-lear-quote.html HTTP/1.1" 200 2143 "http://fastxak.com/" "Mozilla/4.0 (compatible; MSIE 6.0; Windows NT) ::ELNSB50::000061100320025802a00111000000000507000900000000"
108.5.131.146 - - [12/Aug/2013:01:25:40 -0400] "GET /investment-planning.html HTTP/1.1" 200 13370 "-" "panscient.com"
108.5.131.146 - - [12/Aug/2013:01:25:41 -0400] "GET /portfolio-management.html HTTP/1.1" 200 11478 "-" "panscient.com"
108.5.131.146 - - [12/Aug/2013:01:25:42 -0400] "GET /javascript/contact.js HTTP/1.1" 200 3328 "-" "panscient.com"
108.5.131.146 - - [12/Aug/2013:01:25:43 -0400] "GET /financial-planning.html HTTP/1.1" 200 9111 "-" "panscient.com"
108.5.131.146 - - [12/Aug/2013:01:25:44 -0400] "GET /?cht=p&chl= HTTP/1.1" 200 8575 "-" "panscient.com"
108.5.131.146 - - [12/Aug/2013:01:25:45 -0400] "GET /index.html HTTP/1.1" 200 8575 "-" "panscient.com"
108.5.131.146 - - [12/Aug/2013:01:25:46 -0400] "GET /experience.html HTTP/1.1" 200 14928 "-" "panscient.com"
108.5.131.146 - - [12/Aug/2013:01:25:47 -0400] "GET /experience.php?q=fpa&page=qualifications HTTP/1.1" 404 3619 "-" "panscient.com"
108.5.131.146 - - [12/Aug/2013:01:25:59 -0400] "GET /text/html HTTP/1.1" 404 3619 "-" "panscient.com"
108.5.131.146 - - [12/Aug/2013:01:26:18 -0400] "GET /form.php HTTP/1.1" 200 - "-" "panscient.com"
108.5.131.146 - - [12/Aug/2013:01:26:36 -0400] "GET /javascript/form.php HTTP/1.1" 404 3619 "-" "panscient.com"
157.55.36.37 - - [12/Aug/2013:01:35:16 -0400] "GET /robots.txt HTTP/1.1" 200 198 "-" "Mozilla/5.0 (compatible; bingbot/2.0; +http://www.bing.com/bingbot.htm)"
180.76.5.53 - - [12/Aug/2013:18:54:46 -0400] "GET /awstats/1212/awstats.996498.1212.urldetail.html HTTP/1.1" 401 603 "-" "Mozilla/5.0 (compatible; Baiduspider/2.0; +http://www.baidu.com/search/spider.html)"
65.55.215.98 - - [12/Aug/2013:20:45:00 -0400] "GET /images/insurance_files/image039.jpg HTTP/1.1" 404 3619 "-" "msnbot-media/1.1 (+http://search.msn.com/msnbot.htm)"
180.76.5.150 - - [12/Aug/2013:21:47:05 -0400] "GET /awstats/1301/awstats.996498.1301.html HTTP/1.1" 401 603 "-" "Mozilla/5.0 (compatible; Baiduspider/2.0; +http://www.baidu.com/search/spider.html)"
66.249.75.213 - - [12/Aug/2013:22:30:48 -0400] "GET /awstats/1307/awstats.996498.1307.alldomains.html HTTP/1.1" 401 603 "-" "Mozilla/5.0 (compatible; Googlebot/2.1; +http://www.google.com/bot.html)"
66.249.75.213 - - [12/Aug/2013:07:58:22 -0400] "GET /experience.php?q=morgan&page=employment HTTP/1.1" 404 3619 "-" "Mozilla/5.0 (compatible; Googlebot/2.1; +http://www.google.com/bot.html)"
157.55.36.38 - - [12/Aug/2013:01:39:37 -0400] "GET /robots.txt HTTP/1.1" 200 198 "-" "Mozilla/5.0 (compatible; bingbot/2.0; +http://www.bing.com/bingbot.htm)"
46.229.167.149 - - [12/Aug/2013:15:57:53 -0400] "GET / HTTP/1.1" 200 8575 "-" "Mozilla/5.0 (X11; U; Linux x86_64; en-US; rv:1.9.2.8) Gecko/20100723 SUSE/3.6.8-0.1.1 Firefox/3.6.8"
193.106.136.58 - - [12/Aug/2013:17:43:41 -0400] "GET /king-lear-quote.html HTTP/1.1" 200 2143 "http://planetakino.com/" "Mozilla/4.0 (compatible; MSIE 7.0b; Windows NT 6.0 ; .NET CLR 2.0.50215; SL Commerce Client v1.0; Tablet PC 2.0"
119.63.193.196 - - [12/Aug/2013:10:56:13 -0400] "GET /awstats/1210/awstats.996498.1210.alldomains.html HTTP/1.0" 401 603 "-" "Mozilla"
12.178.24.2 - - [12/Aug/2013:11:04:41 -0400] "GET /images/retirementplanning/image003.jpg HTTP/1.1" 404 3619 "http://www.philadelphia-reflections.com/topic/103.htm" "Mozilla/5.0 (Windows NT 6.1; WOW64) AppleWebKit/537.36 (KHTML, like Gecko) Chrome/28.0.1500.95 Safari/537.36"
12.178.24.2 - - [12/Aug/2013:11:04:41 -0400] "GET /images/retirementplanning/image009.jpg HTTP/1.1" 404 3619 "http://www.philadelphia-reflections.com/topic/103.htm" "Mozilla/5.0 (Windows NT 6.1; WOW64) AppleWebKit/537.36 (KHTML, like Gecko) Chrome/28.0.1500.95 Safari/537.36"
12.178.24.2 - - [12/Aug/2013:11:04:41 -0400] "GET /images/insurance_files/image008.jpg HTTP/1.1" 404 3619 "http://www.philadelphia-reflections.com/topic/103.htm" "Mozilla/5.0 (Windows NT 6.1; WOW64) AppleWebKit/537.36 (KHTML, like Gecko) Chrome/28.0.1500.95 Safari/537.36"
12.178.24.2 - - [12/Aug/2013:11:04:41 -0400] "GET /images/insurance_files/image014.jpg HTTP/1.1" 404 3619 "http://www.philadelphia-reflections.com/topic/103.htm" "Mozilla/5.0 (Windows NT 6.1; WOW64) AppleWebKit/537.36 (KHTML, like Gecko) Chrome/28.0.1500.95 Safari/537.36"
12.178.24.2 - - [12/Aug/2013:11:04:41 -0400] "GET /images/insurance_files/image020.jpg HTTP/1.1" 404 3619 "http://www.philadelphia-reflections.com/topic/103.htm" "Mozilla/5.0 (Windows NT 6.1; WOW64) AppleWebKit/537.36 (KHTML, like Gecko) Chrome/28.0.1500.95 Safari/537.36"
12.178.24.2 - - [12/Aug/2013:11:04:41 -0400] "GET /images/insurance_files/image026.jpg HTTP/1.1" 404 3619 "http://www.philadelphia-reflections.com/topic/103.htm" "Mozilla/5.0 (Windows NT 6.1; WOW64) AppleWebKit/537.36 (KHTML, like Gecko) Chrome/28.0.1500.95 Safari/537.36"
12.178.24.2 - - [12/Aug/2013:11:04:41 -0400] "GET /images/insurance_files/image032.jpg HTTP/1.1" 404 3619 "http://www.philadelphia-reflections.com/topic/103.htm" "Mozilla/5.0 (Windows NT 6.1; WOW64) AppleWebKit/537.36 (KHTML, like Gecko) Chrome/28.0.1500.95 Safari/537.36"
12.178.24.2 - - [12/Aug/2013:11:04:41 -0400] "GET /images/insurance_files/image038.jpg HTTP/1.1" 404 3619 "http://www.philadelphia-reflections.com/topic/103.htm" "Mozilla/5.0 (Windows NT 6.1; WOW64) AppleWebKit/537.36 (KHTML, like Gecko) Chrome/28.0.1500.95 Safari/537.36"
108.5.131.146 - - [12/Aug/2013:01:25:15 -0400] "GET /investment-planning.html HTTP/1.1" 200 13370 "-" "panscient.com"
108.5.131.146 - - [12/Aug/2013:01:25:16 -0400] "GET /experience.html HTTP/1.1" 200 14928 "-" "panscient.com"
108.5.131.146 - - [12/Aug/2013:01:25:17 -0400] "GET /sitemap.html HTTP/1.1" 200 7828 "-" "panscient.com"
108.5.131.146 - - [12/Aug/2013:01:25:18 -0400] "GET /text/css HTTP/1.1" 404 3619 "-" "panscient.com"
108.5.131.146 - - [12/Aug/2013:01:25:21 -0400] "GET /Asset%20Allocation%20and%20Portfolio%20Rebalancing.htm HTTP/1.1" 404 3619 "-" "panscient.com"
123.151.148.180 - - [12/Aug/2013:16:43:35 -0400] "GET / HTTP/1.1" 200 8575 "http://www.georgefisheradvisors.com/" "Mozilla/5.0 (compatible; Sosospider/2.0; +http://help.soso.com/webspider.htm)"
157.55.32.142 - - [12/Aug/2013:17:07:11 -0400] "GET /awstats/1212/awstats.996498.1212.allrobots.html HTTP/1.1" 401 603 "-" "Mozilla/5.0 (compatible; bingbot/2.0; +http://www.bing.com/bingbot.htm)"
66.249.75.213 - - [12/Aug/2013:13:01:32 -0400] "GET /portfolio-rebalance/portfolio-rebalance.htm HTTP/1.1" 304 - "-" "Mozilla/5.0 (iPhone; U; CPU iPhone OS 4_1 like Mac OS X; en-us) AppleWebKit/532.9 (KHTML, like Gecko) Version/4.0.5 Mobile/8B117 Safari/6531.22.7 (compatible; Googlebot-Mobile/2.1; +http://www.google.com/bot.html)"
178.154.178.251 - - [12/Aug/2013:13:36:04 -0400] "GET / HTTP/1.1" 200 8575 "-" "Mozilla/5.0 (compatible; YandexBot/3.0; +http://yandex.com/bots)"
123.125.71.18 - - [12/Aug/2013:03:50:20 -0400] "GET /experience.html HTTP/1.1" 200 14928 "-" "Mozilla/5.0 (compatible; Baiduspider/2.0; +http://www.baidu.com/search/spider.html)"
66.249.75.213 - - [12/Aug/2013:09:55:58 -0400] "GET / HTTP/1.1" 200 8575 "-" "SAMSUNG-SGH-E250/1.0 Profile/MIDP-2.0 Configuration/CLDC-1.1 UP.Browser/6.2.3.3.c.1.101 (GUI) MMP/2.0 (compatible; Googlebot-Mobile/2.1; +http://www.google.com/bot.html)"
12.178.24.2 - - [12/Aug/2013:11:10:58 -0400] "GET /images/retirementplanning/image006.jpg HTTP/1.1" 404 3619 "http://www.philadelphia-reflections.com/topic/103.htm" "Mozilla/5.0 (Windows NT 6.1; WOW64) AppleWebKit/537.36 (KHTML, like Gecko) Chrome/28.0.1500.95 Safari/537.36"
12.178.24.2 - - [12/Aug/2013:11:10:58 -0400] "GET /images/insurance_files/image007.jpg HTTP/1.1" 404 3619 "http://www.philadelphia-reflections.com/topic/103.htm" "Mozilla/5.0 (Windows NT 6.1; WOW64) AppleWebKit/537.36 (KHTML, like Gecko) Chrome/28.0.1500.95 Safari/537.36"
12.178.24.2 - - [12/Aug/2013:11:10:59 -0400] "GET /images/insurance_files/image013.jpg HTTP/1.1" 404 3619 "http://www.philadelphia-reflections.com/topic/103.htm" "Mozilla/5.0 (Windows NT 6.1; WOW64) AppleWebKit/537.36 (KHTML, like Gecko) Chrome/28.0.1500.95 Safari/537.36"
12.178.24.2 - - [12/Aug/2013:11:10:59 -0400] "GET /images/insurance_files/image019.jpg HTTP/1.1" 404 3619 "http://www.philadelphia-reflections.com/topic/103.htm" "Mozilla/5.0 (Windows NT 6.1; WOW64) AppleWebKit/537.36 (KHTML, like Gecko) Chrome/28.0.1500.95 Safari/537.36"
12.178.24.2 - - [12/Aug/2013:11:10:59 -0400] "GET /images/insurance_files/image025.jpg HTTP/1.1" 404 3619 "http://www.philadelphia-reflections.com/topic/103.htm" "Mozilla/5.0 (Windows NT 6.1; WOW64) AppleWebKit/537.36 (KHTML, like Gecko) Chrome/28.0.1500.95 Safari/537.36"
12.178.24.2 - - [12/Aug/2013:11:10:59 -0400] "GET /images/insurance_files/image031.jpg HTTP/1.1" 404 3619 "http://www.philadelphia-reflections.com/topic/103.htm" "Mozilla/5.0 (Windows NT 6.1; WOW64) AppleWebKit/537.36 (KHTML, like Gecko) Chrome/28.0.1500.95 Safari/537.36"
12.178.24.2 - - [12/Aug/2013:11:10:59 -0400] "GET /images/insurance_files/image037.jpg HTTP/1.1" 404 3619 "http://www.philadelphia-reflections.com/topic/103.htm" "Mozilla/5.0 (Windows NT 6.1; WOW64) AppleWebKit/537.36 (KHTML, like Gecko) Chrome/28.0.1500.95 Safari/537.36"
123.151.148.180 - - [12/Aug/2013:23:50:30 -0400] "GET / HTTP/1.1" 200 8575 "http://georgefisheradvisors.com/" "Mozilla/5.0 (compatible; Sosospider/2.0; +http://help.soso.com/webspider.htm)"
173.199.118.35 - - [12/Aug/2013:21:55:23 -0400] "GET /retirement-planning.html HTTP/1.1" 404 3619 "-" "Mozilla/5.0 (compatible; AhrefsBot/4.0; +http://ahrefs.com/robot/)"
199.21.99.120 - - [12/Aug/2013:22:22:40 -0400] "GET / HTTP/1.1" 200 8575 "-" "Mozilla/5.0 (compatible; YandexBot/3.0; +http://yandex.com/bots)"
91.207.9.226 - - [12/Aug/2013:23:08:31 -0400] "GET /king-lear-quote.html HTTP/1.1" 200 2143 "http://www.lifeazart.com/" "Mozilla/4.0 (compatible; MSIE 7.0b; Windows NT 6.0 ; .NET CLR 2.0.50215; SL Commerce Client v1.0; Tablet PC 2.0"
108.5.131.146 - - [12/Aug/2013:01:25:28 -0400] "GET /experience.php?q=prudential&page=employment HTTP/1.1" 404 3619 "-" "panscient.com"
108.5.131.146 - - [12/Aug/2013:01:26:14 -0400] "GET /javascript/?name= HTTP/1.1" 403 3619 "-" "panscient.com"
157.55.36.38 - - [12/Aug/2013:01:40:59 -0400] "GET /awstats/1301/awstats.996498.1301.keyphrases.html HTTP/1.1" 401 603 "-" "Mozilla/5.0 (compatible; bingbot/2.0; +http://www.bing.com/bingbot.htm)"
65.55.52.111 - - [12/Aug/2013:01:53:46 -0400] "GET /robots.txt HTTP/1.1" 200 198 "-" "Mozilla/5.0 (compatible; bingbot/2.0; +http://www.bing.com/bingbot.htm)"
213.186.127.4 - - [12/Aug/2013:02:16:27 -0400] "GET /rss.xml HTTP/1.1" 200 146232 "-" "AhrefsBot.Feeds v0.1; http://ahrefs.com/"
199.30.16.36 - - [12/Aug/2013:17:20:26 -0400] "GET /robots.txt HTTP/1.1" 200 198 "-" "msnbot-media/1.1 (+http://search.msn.com/msnbot.htm)"
119.63.193.194 - - [12/Aug/2013:10:56:21 -0400] "GET /awstats/1301/awstats.996498.1301.urlentry.html HTTP/1.0" 401 603 "-" "Mozilla"
123.125.71.43 - - [12/Aug/2013:03:49:20 -0400] "GET /investment-planning.html HTTP/1.1" 200 13370 "-" "Mozilla/5.0 (compatible; Baiduspider/2.0; +http://www.baidu.com/search/spider.html)"
202.46.48.84 - - [12/Aug/2013:05:06:39 -0400] "GET /experience.php?q=null&page=employment HTTP/1.1" 404 3619 "-" "Mozilla/5.0 (Windows; U; Windows NT 5.1; zh-CN; rv:1.9.1.2) Firefox/3.5.2"
46.229.164.97 - - [12/Aug/2013:12:12:12 -0400] "GET /robots.txt HTTP/1.1" 200 198 "-" "Mozilla/5.0 (compatible; SemrushBot/0.96.4; +http://www.semrush.com/bot.html)"
108.5.131.146 - - [12/Aug/2013:01:25:31 -0400] "GET /text/html HTTP/1.1" 404 3619 "-" "panscient.com"
108.5.131.146 - - [12/Aug/2013:01:26:05 -0400] "GET /experience.php?q=null&page=employment HTTP/1.1" 404 3619 "-" "panscient.com"
108.5.131.146 - - [12/Aug/2013:01:26:42 -0400] "GET /Asset%20Allocation%20and%20Portfolio%20Rebalancing.htm HTTP/1.1" 404 3619 "-" "panscient.com"
12.178.24.2 - - [12/Aug/2013:11:04:41 -0400] "GET /images/retirementplanning/image007.jpg HTTP/1.1" 404 3619 "http://www.philadelphia-reflections.com/topic/103.htm" "Mozilla/5.0 (Windows NT 6.1; WOW64) AppleWebKit/537.36 (KHTML, like Gecko) Chrome/28.0.1500.95 Safari/537.36"
12.178.24.2 - - [12/Aug/2013:11:04:41 -0400] "GET /images/insurance_files/image006.jpg HTTP/1.1" 404 3619 "http://www.philadelphia-reflections.com/topic/103.htm" "Mozilla/5.0 (Windows NT 6.1; WOW64) AppleWebKit/537.36 (KHTML, like Gecko) Chrome/28.0.1500.95 Safari/537.36"
12.178.24.2 - - [12/Aug/2013:11:04:41 -0400] "GET /images/insurance_files/image012.jpg HTTP/1.1" 404 3619 "http://www.philadelphia-reflections.com/topic/103.htm" "Mozilla/5.0 (Windows NT 6.1; WOW64) AppleWebKit/537.36 (KHTML, like Gecko) Chrome/28.0.1500.95 Safari/537.36"
12.178.24.2 - - [12/Aug/2013:11:04:41 -0400] "GET /images/insurance_files/image018.jpg HTTP/1.1" 404 3619 "http://www.philadelphia-reflections.com/topic/103.htm" "Mozilla/5.0 (Windows NT 6.1; WOW64) AppleWebKit/537.36 (KHTML, like Gecko) Chrome/28.0.1500.95 Safari/537.36"
12.178.24.2 - - [12/Aug/2013:11:04:41 -0400] "GET /images/insurance_files/image024.jpg HTTP/1.1" 404 3619 "http://www.philadelphia-reflections.com/topic/103.htm" "Mozilla/5.0 (Windows NT 6.1; WOW64) AppleWebKit/537.36 (KHTML, like Gecko) Chrome/28.0.1500.95 Safari/537.36"
12.178.24.2 - - [12/Aug/2013:11:04:41 -0400] "GET /images/insurance_files/image030.jpg HTTP/1.1" 404 3619 "http://www.philadelphia-reflections.com/topic/103.htm" "Mozilla/5.0 (Windows NT 6.1; WOW64) AppleWebKit/537.36 (KHTML, like Gecko) Chrome/28.0.1500.95 Safari/537.36"
12.178.24.2 - - [12/Aug/2013:11:04:41 -0400] "GET /images/insurance_files/image036.jpg HTTP/1.1" 404 3619 "http://www.philadelphia-reflections.com/topic/103.htm" "Mozilla/5.0 (Windows NT 6.1; WOW64) AppleWebKit/537.36 (KHTML, like Gecko) Chrome/28.0.1500.95 Safari/537.36"
213.186.127.4 - - [12/Aug/2013:11:17:49 -0400] "GET /rss.xml HTTP/1.1" 200 146232 "-" "AhrefsBot.Feeds v0.1; http://ahrefs.com/"
180.76.5.176 - - [12/Aug/2013:01:27:21 -0400] "GET /disclaimer.html HTTP/1.1" 200 12258 "-" "Mozilla/5.0 (compatible; Baiduspider/2.0; +http://www.baidu.com/search/spider.html)"
199.30.16.7 - - [12/Aug/2013:07:28:25 -0400] "GET /robots.txt HTTP/1.1" 200 198 "-" "msnbot-media/1.1 (+http://search.msn.com/msnbot.htm)"
180.76.5.16 - - [12/Aug/2013:10:55:18 -0400] "GET /javascript/contact.js HTTP/1.1" 304 - "-" "Mozilla/5.0 (compatible; Baiduspider/2.0; +http://www.baidu.com/search/spider.html)"
119.63.193.196 - - [12/Aug/2013:10:56:38 -0400] "GET /awstats/1304/awstats.996498.1304.allhosts.html HTTP/1.0" 401 603 "-" "Mozilla"
91.207.9.226 - - [12/Aug/2013:11:45:54 -0400] "GET /king-lear-quote.html HTTP/1.1" 200 2143 "http://internet-exe.com/" "Mozilla/6.0 (compatible; MSIE 7.0a1; Windows NT 5.2; SV1)"
108.5.131.146 - - [12/Aug/2013:01:25:09 -0400] "GET /robots.txt HTTP/1.1" 200 198 "-" "panscient.com"
108.5.131.146 - - [12/Aug/2013:01:25:10 -0400] "GET / HTTP/1.1" 200 8575 "-" "panscient.com"
108.5.131.146 - - [12/Aug/2013:01:25:11 -0400] "GET /contact.html HTTP/1.1" 200 9123 "-" "panscient.com"
108.5.131.146 - - [12/Aug/2013:01:25:12 -0400] "GET /javascript/contact.js HTTP/1.1" 200 3328 "-" "panscient.com"
108.5.131.146 - - [12/Aug/2013:01:25:13 -0400] "GET /portfolio-management.html HTTP/1.1" 200 11478 "-" "panscient.com"
108.5.131.146 - - [12/Aug/2013:01:25:14 -0400] "GET /.google-analytics.com/ga.js HTTP/1.1" 404 3619 "-" "panscient.com"
108.5.131.146 - - [12/Aug/2013:01:25:50 -0400] "GET /sitemap.html HTTP/1.1" 200 7828 "-" "panscient.com"
108.5.131.146 - - [12/Aug/2013:01:25:51 -0400] "GET /andrew.html HTTP/1.1" 200 7591 "-" "panscient.com"
108.5.131.146 - - [12/Aug/2013:01:25:52 -0400] "GET /experience.php?q=null&page=qualifications HTTP/1.1" 404 3619 "-" "panscient.com"
66.249.75.213 - - [12/Aug/2013:01:27:39 -0400] "GET /portfolio-rebalance/portfolio-rebalance.htm HTTP/1.1" 304 - "-" "Mozilla/5.0 (compatible; Googlebot/2.1; +http://www.google.com/bot.html)"
180.76.5.14 - - [12/Aug/2013:14:33:02 -0400] "GET /awstats/1212/awstats.996498.1212.keyphrases.html HTTP/1.1" 401 603 "-" "Mozilla/5.0 (compatible; Baiduspider/2.0; +http://www.baidu.com/search/spider.html)"
12.178.24.2 - - [12/Aug/2013:11:04:41 -0400] "GET /images/retirementplanning/image008.jpg HTTP/1.1" 404 3619 "http://www.philadelphia-reflections.com/topic/103.htm" "Mozilla/5.0 (Windows NT 6.1; WOW64) AppleWebKit/537.36 (KHTML, like Gecko) Chrome/28.0.1500.95 Safari/537.36"
12.178.24.2 - - [12/Aug/2013:11:04:41 -0400] "GET /images/insurance_files/image005.jpg HTTP/1.1" 404 3619 "http://www.philadelphia-reflections.com/topic/103.htm" "Mozilla/5.0 (Windows NT 6.1; WOW64) AppleWebKit/537.36 (KHTML, like Gecko) Chrome/28.0.1500.95 Safari/537.36"
12.178.24.2 - - [12/Aug/2013:11:04:41 -0400] "GET /images/insurance_files/image011.jpg HTTP/1.1" 404 3619 "http://www.philadelphia-reflections.com/topic/103.htm" "Mozilla/5.0 (Windows NT 6.1; WOW64) AppleWebKit/537.36 (KHTML, like Gecko) Chrome/28.0.1500.95 Safari/537.36"
12.178.24.2 - - [12/Aug/2013:11:04:41 -0400] "GET /images/insurance_files/image017.jpg HTTP/1.1" 404 3619 "http://www.philadelphia-reflections.com/topic/103.htm" "Mozilla/5.0 (Windows NT 6.1; WOW64) AppleWebKit/537.36 (KHTML, like Gecko) Chrome/28.0.1500.95 Safari/537.36"
12.178.24.2 - - [12/Aug/2013:11:04:41 -0400] "GET /images/insurance_files/image023.jpg HTTP/1.1" 404 3619 "http://www.philadelphia-reflections.com/topic/103.htm" "Mozilla/5.0 (Windows NT 6.1; WOW64) AppleWebKit/537.36 (KHTML, like Gecko) Chrome/28.0.1500.95 Safari/537.36"
12.178.24.2 - - [12/Aug/2013:11:04:41 -0400] "GET /images/insurance_files/image029.jpg HTTP/1.1" 404 3619 "http://www.philadelphia-reflections.com/topic/103.htm" "Mozilla/5.0 (Windows NT 6.1; WOW64) AppleWebKit/537.36 (KHTML, like Gecko) Chrome/28.0.1500.95 Safari/537.36"
12.178.24.2 - - [12/Aug/2013:11:04:41 -0400] "GET /images/insurance_files/image035.jpg HTTP/1.1" 404 3619 "http://www.philadelphia-reflections.com/topic/103.htm" "Mozilla/5.0 (Windows NT 6.1; WOW64) AppleWebKit/537.36 (KHTML, like Gecko) Chrome/28.0.1500.95 Safari/537.36"
12.178.24.2 - - [12/Aug/2013:11:04:42 -0400] "GET /images/insurance_files/image041.jpg HTTP/1.1" 404 3619 "http://www.philadelphia-reflections.com/topic/103.htm" "Mozilla/5.0 (Windows NT 6.1; WOW64) AppleWebKit/537.36 (KHTML, like Gecko) Chrome/28.0.1500.95 Safari/537.36"
180.76.5.171 - - [12/Aug/2013:23:11:50 -0400] "GET /awstats/1302/awstats.996498.1302.session.html HTTP/1.1" 401 603 "-" "Mozilla/5.0 (compatible; Baiduspider/2.0; +http://www.baidu.com/search/spider.html)"
77.88.30.248 - - [12/Aug/2013:06:10:21 -0400] "GET / HTTP/1.1" 200 8575 "-" "Mozilla/5.0 (compatible; YandexBot/3.0; +http://yandex.com/bots)"
66.249.75.213 - - [12/Aug/2013:15:45:47 -0400] "GET /cash-choices/powered-by-spreadsheetconverter.png HTTP/1.1" 304 - "-" "Googlebot-Image/1.0"
123.125.71.75 - - [12/Aug/2013:03:49:00 -0400] "GET /about.html HTTP/1.1" 200 9882 "-" "Mozilla/5.0 (compatible; Baiduspider/2.0; +http://www.baidu.com/search/spider.html)"
79.113.83.74 - - [12/Aug/2013:17:13:00 -0400] "GET / HTTP/1.1" 200 8575 "-" "-"
66.249.75.213 - - [12/Aug/2013:15:28:20 -0400] "GET /cash-choices/powered-by-spreadsheetconverter.png HTTP/1.1" 304 - "-" "Googlebot-Image/1.0"
218.30.103.132 - - [12/Aug/2013:17:17:57 -0400] "GET / HTTP/1.1" 304 - "-" "Sogou web spider/4.0(+http://www.sogou.com/docs/help/webmasters.htm#07)"
178.154.173.30 - - [12/Aug/2013:13:35:58 -0400] "GET /disclaimer.html HTTP/1.1" 200 12258 "-" "Mozilla/5.0 (compatible; YandexBot/3.0; +http://yandex.com/bots)"
123.125.71.53 - - [12/Aug/2013:03:46:50 -0400] "GET / HTTP/1.1" 200 8575 "-" "Mozilla/5.0 (compatible; Baiduspider/2.0; +http://www.baidu.com/search/spider.html)"
157.55.34.25 - - [12/Aug/2013:06:42:13 -0400] "GET /robots.txt HTTP/1.1" 200 198 "-" "Mozilla/5.0 (compatible; bingbot/2.0; +http://www.bing.com/bingbot.htm)"
157.55.34.25 - - [12/Aug/2013:05:07:17 -0400] "GET /robots.txt HTTP/1.1" 200 198 "-" "Mozilla/5.0 (compatible; bingbot/2.0; +http://www.bing.com/bingbot.htm)"
12.178.24.2 - - [12/Aug/2013:11:04:41 -0400] "GET /images/retirementplanning/image006.jpg HTTP/1.1" 404 3619 "http://www.philadelphia-reflections.com/topic/103.htm" "Mozilla/5.0 (Windows NT 6.1; WOW64) AppleWebKit/537.36 (KHTML, like Gecko) Chrome/28.0.1500.95 Safari/537.36"
12.178.24.2 - - [12/Aug/2013:11:04:41 -0400] "GET /images/insurance_files/image003.jpg HTTP/1.1" 404 3619 "http://www.philadelphia-reflections.com/topic/103.htm" "Mozilla/5.0 (Windows NT 6.1; WOW64) AppleWebKit/537.36 (KHTML, like Gecko) Chrome/28.0.1500.95 Safari/537.36"
12.178.24.2 - - [12/Aug/2013:11:04:41 -0400] "GET /images/insurance_files/image009.jpg HTTP/1.1" 404 3619 "http://www.philadelphia-reflections.com/topic/103.htm" "Mozilla/5.0 (Windows NT 6.1; WOW64) AppleWebKit/537.36 (KHTML, like Gecko) Chrome/28.0.1500.95 Safari/537.36"
12.178.24.2 - - [12/Aug/2013:11:04:41 -0400] "GET /images/insurance_files/image015.jpg HTTP/1.1" 404 3619 "http://www.philadelphia-reflections.com/topic/103.htm" "Mozilla/5.0 (Windows NT 6.1; WOW64) AppleWebKit/537.36 (KHTML, like Gecko) Chrome/28.0.1500.95 Safari/537.36"
12.178.24.2 - - [12/Aug/2013:11:04:41 -0400] "GET /images/insurance_files/image021.jpg HTTP/1.1" 404 3619 "http://www.philadelphia-reflections.com/topic/103.htm" "Mozilla/5.0 (Windows NT 6.1; WOW64) AppleWebKit/537.36 (KHTML, like Gecko) Chrome/28.0.1500.95 Safari/537.36"
12.178.24.2 - - [12/Aug/2013:11:04:41 -0400] "GET /images/insurance_files/image027.jpg HTTP/1.1" 404 3619 "http://www.philadelphia-reflections.com/topic/103.htm" "Mozilla/5.0 (Windows NT 6.1; WOW64) AppleWebKit/537.36 (KHTML, like Gecko) Chrome/28.0.1500.95 Safari/537.36"
12.178.24.2 - - [12/Aug/2013:11:04:41 -0400] "GET /images/insurance_files/image033.jpg HTTP/1.1" 404 3619 "http://www.philadelphia-reflections.com/topic/103.htm" "Mozilla/5.0 (Windows NT 6.1; WOW64) AppleWebKit/537.36 (KHTML, like Gecko) Chrome/28.0.1500.95 Safari/537.36"
12.178.24.2 - - [12/Aug/2013:11:04:41 -0400] "GET /images/insurance_files/image039.jpg HTTP/1.1" 404 3619 "http://www.philadelphia-reflections.com/topic/103.htm" "Mozilla/5.0 (Windows NT 6.1; WOW64) AppleWebKit/537.36 (KHTML, like Gecko) Chrome/28.0.1500.95 Safari/537.36"
12.178.24.2 - - [12/Aug/2013:11:11:21 -0400] "GET /images/retirementplanning/image003.jpg HTTP/1.1" 404 3619 "http://www.philadelphia-reflections.com/topic/103.htm" "Mozilla/5.0 (Windows NT 6.1; WOW64) AppleWebKit/537.36 (KHTML, like Gecko) Chrome/28.0.1500.95 Safari/537.36"
12.178.24.2 - - [12/Aug/2013:11:11:21 -0400] "GET /images/retirementplanning/main.css HTTP/1.1" 404 3619 "http://www.georgefisheradvisors.com/images/retirementplanning/image003.jpg" "Mozilla/5.0 (Windows NT 6.1; WOW64) AppleWebKit/537.36 (KHTML, like Gecko) Chrome/28.0.1500.95 Safari/537.36"
12.178.24.2 - - [12/Aug/2013:11:11:21 -0400] "GET /graphics/header.png HTTP/1.1" 200 3053 "http://www.georgefisheradvisors.com/images/retirementplanning/image003.jpg" "Mozilla/5.0 (Windows NT 6.1; WOW64) AppleWebKit/537.36 (KHTML, like Gecko) Chrome/28.0.1500.95 Safari/537.36"
108.5.131.146 - - [12/Aug/2013:01:26:12 -0400] "GET /javascript/?authorization=formtrue HTTP/1.1" 403 3619 "-" "panscient.com"
199.30.20.143 - - [12/Aug/2013:02:40:35 -0400] "GET /robots.txt HTTP/1.1" 200 198 "-" "msnbot-media/1.1 (+http://search.msn.com/msnbot.htm)"
157.55.34.25 - - [12/Aug/2013:07:44:43 -0400] "GET /awstats/1307/awstats.996498.1307.lasthosts.html HTTP/1.1" 401 603 "-" "Mozilla/5.0 (compatible; bingbot/2.0; +http://www.bing.com/bingbot.htm)"
202.46.60.60 - - [12/Aug/2013:09:34:45 -0400] "GET /awstats/1306/awstats.996498.1306.browserdetail.html HTTP/1.1" 401 603 "-" "Mozilla"
119.63.193.195 - - [12/Aug/2013:10:56:30 -0400] "GET /awstats/1303/awstats.996498.1303.lasthosts.html HTTP/1.0" 401 603 "-" "Mozilla"
12.178.24.2 - - [12/Aug/2013:11:04:41 -0400] "GET /images/retirementplanning/image004.jpg HTTP/1.1" 404 3619 "http://www.philadelphia-reflections.com/topic/103.htm" "Mozilla/5.0 (Windows NT 6.1; WOW64) AppleWebKit/537.36 (KHTML, like Gecko) Chrome/28.0.1500.95 Safari/537.36"
12.178.24.2 - - [12/Aug/2013:11:04:41 -0400] "GET /images/ThePowerOfConsistentEarlySaving.jpg HTTP/1.1" 404 3619 "http://www.philadelphia-reflections.com/topic/103.htm" "Mozilla/5.0 (Windows NT 6.1; WOW64) AppleWebKit/537.36 (KHTML, like Gecko) Chrome/28.0.1500.95 Safari/537.36"
12.178.24.2 - - [12/Aug/2013:11:04:41 -0400] "GET /images/insurance_files/image007.jpg HTTP/1.1" 404 3619 "http://www.philadelphia-reflections.com/topic/103.htm" "Mozilla/5.0 (Windows NT 6.1; WOW64) AppleWebKit/537.36 (KHTML, like Gecko) Chrome/28.0.1500.95 Safari/537.36"
12.178.24.2 - - [12/Aug/2013:11:04:41 -0400] "GET /images/insurance_files/image013.jpg HTTP/1.1" 404 3619 "http://www.philadelphia-reflections.com/topic/103.htm" "Mozilla/5.0 (Windows NT 6.1; WOW64) AppleWebKit/537.36 (KHTML, like Gecko) Chrome/28.0.1500.95 Safari/537.36"
12.178.24.2 - - [12/Aug/2013:11:04:41 -0400] "GET /images/insurance_files/image019.jpg HTTP/1.1" 404 3619 "http://www.philadelphia-reflections.com/topic/103.htm" "Mozilla/5.0 (Windows NT 6.1; WOW64) AppleWebKit/537.36 (KHTML, like Gecko) Chrome/28.0.1500.95 Safari/537.36"
12.178.24.2 - - [12/Aug/2013:11:04:41 -0400] "GET /images/insurance_files/image025.jpg HTTP/1.1" 404 3619 "http://www.philadelphia-reflections.com/topic/103.htm" "Mozilla/5.0 (Windows NT 6.1; WOW64) AppleWebKit/537.36 (KHTML, like Gecko) Chrome/28.0.1500.95 Safari/537.36"
12.178.24.2 - - [12/Aug/2013:11:04:41 -0400] "GET /images/insurance_files/image031.jpg HTTP/1.1" 404 3619 "http://www.philadelphia-reflections.com/topic/103.htm" "Mozilla/5.0 (Windows NT 6.1; WOW64) AppleWebKit/537.36 (KHTML, like Gecko) Chrome/28.0.1500.95 Safari/537.36"
12.178.24.2 - - [12/Aug/2013:11:04:41 -0400] "GET /images/insurance_files/image037.jpg HTTP/1.1" 404 3619 "http://www.philadelphia-reflections.com/topic/103.htm" "Mozilla/5.0 (Windows NT 6.1; WOW64) AppleWebKit/537.36 (KHTML, like Gecko) Chrome/28.0.1500.95 Safari/537.36"
66.249.75.213 - - [12/Aug/2013:05:05:51 -0400] "GET /experience-workX.php HTTP/1.1" 200 9811 "-" "Mozilla/5.0 (compatible; Googlebot/2.1; +http://www.google.com/bot.html)"
108.5.131.146 - - [12/Aug/2013:01:26:15 -0400] "GET /javascript/?city= HTTP/1.1" 403 3619 "-" "panscient.com"
173.199.118.35 - - [12/Aug/2013:01:43:41 -0400] "GET /andrew.html HTTP/1.1" 200 7591 "-" "Mozilla/5.0 (compatible; AhrefsBot/4.0; +http://ahrefs.com/robot/)"
65.55.52.111 - - [12/Aug/2013:09:41:52 -0400] "GET / HTTP/1.1" 200 8575 "-" "Mozilla/5.0 (compatible; bingbot/2.0; +http://www.bing.com/bingbot.htm)"
95.108.158.238 - - [12/Aug/2013:22:55:42 -0400] "GET /images/retirementplanning.jpg HTTP/1.1" 404 3619 "-" "Mozilla/5.0 (compatible; YandexImages/3.0; +http://yandex.com/bots)"
123.125.71.46 - - [12/Aug/2013:00:02:43 -0400] "GET /robots.txt HTTP/1.1" 200 198 "-" "Mozilla/5.0 (compatible; Baiduspider/2.0; +http://www.baidu.com/search/spider.html)"
54.221.28.189 - - [12/Aug/2013:03:43:02 -0400] "HEAD / HTTP/1.1" 200 - "-" "python-requests/1.1.0 CPython/2.7.4 Linux/3.8.0-19-generic"
180.76.5.136 - - [12/Aug/2013:05:24:40 -0400] "GET /awstats/1211/awstats.996498.1211.allrobots.html HTTP/1.1" 401 603 "-" "Mozilla/5.0 (compatible; Baiduspider/2.0; +http://www.baidu.com/search/spider.html)"
123.151.148.180 - - [12/Aug/2013:09:03:45 -0400] "GET / HTTP/1.1" 200 8575 "http://georgefisheradvisors.com/" "Mozilla/5.0 (compatible; Sosospider/2.0; +http://help.soso.com/webspider.htm)"
12.178.24.2 - - [12/Aug/2013:11:10:58 -0400] "GET /images/retirementplanning/image008.jpg HTTP/1.1" 404 3619 "http://www.philadelphia-reflections.com/topic/103.htm" "Mozilla/5.0 (Windows NT 6.1; WOW64) AppleWebKit/537.36 (KHTML, like Gecko) Chrome/28.0.1500.95 Safari/537.36"
12.178.24.2 - - [12/Aug/2013:11:10:58 -0400] "GET /images/insurance_files/image008.jpg HTTP/1.1" 404 3619 "http://www.philadelphia-reflections.com/topic/103.htm" "Mozilla/5.0 (Windows NT 6.1; WOW64) AppleWebKit/537.36 (KHTML, like Gecko) Chrome/28.0.1500.95 Safari/537.36"
12.178.24.2 - - [12/Aug/2013:11:10:59 -0400] "GET /images/insurance_files/image014.jpg HTTP/1.1" 404 3619 "http://www.philadelphia-reflections.com/topic/103.htm" "Mozilla/5.0 (Windows NT 6.1; WOW64) AppleWebKit/537.36 (KHTML, like Gecko) Chrome/28.0.1500.95 Safari/537.36"
12.178.24.2 - - [12/Aug/2013:11:10:59 -0400] "GET /images/insurance_files/image020.jpg HTTP/1.1" 404 3619 "http://www.philadelphia-reflections.com/topic/103.htm" "Mozilla/5.0 (Windows NT 6.1; WOW64) AppleWebKit/537.36 (KHTML, like Gecko) Chrome/28.0.1500.95 Safari/537.36"
12.178.24.2 - - [12/Aug/2013:11:10:59 -0400] "GET /images/insurance_files/image026.jpg HTTP/1.1" 404 3619 "http://www.philadelphia-reflections.com/topic/103.htm" "Mozilla/5.0 (Windows NT 6.1; WOW64) AppleWebKit/537.36 (KHTML, like Gecko) Chrome/28.0.1500.95 Safari/537.36"
12.178.24.2 - - [12/Aug/2013:11:10:59 -0400] "GET /images/insurance_files/image032.jpg HTTP/1.1" 404 3619 "http://www.philadelphia-reflections.com/topic/103.htm" "Mozilla/5.0 (Windows NT 6.1; WOW64) AppleWebKit/537.36 (KHTML, like Gecko) Chrome/28.0.1500.95 Safari/537.36"
12.178.24.2 - - [12/Aug/2013:11:10:59 -0400] "GET /images/insurance_files/image038.jpg HTTP/1.1" 404 3619 "http://www.philadelphia-reflections.com/topic/103.htm" "Mozilla/5.0 (Windows NT 6.1; WOW64) AppleWebKit/537.36 (KHTML, like Gecko) Chrome/28.0.1500.95 Safari/537.36"
108.5.131.146 - - [12/Aug/2013:01:26:17 -0400] "GET /capneed/explanation.html HTTP/1.1" 404 3619 "-" "panscient.com"
180.76.5.53 - - [12/Aug/2013:01:37:40 -0400] "GET /awstats/1212/awstats.996498.1212.refererse.html HTTP/1.1" 401 603 "-" "Mozilla/5.0 (compatible; Baiduspider/2.0; +http://www.baidu.com/search/spider.html)"
157.55.35.80 - - [12/Aug/2013:01:57:29 -0400] "GET /main.css HTTP/1.1" 200 3884 "-" "Mozilla/5.0 (compatible; bingbot/2.0; +http://www.bing.com/bingbot.htm)"
157.55.34.25 - - [12/Aug/2013:07:02:23 -0400] "GET /robots.txt HTTP/1.1" 200 198 "-" "Mozilla/5.0 (compatible; bingbot/2.0; +http://www.bing.com/bingbot.htm)"
217.69.133.12 - - [12/Aug/2013:20:26:20 -0400] "GET /disclaimer.html HTTP/1.0" 200 12258 "-" "Mozilla/5.0 (compatible; Linux x86_64; Mail.RU_Bot/2.0; +http://go.mail.ru/help/robots)"
173.199.118.35 - - [12/Aug/2013:05:39:40 -0400] "GET /presentations/fp00%20-%20Retirement%20Planning%20Overview/index.html HTTP/1.1" 404 3619 "-" "Mozilla/5.0 (compatible; AhrefsBot/4.0; +http://ahrefs.com/robot/)"
202.46.62.92 - - [12/Aug/2013:09:34:11 -0400] "GET /awstats/1210/awstats.996498.1210.alldomains.html HTTP/1.1" 401 603 "-" "Mozilla"
178.137.128.238 - - [12/Aug/2013:10:08:34 -0400] "GET /king-lear-quote.html HTTP/1.1" 200 2143 "http://bidla.net/" "Mozilla/4.0 (compatible; MSIE 6.0; Windows 98; Win 9x 4.90; Creative)"
199.21.99.120 - - [12/Aug/2013:11:06:39 -0400] "GET /robots.txt HTTP/1.1" 200 198 "-" "Mozilla/5.0 (compatible; YandexBot/3.0; +http://yandex.com/bots)"
157.55.36.37 - - [12/Aug/2013:01:45:59 -0400] "GET / HTTP/1.1" 200 8575 "-" "Mozilla/5.0 (compatible; bingbot/2.0; +http://www.bing.com/bingbot.htm)"
157.55.34.25 - - [12/Aug/2013:07:10:22 -0400] "GET /awstats/1304/awstats.996498.1304.urldetail.html HTTP/1.1" 401 603 "-" "Mozilla/5.0 (compatible; bingbot/2.0; +http://www.bing.com/bingbot.htm)"
65.55.215.41 - - [12/Aug/2013:12:02:27 -0400] "GET /robots.txt HTTP/1.1" 200 198 "-" "msnbot-media/1.1 (+http://search.msn.com/msnbot.htm)"
202.46.62.90 - - [12/Aug/2013:09:34:19 -0400] "GET /awstats/1301/awstats.996498.1301.urlentry.html HTTP/1.1" 401 603 "-" "Mozilla"
85.25.134.59 - - [12/Aug/2013:01:28:47 -0400] "GET /robots.txt HTTP/1.1" 200 198 "http://netcomber.com/georgefisheradvisor.com?st=br" "NCBot (http://netcomber.com?st=ba : tool for finding true domain owners) Queries/complaints: bot@netcomber.com"
5.9.149.166 - - [12/Aug/2013:19:17:28 -0400] "GET /robots.txt HTTP/1.1" 200 198 "-" "Mozilla/4.0 (compatible; MSIE 5.5; Windows NT)"
180.76.5.51 - - [12/Aug/2013:20:20:06 -0400] "GET /capneed/ HTTP/1.1" 200 38755 "-" "Mozilla/5.0 (compatible; Baiduspider/2.0; +http://www.baidu.com/search/spider.html)"
199.30.16.7 - - [12/Aug/2013:07:28:25 -0400] "GET /graphics/icon-hover.png HTTP/1.1" 200 216 "-" "msnbot-media/1.1 (+http://search.msn.com/msnbot.htm)"
66.249.75.213 - - [12/Aug/2013:08:46:24 -0400] "GET /experience.php?q=prudential&page=employment HTTP/1.1" 404 3619 "-" "Mozilla/5.0 (compatible; Googlebot/2.1; +http://www.google.com/bot.html)"
