199.21.99.120 - - [12/Aug/2013:13:36:01 -0400] "GET /index.html HTTP/1.1" 200 8575 "-" "Mozilla/5.0 (compatible; YandexBot/3.0; +http://yandex.com/bots)"
157.55.34.25 - - [12/Aug/2013:05:28:14 -0400] "GET / HTTP/1.1" 304 - "-" "Mozilla/5.0 (compatible; bingbot/2.0; +http://www.bing.com/bingbot.htm)"
156.70.222.11 - - [12/Aug/2013:11:47:26 -0400] "GET /capneed/ HTTP/1.1" 200 38755 "-" "Mozilla/4.0 (compatible; MSIE 7.0; Windows NT 6.0; SLCC1; .NET CLR 2.0.50727; InfoPath.2; .NET CLR 1.1.4322; .NET CLR 3.5.30729; MS-RTC LM 8; .NET CLR 3.0.30729; .NET4.0C; .NET4.0E)"
156.70.222.11 - - [12/Aug/2013:11:47:27 -0400] "GET /favicon.ico HTTP/1.1" 200 1150 "-" "Mozilla/4.0 (compatible; MSIE 7.0; Windows NT 6.0; SLCC1; .NET CLR 2.0.50727; InfoPath.2; .NET CLR 1.1.4322; .NET CLR 3.5.30729; MS-RTC LM 8; .NET CLR 3.0.30729; .NET4.0C; .NET4.0E)"
65.55.215.109 - - [12/Aug/2013:00:57:24 -0400] "GET /robots.txt HTTP/1.1" 200 198 "-" "msnbot-media/1.1 (+http://search.msn.com/msnbot.htm)"
180.76.5.190 - - [12/Aug/2013:17:28:48 -0400] "GET /awstats/1212/awstats.996498.1212.unknownos.html HTTP/1.1" 401 603 "-" "Mozilla/5.0 (compatible; Baiduspider/2.0; +http://www.baidu.com/search/spider.html)"
173.199.118.35 - - [12/Aug/2013:23:11:02 -0400] "GET /index.html HTTP/1.1" 200 8575 "-" "Mozilla/5.0 (compatible; AhrefsBot/4.0; +http://ahrefs.com/robot/)"
65.55.213.242 - - [12/Aug/2013:12:25:14 -0400] "GET /sitemap.xml HTTP/1.1" 200 50712 "-" "msnbot/2.0b (+http://search.msn.com/msnbot.htm)"
180.76.5.142 - - [12/Aug/2013:09:02:57 -0400] "GET /awstats/1210/awstats.996498.1210.lasthosts.html HTTP/1.1" 401 603 "-" "Mozilla/5.0 (compatible; Baiduspider/2.0; +http://www.baidu.com/search/spider.html)"
157.55.32.142 - - [12/Aug/2013:10:59:07 -0400] "GET /robots.txt HTTP/1.1" 200 198 "-" "Mozilla/5.0 (compatible; bingbot/2.0; +http://www.bing.com/bingbot.htm)"
218.30.103.132 - - [12/Aug/2013:17:17:58 -0400] "GET /robots.txt HTTP/1.1" 200 198 "-" "Sogou web spider/4.0"
5.9.149.166 - - [12/Aug/2013:19:17:31 -0400] "GET /robots.txt HTTP/1.1" 200 198 "-" "Mozilla/4.0 (compatible; MSIE 5.5; Windows NT)"
131.253.24.67 - - [12/Aug/2013:20:46:06 -0400] "GET /king-lear-quote.html HTTP/1.1" 200 2143 "-" "Mozilla/4.0 (compatible; MSIE 7.0; Windows NT 5.2; SV1; .NET CLR 1.1.4322; .NET CLR 2.0.50727; .NET CLR 3.0.30729)"
108.5.131.146 - - [12/Aug/2013:01:25:19 -0400] "GET /about.html HTTP/1.1" 200 9882 "-" "panscient.com"
108.5.131.146 - - [12/Aug/2013:01:25:20 -0400] "GET /disclaimer.html HTTP/1.1" 200 12258 "-" "panscient.com"
108.5.131.146 - - [12/Aug/2013:01:25:22 -0400] "GET /experience.php?q=wachovia&page=employment HTTP/1.1" 404 3619 "-" "panscient.com"
108.5.131.146 - - [12/Aug/2013:01:25:27 -0400] "GET /capneed/explanation.html HTTP/1.1" 404 3619 "-" "panscient.com"
81.169.139.145 - - [12/Aug/2013:14:33:43 -0400] "GET / HTTP/1.1" 200 8575 "-" "Mozilla/5.0 (Windows NT 6.1; WOW64) AppleWebKit/537.17 (KHTML, like Gecko) Chrome/24.0.1312.56 Safari/537.17"
12.178.24.2 - - [12/Aug/2013:11:11:08 -0400] "GET /images/retirementplanning/image006.jpg HTTP/1.1" 404 3619 "http://www.philadelphia-reflections.com/topic/103.htm" "Mozilla/5.0 (Windows NT 6.1; WOW64) AppleWebKit/537.36 (KHTML, like Gecko) Chrome/28.0.1500.95 Safari/537.36"
12.178.24.2 - - [12/Aug/2013:11:11:08 -0400] "GET /images/retirementplanning/image009.jpg HTTP/1.1" 404 3619 "http://www.philadelphia-reflections.com/topic/103.htm" "Mozilla/5.0 (Windows NT 6.1; WOW64) AppleWebKit/537.36 (KHTML, like Gecko) Chrome/28.0.1500.95 Safari/537.36"
12.178.24.2 - - [12/Aug/2013:11:11:08 -0400] "GET /images/insurance_files/image008.jpg HTTP/1.1" 404 3619 "http://www.philadelphia-reflections.com/topic/103.htm" "Mozilla/5.0 (Windows NT 6.1; WOW64) AppleWebKit/537.36 (KHTML, like Gecko) Chrome/28.0.1500.95 Safari/537.36"
12.178.24.2 - - [12/Aug/2013:11:11:08 -0400] "GET /images/insurance_files/image014.jpg HTTP/1.1" 404 3619 "http://www.philadelphia-reflections.com/topic/103.htm" "Mozilla/5.0 (Windows NT 6.1; WOW64) AppleWebKit/537.36 (KHTML, like Gecko) Chrome/28.0.1500.95 Safari/537.36"
12.178.24.2 - - [12/Aug/2013:11:11:08 -0400] "GET /images/insurance_files/image020.jpg HTTP/1.1" 404 3619 "http://www.philadelphia-reflections.com/topic/103.htm" "Mozilla/5.0 (Windows NT 6.1; WOW64) AppleWebKit/537.36 (KHTML, like Gecko) Chrome/28.0.1500.95 Safari/537.36"
12.178.24.2 - - [12/Aug/2013:11:11:08 -0400] "GET /images/insurance_files/image026.jpg HTTP/1.1" 404 3619 "http://www.philadelphia-reflections.com/topic/103.htm" "Mozilla/5.0 (Windows NT 6.1; WOW64) AppleWebKit/537.36 (KHTML, like Gecko) Chrome/28.0.1500.95 Safari/537.36"
12.178.24.2 - - [12/Aug/2013:11:11:09 -0400] "GET /images/insurance_files/image032.jpg HTTP/1.1" 404 3619 "http://www.philadelphia-reflections.com/topic/103.htm" "Mozilla/5.0 (Windows NT 6.1; WOW64) AppleWebKit/537.36 (KHTML, like Gecko) Chrome/28.0.1500.95 Safari/537.36"
12.178.24.2 - - [12/Aug/2013:11:11:09 -0400] "GET /images/insurance_files/image038.jpg HTTP/1.1" 404 3619 "http://www.philadelphia-reflections.com/topic/103.htm" "Mozilla/5.0 (Windows NT 6.1; WOW64) AppleWebKit/537.36 (KHTML, like Gecko) Chrome/28.0.1500.95 Safari/537.36"
108.5.131.146 - - [12/Aug/2013:01:26:43 -0400] "GET /about.html HTTP/1.1" 200 9882 "-" "panscient.com"
85.25.134.59 - - [12/Aug/2013:01:28:48 -0400] "GET / HTTP/1.1" 200 8575 "http://netcomber.com/georgefisheradvisor.com?st=br" "NCBot (http://netcomber.com?st=ba : tool for finding true domain owners) Queries/complaints: bot@netcomber.com"
211.244.83.215 - - [12/Aug/2013:02:03:38 -0400] "GET / HTTP/1.1" 200 8575 "http://search.daum.net/" "Mozilla/5.0 (compatible; MSIE or Firefox mutant; not on Windows server; + http://tab.search.daum.net/aboutWebSearch.html) Daumoa/3.0"
91.207.9.226 - - [12/Aug/2013:23:08:30 -0400] "GET /king-lear-quote.html HTTP/1.1" 200 2143 "http://www.lifeazart.com/" "Mozilla/4.0 (compatible; MSIE 7.0b; Windows NT 6.0 ; .NET CLR 2.0.50215; SL Commerce Client v1.0; Tablet PC 2.0"
199.21.99.120 - - [12/Aug/2013:01:45:10 -0400] "GET / HTTP/1.1" 200 8575 "-" "Mozilla/5.0 (compatible; YandexBot/3.0; +http://yandex.com/bots)"
157.55.32.142 - - [12/Aug/2013:20:40:51 -0400] "GET /awstats/1303/awstats.996498.1303.refererse.html HTTP/1.1" 401 603 "-" "Mozilla/5.0 (compatible; bingbot/2.0; +http://www.bing.com/bingbot.htm)"
178.154.243.115 - - [12/Aug/2013:20:45:28 -0400] "GET / HTTP/1.1" 200 8575 "-" "Mozilla/5.0 (compatible; YandexBot/3.0; +http://yandex.com/bots)"
65.55.213.242 - - [12/Aug/2013:12:25:14 -0400] "GET /robots.txt HTTP/1.1" 200 198 "-" "msnbot/2.0b (+http://search.msn.com/msnbot.htm)"
108.5.131.146 - - [12/Aug/2013:01:26:02 -0400] "GET /retirement-planning.html HTTP/1.1" 404 3619 "-" "panscient.com"
157.55.32.142 - - [12/Aug/2013:15:03:47 -0400] "GET /robots.txt HTTP/1.1" 200 198 "-" "Mozilla/5.0 (compatible; bingbot/2.0; +http://www.bing.com/bingbot.htm)"
173.199.118.35 - - [12/Aug/2013:20:02:18 -0400] "GET /cash/cash.htm HTTP/1.1" 200 49782 "-" "Mozilla/5.0 (compatible; AhrefsBot/4.0; +http://ahrefs.com/robot/)"
199.30.16.31 - - [12/Aug/2013:00:56:18 -0400] "GET /robots.txt HTTP/1.1" 200 198 "-" "msnbot-media/1.1 (+http://search.msn.com/msnbot.htm)"
108.5.131.146 - - [12/Aug/2013:01:25:39 -0400] "GET /.google-analytics.com/ga.js HTTP/1.1" 404 3619 "-" "panscient.com"
108.5.131.146 - - [12/Aug/2013:01:25:49 -0400] "GET /text/css HTTP/1.1" 404 3619 "-" "panscient.com"
157.55.33.26 - - [12/Aug/2013:19:05:58 -0400] "GET /robots.txt HTTP/1.1" 200 198 "-" "Mozilla/5.0 (compatible; bingbot/2.0; +http://www.bing.com/bingbot.htm)"
213.186.127.4 - - [12/Aug/2013:20:18:21 -0400] "GET /rss.xml HTTP/1.1" 200 146232 "-" "AhrefsBot.Feeds v0.1; http://ahrefs.com/"
66.249.75.213 - - [12/Aug/2013:05:35:01 -0400] "GET /sitemap.html HTTP/1.1" 304 - "-" "Mozilla/5.0 (compatible; Googlebot/2.1; +http://www.google.com/bot.html)"
66.249.75.213 - - [12/Aug/2013:06:17:13 -0400] "GET /disclaimer.html HTTP/1.1" 304 - "-" "Mozilla/5.0 (iPhone; U; CPU iPhone OS 4_1 like Mac OS X; en-us) AppleWebKit/532.9 (KHTML, like Gecko) Version/4.0.5 Mobile/8B117 Safari/6531.22.7 (compatible; Googlebot-Mobile/2.1; +http://www.google.com/bot.html)"
199.30.16.6 - - [12/Aug/2013:06:59:21 -0400] "GET /robots.txt HTTP/1.1" 200 198 "-" "msnbot-media/1.1 (+http://search.msn.com/msnbot.htm)"
12.178.24.2 - - [12/Aug/2013:11:11:21 -0400] "GET /graphics/bg.png HTTP/1.1" 200 145 "http://www.georgefisheradvisors.com/images/retirementplanning/image003.jpg" "Mozilla/5.0 (Windows NT 6.1; WOW64) AppleWebKit/537.36 (KHTML, like Gecko) Chrome/28.0.1500.95 Safari/537.36"
46.118.126.194 - - [12/Aug/2013:23:26:36 -0400] "GET /king-lear-quote.html HTTP/1.1" 200 2143 "http://fastxak.com/" "Mozilla/4.0 (compatible; MSIE 6.0; Windows NT) ::ELNSB50::000061100320025802a00111000000000507000900000000"
193.106.136.58 - - [12/Aug/2013:17:43:40 -0400] "GET /king-lear-quote.html HTTP/1.1" 200 2143 "http://planetakino.com/" "Mozilla/4.0 (compatible; MSIE 7.0b; Windows NT 6.0 ; .NET CLR 2.0.50215; SL Commerce Client v1.0; Tablet PC 2.0"
65.55.52.111 - - [12/Aug/2013:21:42:03 -0400] "GET / HTTP/1.1" 200 8575 "-" "Mozilla/5.0 (compatible; bingbot/2.0; +http://www.bing.com/bingbot.htm)"
217.69.133.11 - - [12/Aug/2013:00:16:30 -0400] "GET /assetalloc.php HTTP/1.0" 404 3619 "-" "Mozilla/5.0 (compatible; Linux x86_64; Mail.RU_Bot/2.0; +http://go.mail.ru/help/robots)"
108.5.131.146 - - [12/Aug/2013:01:26:06 -0400] "GET /javascript/?tel= HTTP/1.1" 403 3619 "-" "panscient.com"
180.76.5.191 - - [12/Aug/2013:13:22:12 -0400] "GET /awstats/1211/awstats.996498.1211.lasthosts.html HTTP/1.1" 401 603 "-" "Mozilla/5.0 (compatible; Baiduspider/2.0; +http://www.baidu.com/search/spider.html)"
66.249.75.213 - - [12/Aug/2013:03:50:45 -0400] "GET /images/insurance_files/image031.jpg HTTP/1.1" 404 3619 "-" "Googlebot-Image/1.0"
173.199.118.35 - - [12/Aug/2013:08:28:11 -0400] "GET / HTTP/1.1" 200 8575 "-" "Mozilla/5.0 (compatible; AhrefsBot/4.0; +http://ahrefs.com/robot/)"
199.30.20.115 - - [12/Aug/2013:01:13:42 -0400] "GET /images/insurance_files/image028.jpg HTTP/1.1" 404 3619 "-" "msnbot-media/1.1 (+http://search.msn.com/msnbot.htm)"
66.249.75.213 - - [12/Aug/2013:03:24:18 -0400] "GET /experienceX.php HTTP/1.1" 200 9456 "-" "Mozilla/5.0 (compatible; Googlebot/2.1; +http://www.google.com/bot.html)"
217.69.133.13 - - [12/Aug/2013:09:34:02 -0400] "GET /experience.php?page=qualifications&q=null HTTP/1.0" 404 3619 "-" "Mozilla/5.0 (compatible; Linux x86_64; Mail.RU_Bot/2.0; +http://go.mail.ru/help/robots)"
66.249.75.213 - - [12/Aug/2013:08:31:27 -0400] "GET /experience.php?q=fidelity&page=employment HTTP/1.1" 404 3619 "-" "Mozilla/5.0 (compatible; Googlebot/2.1; +http://www.google.com/bot.html)"
65.55.52.111 - - [12/Aug/2013:15:21:12 -0400] "GET /robots.txt HTTP/1.1" 200 198 "-" "Mozilla/5.0 (compatible; bingbot/2.0; +http://www.bing.com/bingbot.htm)"
157.55.32.142 - - [12/Aug/2013:17:05:49 -0400] "GET /robots.txt HTTP/1.1" 200 198 "-" "Mozilla/5.0 (compatible; bingbot/2.0; +http://www.bing.com/bingbot.htm)"
79.113.83.74 - - [12/Aug/2013:17:12:43 -0400] "GET / HTTP/1.1" 200 8575 "-" "-"
54.221.28.189 - - [12/Aug/2013:03:43:02 -0400] "HEAD / HTTP/1.1" 200 - "-" "python-requests/1.1.0 CPython/2.7.4 Linux/3.8.0-19-generic"
202.46.48.74 - - [12/Aug/2013:07:38:22 -0400] "GET /experience.php?q=null&page=employment HTTP/1.1" 404 3619 "-" "Mozilla/5.0 (Windows; U; Windows NT 5.1; zh-CN; rv:1.9.1.2) Firefox/3.5.2"
199.30.20.147 - - [12/Aug/2013:07:47:32 -0400] "GET /robots.txt HTTP/1.1" 200 198 "-" "msnbot-media/1.1 (+http://search.msn.com/msnbot.htm)"
199.30.20.147 - - [12/Aug/2013:07:47:32 -0400] "GET /images/insurance_files/image003.jpg HTTP/1.1" 404 3619 "-" "msnbot-media/1.1 (+http://search.msn.com/msnbot.htm)"
66.249.75.213 - - [12/Aug/2013:00:27:19 -0400] "GET /capneed/ HTTP/1.1" 304 - "-" "Mozilla/5.0 (compatible; Googlebot/2.1; +http://www.google.com/bot.html)"
108.5.131.146 - - [12/Aug/2013:01:25:32 -0400] "GET /andrew.html HTTP/1.1" 200 7591 "-" "panscient.com"
108.5.131.146 - - [12/Aug/2013:01:25:34 -0400] "GET /index.html HTTP/1.1" 200 8575 "-" "panscient.com"
108.5.131.146 - - [12/Aug/2013:01:25:35 -0400] "GET /financial-planning.html HTTP/1.1" 200 9111 "-" "panscient.com"
108.5.131.146 - - [12/Aug/2013:01:25:36 -0400] "GET /capneedi/index.php HTTP/1.1" 200 5802 "-" "panscient.com"
108.5.131.146 - - [12/Aug/2013:01:25:37 -0400] "GET /recalci/index.php HTTP/1.1" 200 7552 "-" "panscient.com"
108.5.131.146 - - [12/Aug/2013:01:25:38 -0400] "GET /retirement-planning.html HTTP/1.1" 404 3619 "-" "panscient.com"
108.5.131.146 - - [12/Aug/2013:01:26:11 -0400] "GET /javascript/?message= HTTP/1.1" 403 3619 "-" "panscient.com"
211.244.83.215 - - [12/Aug/2013:02:03:37 -0400] "GET /robots.txt HTTP/1.1" 200 198 "http://search.daum.net/" "Mozilla/5.0 (compatible; MSIE or Firefox mutant; not on Windows server; + http://tab.search.daum.net/aboutWebSearch.html) Daumoa/3.0"
173.199.118.35 - - [12/Aug/2013:21:01:16 -0400] "GET /experience.html HTTP/1.1" 200 14928 "-" "Mozilla/5.0 (compatible; AhrefsBot/4.0; +http://ahrefs.com/robot/)"
66.249.75.213 - - [12/Aug/2013:22:55:38 -0400] "GET /capneed/ HTTP/1.1" 304 - "-" "DoCoMo/2.0 N905i(c100;TB;W24H16) (compatible; Googlebot-Mobile/2.1; +http://www.google.com/bot.html)"
199.30.20.115 - - [12/Aug/2013:01:13:42 -0400] "GET /robots.txt HTTP/1.1" 200 198 "-" "msnbot-media/1.1 (+http://search.msn.com/msnbot.htm)"
108.5.131.146 - - [12/Aug/2013:01:25:56 -0400] "GET /experience.php?q=prudential&page=employment HTTP/1.1" 404 3619 "-" "panscient.com"
65.55.52.111 - - [12/Aug/2013:01:54:29 -0400] "GET /financial-planning.html HTTP/1.1" 200 9111 "-" "Mozilla/5.0 (compatible; bingbot/2.0; +http://www.bing.com/bingbot.htm)"
180.76.5.52 - - [12/Aug/2013:06:16:23 -0400] "GET /awstats/1306/awstats.996498.1306.browserdetail.html HTTP/1.1" 401 603 "-" "Mozilla/5.0 (compatible; Baiduspider/2.0; +http://www.baidu.com/search/spider.html)"
157.55.36.35 - - [12/Aug/2013:09:49:37 -0400] "GET /robots.txt HTTP/1.1" 200 198 "-" "Mozilla/5.0 (compatible; bingbot/2.0; +http://www.bing.com/bingbot.htm)"
178.137.128.238 - - [12/Aug/2013:10:08:32 -0400] "GET /king-lear-quote.html HTTP/1.1" 200 2143 "http://bidla.net/" "Mozilla/4.0 (compatible; MSIE 6.0; Windows 98; Win 9x 4.90; Creative)"
157.55.32.142 - - [12/Aug/2013:10:24:24 -0400] "GET /awstats/1307/awstats.996498.1307.alldomains.html HTTP/1.1" 401 603 "-" "Mozilla/5.0 (compatible; bingbot/2.0; +http://www.bing.com/bingbot.htm)"
12.178.24.2 - - [12/Aug/2013:11:10:58 -0400] "GET /images/ThePowerOfConsistentEarlySaving.jpg HTTP/1.1" 404 3619 "http://www.philadelphia-reflections.com/topic/103.htm" "Mozilla/5.0 (Windows NT 6.1; WOW64) AppleWebKit/537.36 (KHTML, like Gecko) Chrome/28.0.1500.95 Safari/537.36"
12.178.24.2 - - [12/Aug/2013:11:10:58 -0400] "GET /images/insurance_files/image009.jpg HTTP/1.1" 404 3619 "http://www.philadelphia-reflections.com/topic/103.htm" "Mozilla/5.0 (Windows NT 6.1; WOW64) AppleWebKit/537.36 (KHTML, like Gecko) Chrome/28.0.1500.95 Safari/537.36"
12.178.24.2 - - [12/Aug/2013:11:10:59 -0400] "GET /images/insurance_files/image015.jpg HTTP/1.1" 404 3619 "http://www.philadelphia-reflections.com/topic/103.htm" "Mozilla/5.0 (Windows NT 6.1; WOW64) AppleWebKit/537.36 (KHTML, like Gecko) Chrome/28.0.1500.95 Safari/537.36"
12.178.24.2 - - [12/Aug/2013:11:10:59 -0400] "GET /images/insurance_files/image021.jpg HTTP/1.1" 404 3619 "http://www.philadelphia-reflections.com/topic/103.htm" "Mozilla/5.0 (Windows NT 6.1; WOW64) AppleWebKit/537.36 (KHTML, like Gecko) Chrome/28.0.1500.95 Safari/537.36"
12.178.24.2 - - [12/Aug/2013:11:10:59 -0400] "GET /images/insurance_files/image027.jpg HTTP/1.1" 404 3619 "http://www.philadelphia-reflections.com/topic/103.htm" "Mozilla/5.0 (Windows NT 6.1; WOW64) AppleWebKit/537.36 (KHTML, like Gecko) Chrome/28.0.1500.95 Safari/537.36"
12.178.24.2 - - [12/Aug/2013:11:10:59 -0400] "GET /images/insurance_files/image033.jpg HTTP/1.1" 404 3619 "http://www.philadelphia-reflections.com/topic/103.htm" "Mozilla/5.0 (Windows NT 6.1; WOW64) AppleWebKit/537.36 (KHTML, like Gecko) Chrome/28.0.1500.95 Safari/537.36"
12.178.24.2 - - [12/Aug/2013:11:10:59 -0400] "GET /images/insurance_files/image039.jpg HTTP/1.1" 404 3619 "http://www.philadelphia-reflections.com/topic/103.htm" "Mozilla/5.0 (Windows NT 6.1; WOW64) AppleWebKit/537.36 (KHTML, like Gecko) Chrome/28.0.1500.95 Safari/537.36"
123.125.71.96 - - [12/Aug/2013:21:49:00 -0400] "GET / HTTP/1.1" 304 - "-" "Mozilla/5.0 (compatible; Baiduspider/2.0; +http://www.baidu.com/search/spider.html)"
66.249.75.213 - - [12/Aug/2013:04:23:02 -0400] "GET /images/insurance_files/image006.jpg HTTP/1.1" 404 3619 "-" "Googlebot-Image/1.0"
173.199.118.35 - - [12/Aug/2013:22:43:20 -0400] "GET /financial-planning.html HTTP/1.1" 200 9111 "-" "Mozilla/5.0 (compatible; AhrefsBot/4.0; +http://ahrefs.com/robot/)"
65.55.215.80 - - [12/Aug/2013:10:38:49 -0400] "GET /images/insurance_files/image036.jpg HTTP/1.1" 404 3619 "-" "msnbot-media/1.1 (+http://search.msn.com/msnbot.htm)"
12.178.24.2 - - [12/Aug/2013:11:10:58 -0400] "GET /images/retirementplanning/image007.jpg HTTP/1.1" 404 3619 "http://www.philadelphia-reflections.com/topic/103.htm" "Mozilla/5.0 (Windows NT 6.1; WOW64) AppleWebKit/537.36 (KHTML, like Gecko) Chrome/28.0.1500.95 Safari/537.36"
12.178.24.2 - - [12/Aug/2013:11:10:58 -0400] "GET /images/insurance_files/image005.jpg HTTP/1.1" 404 3619 "http://www.philadelphia-reflections.com/topic/103.htm" "Mozilla/5.0 (Windows NT 6.1; WOW64) AppleWebKit/537.36 (KHTML, like Gecko) Chrome/28.0.1500.95 Safari/537.36"
12.178.24.2 - - [12/Aug/2013:11:10:59 -0400] "GET /images/insurance_files/image011.jpg HTTP/1.1" 404 3619 "http://www.philadelphia-reflections.com/topic/103.htm" "Mozilla/5.0 (Windows NT 6.1; WOW64) AppleWebKit/537.36 (KHTML, like Gecko) Chrome/28.0.1500.95 Safari/537.36"
12.178.24.2 - - [12/Aug/2013:11:10:59 -0400] "GET /images/insurance_files/image017.jpg HTTP/1.1" 404 3619 "http://www.philadelphia-reflections.com/topic/103.htm" "Mozilla/5.0 (Windows NT 6.1; WOW64) AppleWebKit/537.36 (KHTML, like Gecko) Chrome/28.0.1500.95 Safari/537.36"
12.178.24.2 - - [12/Aug/2013:11:10:59 -0400] "GET /images/insurance_files/image022.jpg HTTP/1.1" 404 3619 "http://www.philadelphia-reflections.com/topic/103.htm" "Mozilla/5.0 (Windows NT 6.1; WOW64) AppleWebKit/537.36 (KHTML, like Gecko) Chrome/28.0.1500.95 Safari/537.36"
12.178.24.2 - - [12/Aug/2013:11:10:59 -0400] "GET /images/insurance_files/image029.jpg HTTP/1.1" 404 3619 "http://www.philadelphia-reflections.com/topic/103.htm" "Mozilla/5.0 (Windows NT 6.1; WOW64) AppleWebKit/537.36 (KHTML, like Gecko) Chrome/28.0.1500.95 Safari/537.36"
12.178.24.2 - - [12/Aug/2013:11:10:59 -0400] "GET /images/insurance_files/image035.jpg HTTP/1.1" 404 3619 "http://www.philadelphia-reflections.com/topic/103.htm" "Mozilla/5.0 (Windows NT 6.1; WOW64) AppleWebKit/537.36 (KHTML, like Gecko) Chrome/28.0.1500.95 Safari/537.36"
12.178.24.2 - - [12/Aug/2013:11:10:59 -0400] "GET /images/insurance_files/image041.jpg HTTP/1.1" 404 3619 "http://www.philadelphia-reflections.com/topic/103.htm" "Mozilla/5.0 (Windows NT 6.1; WOW64) AppleWebKit/537.36 (KHTML, like Gecko) Chrome/28.0.1500.95 Safari/537.36"
12.178.24.2 - - [12/Aug/2013:11:11:21 -0400] "GET /graphics/bg-content-horizontal.png HTTP/1.1" 200 183 "http://www.georgefisheradvisors.com/images/retirementplanning/image003.jpg" "Mozilla/5.0 (Windows NT 6.1; WOW64) AppleWebKit/537.36 (KHTML, like Gecko) Chrome/28.0.1500.95 Safari/537.36"
12.178.24.2 - - [12/Aug/2013:11:11:21 -0400] "GET /graphics/bg-container-vertical.png HTTP/1.1" 200 204 "http://www.georgefisheradvisors.com/images/retirementplanning/image003.jpg" "Mozilla/5.0 (Windows NT 6.1; WOW64) AppleWebKit/537.36 (KHTML, like Gecko) Chrome/28.0.1500.95 Safari/537.36"
91.207.9.226 - - [12/Aug/2013:11:45:54 -0400] "GET /king-lear-quote.html HTTP/1.1" 200 2143 "http://internet-exe.com/" "Mozilla/6.0 (compatible; MSIE 7.0a1; Windows NT 5.2; SV1)"
65.55.52.111 - - [12/Aug/2013:15:23:11 -0400] "GET / HTTP/1.1" 200 8575 "-" "Mozilla/5.0 (compatible; bingbot/2.0; +http://www.bing.com/bingbot.htm)"
108.5.131.146 - - [12/Aug/2013:01:25:30 -0400] "GET /experience.php?q=morgan&page=employment HTTP/1.1" 404 3619 "-" "panscient.com"
108.5.131.146 - - [12/Aug/2013:01:25:57 -0400] "GET /king-lear-quote.html HTTP/1.1" 200 2143 "-" "panscient.com"
108.5.131.146 - - [12/Aug/2013:01:25:58 -0400] "GET /experience.php?q=fidelity&page=employment HTTP/1.1" 404 3619 "-" "panscient.com"
108.5.131.146 - - [12/Aug/2013:01:26:16 -0400] "GET /javascript/application/x-www-form-urlencoded HTTP/1.1" 404 3619 "-" "panscient.com"
108.5.131.146 - - [12/Aug/2013:01:26:39 -0400] "GET /capneedi/index.php HTTP/1.1" 200 5802 "-" "panscient.com"
108.5.131.146 - - [12/Aug/2013:01:26:40 -0400] "GET /recalci/index.php HTTP/1.1" 200 7552 "-" "panscient.com"
108.5.131.146 - - [12/Aug/2013:01:26:41 -0400] "GET /application/x-www-form-urlencoded HTTP/1.1" 404 3619 "-" "panscient.com"
65.55.215.41 - - [12/Aug/2013:12:02:27 -0400] "GET /images/insurance_files/image031.jpg HTTP/1.1" 404 3619 "-" "msnbot-media/1.1 (+http://search.msn.com/msnbot.htm)"
199.21.99.120 - - [12/Aug/2013:16:05:54 -0400] "GET / HTTP/1.1" 200 8575 "-" "Mozilla/5.0 (compatible; YandexBot/3.0; +http://yandex.com/bots)"
180.76.5.187 - - [12/Aug/2013:06:16:01 -0400] "GET /awstats/1301/awstats.996498.1301.urlentry.html HTTP/1.1" 401 603 "-" "Mozilla/5.0 (compatible; Baiduspider/2.0; +http://www.baidu.com/search/spider.html)"
199.21.99.120 - - [12/Aug/2013:08:54:43 -0400] "GET / HTTP/1.1" 200 8575 "-" "Mozilla/5.0 (compatible; YandexBot/3.0; +http://yandex.com/bots)"
65.55.215.80 - - [12/Aug/2013:10:38:49 -0400] "GET /robots.txt HTTP/1.1" 200 198 "-" "msnbot-media/1.1 (+http://search.msn.com/msnbot.htm)"
119.63.193.196 - - [12/Aug/2013:10:56:46 -0400] "GET /awstats/1306/awstats.996498.1306.browserdetail.html HTTP/1.0" 401 603 "-" "Mozilla"
123.125.71.42 - - [12/Aug/2013:03:49:40 -0400] "GET /disclaimer.html HTTP/1.1" 200 12258 "-" "Mozilla/5.0 (compatible; Baiduspider/2.0; +http://www.baidu.com/search/spider.html)"
220.181.108.109 - - [12/Aug/2013:03:50:00 -0400] "GET /main.css HTTP/1.1" 200 3884 "-" "Mozilla/5.0 (compatible; Baiduspider/2.0; +http://www.baidu.com/search/spider.html)"
157.55.32.142 - - [12/Aug/2013:13:34:03 -0400] "GET /robots.txt HTTP/1.1" 200 198 "-" "Mozilla/5.0 (compatible; bingbot/2.0; +http://www.bing.com/bingbot.htm)"
199.30.16.36 - - [12/Aug/2013:17:20:26 -0400] "GET /images/insurance_files/image013.jpg HTTP/1.1" 404 3619 "-" "msnbot-media/1.1 (+http://search.msn.com/msnbot.htm)"
173.199.118.35 - - [12/Aug/2013:17:44:32 -0400] "GET /contact.html HTTP/1.1" 200 9123 "-" "Mozilla/5.0 (compatible; AhrefsBot/4.0; +http://ahrefs.com/robot/)"
12.178.24.2 - - [12/Aug/2013:11:11:08 -0400] "GET /images/retirementplanning/image008.jpg HTTP/1.1" 404 3619 "http://www.philadelphia-reflections.com/topic/103.htm" "Mozilla/5.0 (Windows NT 6.1; WOW64) AppleWebKit/537.36 (KHTML, like Gecko) Chrome/28.0.1500.95 Safari/537.36"
12.178.24.2 - - [12/Aug/2013:11:11:08 -0400] "GET /images/insurance_files/image004.jpg HTTP/1.1" 404 3619 "http://www.philadelphia-reflections.com/topic/103.htm" "Mozilla/5.0 (Windows NT 6.1; WOW64) AppleWebKit/537.36 (KHTML, like Gecko) Chrome/28.0.1500.95 Safari/537.36"
12.178.24.2 - - [12/Aug/2013:11:11:08 -0400] "GET /images/insurance_files/image007.jpg HTTP/1.1" 404 3619 "http://www.philadelphia-reflections.com/topic/103.htm" "Mozilla/5.0 (Windows NT 6.1; WOW64) AppleWebKit/537.36 (KHTML, like Gecko) Chrome/28.0.1500.95 Safari/537.36"
12.178.24.2 - - [12/Aug/2013:11:11:08 -0400] "GET /images/insurance_files/image010.jpg HTTP/1.1" 404 3619 "http://www.philadelphia-reflections.com/topic/103.htm" "Mozilla/5.0 (Windows NT 6.1; WOW64) AppleWebKit/537.36 (KHTML, like Gecko) Chrome/28.0.1500.95 Safari/537.36"
12.178.24.2 - - [12/Aug/2013:11:11:08 -0400] "GET /images/insurance_files/image013.jpg HTTP/1.1" 404 3619 "http://www.philadelphia-reflections.com/topic/103.htm" "Mozilla/5.0 (Windows NT 6.1; WOW64) AppleWebKit/537.36 (KHTML, like Gecko) Chrome/28.0.1500.95 Safari/537.36"
12.178.24.2 - - [12/Aug/2013:11:11:08 -0400] "GET /images/insurance_files/image016.jpg HTTP/1.1" 404 3619 "http://www.philadelphia-reflections.com/topic/103.htm" "Mozilla/5.0 (Windows NT 6.1; WOW64) AppleWebKit/537.36 (KHTML, like Gecko) Chrome/28.0.1500.95 Safari/537.36"
12.178.24.2 - - [12/Aug/2013:11:11:08 -0400] "GET /images/insurance_files/image019.jpg HTTP/1.1" 404 3619 "http://www.philadelphia-reflections.com/topic/103.htm" "Mozilla/5.0 (Windows NT 6.1; WOW64) AppleWebKit/537.36 (KHTML, like Gecko) Chrome/28.0.1500.95 Safari/537.36"
12.178.24.2 - - [12/Aug/2013:11:11:08 -0400] "GET /images/insurance_files/image022.jpg HTTP/1.1" 404 3619 "http://www.philadelphia-reflections.com/topic/103.htm" "Mozilla/5.0 (Windows NT 6.1; WOW64) AppleWebKit/537.36 (KHTML, like Gecko) Chrome/28.0.1500.95 Safari/537.36"
12.178.24.2 - - [12/Aug/2013:11:11:08 -0400] "GET /images/insurance_files/image025.jpg HTTP/1.1" 404 3619 "http://www.philadelphia-reflections.com/topic/103.htm" "Mozilla/5.0 (Windows NT 6.1; WOW64) AppleWebKit/537.36 (KHTML, like Gecko) Chrome/28.0.1500.95 Safari/537.36"
12.178.24.2 - - [12/Aug/2013:11:11:09 -0400] "GET /images/insurance_files/image028.jpg HTTP/1.1" 404 3619 "http://www.philadelphia-reflections.com/topic/103.htm" "Mozilla/5.0 (Windows NT 6.1; WOW64) AppleWebKit/537.36 (KHTML, like Gecko) Chrome/28.0.1500.95 Safari/537.36"
12.178.24.2 - - [12/Aug/2013:11:11:09 -0400] "GET /images/insurance_files/image031.jpg HTTP/1.1" 404 3619 "http://www.philadelphia-reflections.com/topic/103.htm" "Mozilla/5.0 (Windows NT 6.1; WOW64) AppleWebKit/537.36 (KHTML, like Gecko) Chrome/28.0.1500.95 Safari/537.36"
12.178.24.2 - - [12/Aug/2013:11:11:09 -0400] "GET /images/insurance_files/image034.jpg HTTP/1.1" 404 3619 "http://www.philadelphia-reflections.com/topic/103.htm" "Mozilla/5.0 (Windows NT 6.1; WOW64) AppleWebKit/537.36 (KHTML, like Gecko) Chrome/28.0.1500.95 Safari/537.36"
12.178.24.2 - - [12/Aug/2013:11:11:09 -0400] "GET /images/insurance_files/image037.jpg HTTP/1.1" 404 3619 "http://www.philadelphia-reflections.com/topic/103.htm" "Mozilla/5.0 (Windows NT 6.1; WOW64) AppleWebKit/537.36 (KHTML, like Gecko) Chrome/28.0.1500.95 Safari/537.36"
12.178.24.2 - - [12/Aug/2013:11:11:09 -0400] "GET /images/insurance_files/image040.jpg HTTP/1.1" 404 3619 "http://www.philadelphia-reflections.com/topic/103.htm" "Mozilla/5.0 (Windows NT 6.1; WOW64) AppleWebKit/537.36 (KHTML, like Gecko) Chrome/28.0.1500.95 Safari/537.36"
108.5.131.146 - - [12/Aug/2013:01:25:26 -0400] "GET /experience.php?q=null&page=qualifications HTTP/1.1" 404 3619 "-" "panscient.com"
123.151.148.180 - - [12/Aug/2013:01:53:20 -0400] "GET / HTTP/1.1" 200 8575 "http://georgefisheradvisors.com/" "Mozilla/5.0 (compatible; Sosospider/2.0; +http://help.soso.com/webspider.htm)"
108.5.131.146 - - [12/Aug/2013:01:26:01 -0400] "GET /javascript/text/html HTTP/1.1" 404 3619 "-" "panscient.com"
220.181.108.91 - - [12/Aug/2013:03:50:01 -0400] "GET / HTTP/1.1" 200 8575 "-" "Mozilla/5.0 (compatible; Baiduspider/2.0; +http://www.baidu.com/search/spider.html)"
66.249.75.213 - - [12/Aug/2013:08:12:55 -0400] "GET /experience.php?q=wachovia&page=employment HTTP/1.1" 404 3619 "-" "Mozilla/5.0 (compatible; Googlebot/2.1; +http://www.google.com/bot.html)"
12.178.24.2 - - [12/Aug/2013:11:11:08 -0400] "GET /images/retirementplanning/image004.jpg HTTP/1.1" 404 3619 "http://www.philadelphia-reflections.com/topic/103.htm" "Mozilla/5.0 (Windows NT 6.1; WOW64) AppleWebKit/537.36 (KHTML, like Gecko) Chrome/28.0.1500.95 Safari/537.36"
12.178.24.2 - - [12/Aug/2013:11:11:08 -0400] "GET /images/retirementplanning/image002.jpg HTTP/1.1" 404 3619 "http://www.philadelphia-reflections.com/topic/103.htm" "Mozilla/5.0 (Windows NT 6.1; WOW64) AppleWebKit/537.36 (KHTML, like Gecko) Chrome/28.0.1500.95 Safari/537.36"
12.178.24.2 - - [12/Aug/2013:11:11:08 -0400] "GET /images/retirementplanning/image007.jpg HTTP/1.1" 404 3619 "http://www.philadelphia-reflections.com/topic/103.htm" "Mozilla/5.0 (Windows NT 6.1; WOW64) AppleWebKit/537.36 (KHTML, like Gecko) Chrome/28.0.1500.95 Safari/537.36"
12.178.24.2 - - [12/Aug/2013:11:11:08 -0400] "GET /images/insurance_files/image003.jpg HTTP/1.1" 404 3619 "http://www.philadelphia-reflections.com/topic/103.htm" "Mozilla/5.0 (Windows NT 6.1; WOW64) AppleWebKit/537.36 (KHTML, like Gecko) Chrome/28.0.1500.95 Safari/537.36"
12.178.24.2 - - [12/Aug/2013:11:11:08 -0400] "GET /images/insurance_files/image009.jpg HTTP/1.1" 404 3619 "http://www.philadelphia-reflections.com/topic/103.htm" "Mozilla/5.0 (Windows NT 6.1; WOW64) AppleWebKit/537.36 (KHTML, like Gecko) Chrome/28.0.1500.95 Safari/537.36"
12.178.24.2 - - [12/Aug/2013:11:11:08 -0400] "GET /images/insurance_files/image015.jpg HTTP/1.1" 404 3619 "http://www.philadelphia-reflections.com/topic/103.htm" "Mozilla/5.0 (Windows NT 6.1; WOW64) AppleWebKit/537.36 (KHTML, like Gecko) Chrome/28.0.1500.95 Safari/537.36"
12.178.24.2 - - [12/Aug/2013:11:11:08 -0400] "GET /images/insurance_files/image021.jpg HTTP/1.1" 404 3619 "http://www.philadelphia-reflections.com/topic/103.htm" "Mozilla/5.0 (Windows NT 6.1; WOW64) AppleWebKit/537.36 (KHTML, like Gecko) Chrome/28.0.1500.95 Safari/537.36"
12.178.24.2 - - [12/Aug/2013:11:11:08 -0400] "GET /images/insurance_files/image027.jpg HTTP/1.1" 404 3619 "http://www.philadelphia-reflections.com/topic/103.htm" "Mozilla/5.0 (Windows NT 6.1; WOW64) AppleWebKit/537.36 (KHTML, like Gecko) Chrome/28.0.1500.95 Safari/537.36"
12.178.24.2 - - [12/Aug/2013:11:11:09 -0400] "GET /images/insurance_files/image033.jpg HTTP/1.1" 404 3619 "http://www.philadelphia-reflections.com/topic/103.htm" "Mozilla/5.0 (Windows NT 6.1; WOW64) AppleWebKit/537.36 (KHTML, like Gecko) Chrome/28.0.1500.95 Safari/537.36"
12.178.24.2 - - [12/Aug/2013:11:11:09 -0400] "GET /images/insurance_files/image039.jpg HTTP/1.1" 404 3619 "http://www.philadelphia-reflections.com/topic/103.htm" "Mozilla/5.0 (Windows NT 6.1; WOW64) AppleWebKit/537.36 (KHTML, like Gecko) Chrome/28.0.1500.95 Safari/537.36"
65.55.52.111 - - [12/Aug/2013:21:41:13 -0400] "GET /robots.txt HTTP/1.1" 200 198 "-" "Mozilla/5.0 (compatible; bingbot/2.0; +http://www.bing.com/bingbot.htm)"
199.21.99.120 - - [12/Aug/2013:23:06:58 -0400] "GET /robots.txt HTTP/1.1" 200 198 "-" "Mozilla/5.0 (compatible; YandexBot/3.0; +http://yandex.com/bots)"
5.9.149.166 - - [12/Aug/2013:19:17:37 -0400] "GET / HTTP/1.1" 200 8575 "-" "Mozilla/4.0 (compatible; MSIE 5.5; Windows NT)"
108.5.131.146 - - [12/Aug/2013:01:25:53 -0400] "GET /disclaimer.html HTTP/1.1" 200 12258 "-" "panscient.com"
108.5.131.146 - - [12/Aug/2013:01:25:54 -0400] "GET /about.html HTTP/1.1" 200 9882 "-" "panscient.com"
108.5.131.146 - - [12/Aug/2013:01:25:55 -0400] "GET /experience.php?q=morgan&page=employment HTTP/1.1" 404 3619 "-" "panscient.com"
173.199.118.35 - - [12/Aug/2013:01:45:28 -0400] "GET /capneed/explanation.htm HTTP/1.1" 200 84689 "-" "Mozilla/5.0 (compatible; AhrefsBot/4.0; +http://ahrefs.com/robot/)"
91.207.9.226 - - [12/Aug/2013:23:08:30 -0400] "GET /king-lear-quote.html HTTP/1.1" 200 2143 "http://www.lifeazart.com/" "Mozilla/4.0 (compatible; MSIE 7.0b; Windows NT 6.0 ; .NET CLR 2.0.50215; SL Commerce Client v1.0; Tablet PC 2.0"
123.125.71.98 - - [12/Aug/2013:03:48:40 -0400] "GET /sitemap.html HTTP/1.1" 200 7828 "-" "Mozilla/5.0 (compatible; Baiduspider/2.0; +http://www.baidu.com/search/spider.html)"
180.76.6.230 - - [12/Aug/2013:06:16:08 -0400] "GET /awstats/1303/awstats.996498.1303.lasthosts.html HTTP/1.1" 401 603 "-" "Mozilla/5.0 (compatible; Baiduspider/2.0; +http://www.baidu.com/search/spider.html)"
180.76.5.87 - - [12/Aug/2013:06:58:22 -0400] "GET /awstats/1301/awstats.996498.1301.unknownbrowser.html HTTP/1.1" 401 603 "-" "Mozilla/5.0 (compatible; Baiduspider/2.0; +http://www.baidu.com/search/spider.html)"
123.151.148.180 - - [12/Aug/2013:16:43:21 -0400] "GET / HTTP/1.1" 200 8575 "http://georgefisheradvisors.com/" "Mozilla/5.0 (compatible; Sosospider/2.0; +http://help.soso.com/webspider.htm)"
218.30.103.132 - - [12/Aug/2013:17:56:47 -0400] "GET / HTTP/1.1" 304 - "-" "Sogou web spider/4.0(+http://www.sogou.com/docs/help/webmasters.htm#07)"
67.211.200.121 - - [12/Aug/2013:05:20:18 -0400] "GET /robots.txt HTTP/1.0" 200 198 "-" "Mozilla/5.0 (X11; Ubuntu; Linux x86_64; rv:22.0) Gecko/20100101 Firefox/22.0 (support@google.com)"
123.151.148.180 - - [12/Aug/2013:23:50:18 -0400] "GET / HTTP/1.1" 200 8575 "http://www.georgefisheradvisors.com/" "Mozilla/5.0 (compatible; Sosospider/2.0; +http://help.soso.com/webspider.htm)"
157.55.32.142 - - [12/Aug/2013:13:45:54 -0400] "GET /awstats/1211/awstats.996498.1211.unknownip.html HTTP/1.1" 401 603 "-" "Mozilla/5.0 (compatible; bingbot/2.0; +http://www.bing.com/bingbot.htm)"
108.5.131.146 - - [12/Aug/2013:01:25:24 -0400] "GET /king-lear-quote.html HTTP/1.1" 200 2143 "-" "panscient.com"
108.5.131.146 - - [12/Aug/2013:01:25:25 -0400] "GET /experience.php?q=null&page=employment HTTP/1.1" 404 3619 "-" "panscient.com"
12.178.24.2 - - [12/Aug/2013:11:04:40 -0400] "GET /images/retirementplanning/image002.jpg HTTP/1.1" 404 3619 "http://www.philadelphia-reflections.com/topic/103.htm" "Mozilla/5.0 (Windows NT 6.1; WOW64) AppleWebKit/537.36 (KHTML, like Gecko) Chrome/28.0.1500.95 Safari/537.36"
12.178.24.2 - - [12/Aug/2013:11:04:41 -0400] "GET /images/insurance_files/image004.jpg HTTP/1.1" 404 3619 "http://www.philadelphia-reflections.com/topic/103.htm" "Mozilla/5.0 (Windows NT 6.1; WOW64) AppleWebKit/537.36 (KHTML, like Gecko) Chrome/28.0.1500.95 Safari/537.36"
12.178.24.2 - - [12/Aug/2013:11:04:41 -0400] "GET /images/insurance_files/image010.jpg HTTP/1.1" 404 3619 "http://www.philadelphia-reflections.com/topic/103.htm" "Mozilla/5.0 (Windows NT 6.1; WOW64) AppleWebKit/537.36 (KHTML, like Gecko) Chrome/28.0.1500.95 Safari/537.36"
12.178.24.2 - - [12/Aug/2013:11:04:41 -0400] "GET /images/insurance_files/image016.jpg HTTP/1.1" 404 3619 "http://www.philadelphia-reflections.com/topic/103.htm" "Mozilla/5.0 (Windows NT 6.1; WOW64) AppleWebKit/537.36 (KHTML, like Gecko) Chrome/28.0.1500.95 Safari/537.36"
12.178.24.2 - - [12/Aug/2013:11:04:41 -0400] "GET /images/insurance_files/image022.jpg HTTP/1.1" 404 3619 "http://www.philadelphia-reflections.com/topic/103.htm" "Mozilla/5.0 (Windows NT 6.1; WOW64) AppleWebKit/537.36 (KHTML, like Gecko) Chrome/28.0.1500.95 Safari/537.36"
12.178.24.2 - - [12/Aug/2013:11:04:41 -0400] "GET /images/insurance_files/image028.jpg HTTP/1.1" 404 3619 "http://www.philadelphia-reflections.com/topic/103.htm" "Mozilla/5.0 (Windows NT 6.1; WOW64) AppleWebKit/537.36 (KHTML, like Gecko) Chrome/28.0.1500.95 Safari/537.36"
12.178.24.2 - - [12/Aug/2013:11:04:41 -0400] "GET /images/insurance_files/image034.jpg HTTP/1.1" 404 3619 "http://www.philadelphia-reflections.com/topic/103.htm" "Mozilla/5.0 (Windows NT 6.1; WOW64) AppleWebKit/537.36 (KHTML, like Gecko) Chrome/28.0.1500.95 Safari/537.36"
12.178.24.2 - - [12/Aug/2013:11:04:41 -0400] "GET /images/insurance_files/image040.jpg HTTP/1.1" 404 3619 "http://www.philadelphia-reflections.com/topic/103.htm" "Mozilla/5.0 (Windows NT 6.1; WOW64) AppleWebKit/537.36 (KHTML, like Gecko) Chrome/28.0.1500.95 Safari/537.36"
95.132.82.224 - - [12/Aug/2013:23:35:45 -0400] "GET / HTTP/1.1" 200 8575 "http://www.css-design-yorkshire.com/october2009.html" "Mozilla/4.0 (compatible; MSIE 7.0; Windows NT 6.1; WOW64; Trident/6.0; SLCC2; .NET CLR 2.0.50727; .NET CLR 3.5.30729; .NET CLR 3.0.30729; Media Center PC 6.0; .NET4.0C; InfoPath.3)"
66.249.75.213 - - [12/Aug/2013:03:08:28 -0400] "GET /disclaimer.html HTTP/1.1" 304 - "-" "Mozilla/5.0 (compatible; Googlebot/2.1; +http://www.google.com/bot.html)"
123.125.71.56 - - [12/Aug/2013:03:50:40 -0400] "GET /portfolio-management.html HTTP/1.1" 200 11478 "-" "Mozilla/5.0 (compatible; Baiduspider/2.0; +http://www.baidu.com/search/spider.html)"
66.249.75.213 - - [12/Aug/2013:07:43:44 -0400] "GET /experience.html HTTP/1.1" 200 14928 "-" "Mozilla/5.0 (compatible; Googlebot/2.1; +http://www.google.com/bot.html)"
