46.118.126.194 - - [19/Aug/2013:13:43:33 -0400] "GET /king-lear-quote.html HTTP/1.1" 200 2143 "http://remdizain.ru/" "Mozilla/4.0 (compatible; MSIE 6.0; Windows NT) ::ELNSB50::000061100320025802a00111000000000507000900000000"
46.118.126.194 - - [19/Aug/2013:13:43:33 -0400] "GET /king-lear-quote.html HTTP/1.1" 200 2143 "http://www.wood-expert.ru/" "Mozilla/4.0 (compatible; MSIE 6.0; Windows NT) ::ELNSB50::000061100320025802a00111000000000507000900000000"
72.215.220.163 - - [19/Aug/2013:17:46:34 -0400] "GET /favicon.ico HTTP/1.1" 200 1150 "-" "Mozilla/5.0 (compatible; MSIE 9.0; Windows NT 6.1; WOW64; Trident/5.0)"
46.118.126.194 - - [19/Aug/2013:13:43:35 -0400] "GET /king-lear-quote.html HTTP/1.1" 200 2143 "http://remdizain.ru/" "Mozilla/4.0 (compatible; MSIE 6.0; Windows NT) ::ELNSB50::000061100320025802a00111000000000507000900000000"
72.196.5.59 - - [19/Aug/2013:22:30:54 -0400] "GET /capneed/ HTTP/1.1" 200 38755 "-" "Mozilla/5.0 (compatible; MSIE 10.0; Windows NT 6.1; WOW64; Trident/6.0)"
72.196.5.59 - - [19/Aug/2013:22:30:56 -0400] "GET /favicon.ico HTTP/1.1" 200 1150 "-" "Mozilla/5.0 (compatible; MSIE 10.0; Windows NT 6.1; WOW64; Trident/6.0)"
208.167.230.51 - - [19/Aug/2013:05:47:07 -0400] "GET /financial-planning.html HTTP/1.1" 200 9111 "-" "Mozilla/5.0 (compatible; AhrefsBot/4.0; +http://ahrefs.com/robot/)"
72.215.220.163 - - [19/Aug/2013:17:48:42 -0400] "GET /graphics/sprite.png HTTP/1.1" 200 46436 "http://www.georgefisheradvisors.com/assetalloc.php" "Mozilla/5.0 (compatible; MSIE 9.0; Windows NT 6.1; WOW64; Trident/5.0)"
5.135.125.177 - - [19/Aug/2013:01:21:28 -0400] "GET /disclaimer.html HTTP/1.1" 200 12258 "-" "Mozilla/5.0 (X11; U; FreeBSD amd64; en-us) AppleWebKit/531.2+ (KHTML, like Gecko) Safari/531.2+ Epiphany/2.30.0"
46.119.118.152 - - [19/Aug/2013:08:00:20 -0400] "GET /king-lear-quote.html HTTP/1.1" 200 2143 "http://master-remont-tehniki.ru/" "Mozilla/4.0 (compatible; MSIE 6.0; Windows NT) ::ELNSB50::000061100320025802a00111000000000507000900000000"
41.221.159.83 - - [19/Aug/2013:02:52:01 -0400] "GET /capneed/ HTTP/1.1" 200 38755 "http://www.bing.com/search?setmkt=en-ZA&q=capital+needed+spreadsheet" "Mozilla/5.0 (Windows NT 6.2; WOW64) AppleWebKit/537.36 (KHTML, like Gecko) Chrome/28.0.1500.95 Safari/537.36"
157.55.35.102 - - [19/Aug/2013:12:26:36 -0400] "GET /robots.txt HTTP/1.1" 200 198 "-" "Mozilla/5.0 (compatible; bingbot/2.0; +http://www.bing.com/bingbot.htm)"
46.118.126.194 - - [19/Aug/2013:23:44:08 -0400] "GET /king-lear-quote.html HTTP/1.1" 200 2143 "http://galaxyflowers.ru/" "Mozilla/4.0 (compatible; MSIE 6.0; Windows NT) ::ELNSB50::000061100320025802a00111000000000507000900000000"
54.226.9.198 - - [19/Aug/2013:03:32:01 -0400] "GET / HTTP/1.1" 200 8575 "-" "Mozilla/5.0 (Windows; U; Windows NT 6.0; en-US; rv:1.9.2.3) Gecko/20100401 Firefox/3.6.3 GTB6 (.NET CLR 3.5.30729)"
46.118.126.194 - - [19/Aug/2013:13:43:34 -0400] "GET /king-lear-quote.html HTTP/1.1" 200 2143 "http://remdizain.ru/" "Mozilla/4.0 (compatible; MSIE 6.0; Windows NT) ::ELNSB50::000061100320025802a00111000000000507000900000000"
180.76.5.10 - - [19/Aug/2013:17:36:47 -0400] "GET /awstats/1302/awstats.996498.1302.refererse.html HTTP/1.1" 401 603 "-" "Mozilla/5.0 (compatible; Baiduspider/2.0; +http://www.baidu.com/search/spider.html)"
95.108.158.238 - - [19/Aug/2013:00:19:56 -0400] "GET /images/retirementplanning/image008.jpg HTTP/1.1" 404 3619 "-" "Mozilla/5.0 (compatible; YandexImages/3.0; +http://yandex.com/bots)"
157.55.36.35 - - [19/Aug/2013:03:51:50 -0400] "GET /robots.txt HTTP/1.1" 200 198 "-" "Mozilla/5.0 (compatible; bingbot/2.0; +http://www.bing.com/bingbot.htm)"
109.120.157.179 - - [19/Aug/2013:17:46:56 -0400] "GET /king-lear-quote.html HTTP/1.1" 200 2143 "http://bowlingadvisor.com/" "Mozilla/5.0 (compatible; Add Catalog/2.1;)"
208.167.230.51 - - [19/Aug/2013:05:03:37 -0400] "GET /Asset%20Allocation%20and%20Portfolio%20Rebalancing.htm HTTP/1.1" 404 3619 "-" "Mozilla/5.0 (compatible; AhrefsBot/4.0; +http://ahrefs.com/robot/)"
91.207.9.226 - - [19/Aug/2013:08:21:23 -0400] "GET /king-lear-quote.html HTTP/1.1" 200 2143 "http://timermet.ru/" "Mozilla/4.0 (compatible; MSIE 6.0; Windows 98; Win 9x 4.90; Creative)"
72.215.220.163 - - [19/Aug/2013:17:47:16 -0400] "GET /images/retirementplanning/image008.jpg HTTP/1.1" 404 3619 "http://www.georgefisheradvisors.com/capneed/explanation.htm" "Mozilla/5.0 (compatible; MSIE 9.0; Windows NT 6.1; WOW64; Trident/5.0)"
5.135.125.177 - - [19/Aug/2013:01:21:29 -0400] "GET /financial-planning.html HTTP/1.1" 200 9111 "-" "Mozilla/5.0 (Windows NT 6.1; WOW64) AppleWebKit/535.8 (KHTML, like Gecko) Chrome/17.0.940.0 Safari/535.8"
46.119.118.152 - - [19/Aug/2013:08:00:19 -0400] "GET /king-lear-quote.html HTTP/1.1" 200 2143 "http://master-remont-tehniki.ru/" "Mozilla/4.0 (compatible; MSIE 6.0; Windows NT) ::ELNSB50::000061100320025802a00111000000000507000900000000"
95.108.158.238 - - [19/Aug/2013:18:11:45 -0400] "GET /images/retirementplanning/image003.jpg HTTP/1.1" 404 3619 "-" "Mozilla/5.0 (compatible; YandexImages/3.0; +http://yandex.com/bots)"
208.167.230.51 - - [19/Aug/2013:23:34:41 -0400] "GET /presentations/fp00%20-%20Retirement%20Planning%20Overview/index.html HTTP/1.1" 404 3619 "-" "Mozilla/5.0 (compatible; AhrefsBot/4.0; +http://ahrefs.com/robot/)"
217.69.133.13 - - [19/Aug/2013:06:37:20 -0400] "GET /robots.txt HTTP/1.0" 200 198 "-" "Mozilla/5.0 (compatible; Linux x86_64; Mail.RU_Bot/2.0; +http://go.mail.ru/help/robots)"
199.30.20.124 - - [19/Aug/2013:08:05:25 -0400] "GET /robots.txt HTTP/1.1" 200 198 "-" "msnbot-media/1.1 (+http://search.msn.com/msnbot.htm)"
72.215.220.163 - - [19/Aug/2013:17:47:16 -0400] "GET /styles/philadelphia-reflections/reflectionsIndividualColumn.css HTTP/1.1" 404 3619 "http://www.georgefisheradvisors.com/capneed/explanation.htm" "Mozilla/5.0 (compatible; MSIE 9.0; Windows NT 6.1; WOW64; Trident/5.0)"
95.108.158.238 - - [19/Aug/2013:10:48:47 -0400] "GET /images/retirementplanning/image004.jpg HTTP/1.1" 404 3619 "-" "Mozilla/5.0 (compatible; YandexImages/3.0; +http://yandex.com/bots)"
213.186.127.4 - - [19/Aug/2013:23:17:35 -0400] "GET /rss.xml HTTP/1.1" 200 146232 "-" "AhrefsBot.Feeds v0.1; http://ahrefs.com/"
5.135.125.177 - - [19/Aug/2013:01:21:28 -0400] "GET /contact.html HTTP/1.1" 200 9123 "-" "Mozilla/5.0 (compatible; MSIE 9.0; Windows NT 6.1; Win64; x64; Trident/5.0"
41.221.159.83 - - [19/Aug/2013:02:52:07 -0400] "GET /favicon.ico HTTP/1.1" 200 1150 "-" "Mozilla/5.0 (Windows NT 6.2; WOW64) AppleWebKit/537.36 (KHTML, like Gecko) Chrome/28.0.1500.95 Safari/537.36"
95.108.158.238 - - [19/Aug/2013:04:17:50 -0400] "GET /menu/experience.jpg HTTP/1.1" 304 - "-" "Mozilla/5.0 (compatible; YandexImages/3.0; +http://yandex.com/bots)"
95.108.158.238 - - [19/Aug/2013:01:31:26 -0400] "GET /menu/experience.jpg HTTP/1.1" 304 - "-" "Mozilla/5.0 (compatible; YandexImages/3.0; +http://yandex.com/bots)"
95.108.158.238 - - [19/Aug/2013:03:43:02 -0400] "GET /images/retirementplanning/image006.jpg HTTP/1.1" 404 3619 "-" "Mozilla/5.0 (compatible; YandexImages/3.0; +http://yandex.com/bots)"
109.120.157.179 - - [19/Aug/2013:17:46:55 -0400] "GET /king-lear-quote.html HTTP/1.1" 200 2143 "http://bowlingadvisor.com/" "Mozilla/5.0 (compatible; Add Catalog/2.1;)"
46.118.126.194 - - [19/Aug/2013:13:43:34 -0400] "GET /king-lear-quote.html HTTP/1.1" 200 2143 "http://www.wood-expert.ru/" "Mozilla/4.0 (compatible; MSIE 6.0; Windows NT) ::ELNSB50::000061100320025802a00111000000000507000900000000"
5.135.125.177 - - [19/Aug/2013:01:21:28 -0400] "GET / HTTP/1.1" 200 8575 "-" "Mozilla/5.0 (compatible; MSIE 10.0; Windows NT 6.1; Trident/5.0)"
208.167.230.51 - - [19/Aug/2013:23:34:10 -0400] "GET /riskmanagement.html HTTP/1.1" 404 3619 "-" "Mozilla/5.0 (compatible; AhrefsBot/4.0; +http://ahrefs.com/robot/)"
72.215.220.163 - - [19/Aug/2013:17:47:15 -0400] "GET /capneed/explanation.htm HTTP/1.1" 200 84689 "-" "Mozilla/5.0 (compatible; MSIE 9.0; Windows NT 6.1; WOW64; Trident/5.0)"
72.215.220.163 - - [19/Aug/2013:17:48:41 -0400] "GET /assetalloc.php HTTP/1.1" 404 3619 "http://www.georgefisheradvisors.com/capneed/explanation.htm" "Mozilla/5.0 (compatible; MSIE 9.0; Windows NT 6.1; WOW64; Trident/5.0)"
72.215.220.163 - - [19/Aug/2013:17:48:41 -0400] "GET /graphics/bg.png HTTP/1.1" 200 145 "http://www.georgefisheradvisors.com/assetalloc.php" "Mozilla/5.0 (compatible; MSIE 9.0; Windows NT 6.1; WOW64; Trident/5.0)"
213.186.127.4 - - [19/Aug/2013:14:17:56 -0400] "GET /rss.xml HTTP/1.1" 200 146232 "-" "AhrefsBot.Feeds v0.1; http://ahrefs.com/"
72.215.220.163 - - [19/Aug/2013:17:47:16 -0400] "GET /styles/philadelphia-reflections/reflectionsTopicsColumn.css HTTP/1.1" 404 3619 "http://www.georgefisheradvisors.com/capneed/explanation.htm" "Mozilla/5.0 (compatible; MSIE 9.0; Windows NT 6.1; WOW64; Trident/5.0)"
95.108.158.238 - - [19/Aug/2013:13:22:11 -0400] "GET /images/retirementplanning/image008.jpg HTTP/1.1" 404 3619 "-" "Mozilla/5.0 (compatible; YandexImages/3.0; +http://yandex.com/bots)"
157.55.32.142 - - [19/Aug/2013:14:17:35 -0400] "GET /awstats/1210/awstats.996498.1210.unknownip.html HTTP/1.1" 401 603 "-" "Mozilla/5.0 (compatible; bingbot/2.0; +http://www.bing.com/bingbot.htm)"
95.108.158.238 - - [19/Aug/2013:03:14:35 -0400] "GET /images/retirementplanning/image003.jpg HTTP/1.1" 404 3619 "-" "Mozilla/5.0 (compatible; YandexImages/3.0; +http://yandex.com/bots)"
157.55.32.142 - - [19/Aug/2013:05:19:00 -0400] "GET /robots.txt HTTP/1.1" 200 198 "-" "Mozilla/5.0 (compatible; bingbot/2.0; +http://www.bing.com/bingbot.htm)"
208.115.111.74 - - [19/Aug/2013:01:53:11 -0400] "GET /recalci/index.php HTTP/1.1" 200 43105 "-" "Mozilla/5.0 (compatible; Ezooms/1.0; ezooms.bot@gmail.com)"
199.30.20.124 - - [19/Aug/2013:00:47:21 -0400] "GET /images/retirementplanning/image006.jpg HTTP/1.1" 404 3619 "-" "msnbot-media/1.1 (+http://search.msn.com/msnbot.htm)"
72.196.5.59 - - [19/Aug/2013:22:30:54 -0400] "GET /favicon.ico HTTP/1.1" 200 1150 "-" "Mozilla/5.0 (compatible; MSIE 10.0; Windows NT 6.1; Win64; x64; Trident/6.0)"
123.151.148.208 - - [19/Aug/2013:12:09:09 -0400] "GET /mtkdpnospyvezpnz.html HTTP/1.1" 404 3619 "http://www.georgefisheradvisors.com/" "Mozilla/5.0 (compatible; Sosospider/2.0; +http://help.soso.com/webspider.htm)"
213.186.127.4 - - [19/Aug/2013:05:17:39 -0400] "GET /rss.xml HTTP/1.1" 200 146232 "-" "AhrefsBot.Feeds v0.1; http://ahrefs.com/"
95.108.158.238 - - [19/Aug/2013:06:48:15 -0400] "GET /images/retirementplanning/image006.jpg HTTP/1.1" 404 3619 "-" "Mozilla/5.0 (compatible; YandexImages/3.0; +http://yandex.com/bots)"
95.108.158.238 - - [19/Aug/2013:08:32:10 -0400] "GET /images/ThePowerOfConsistentEarlySaving.jpg HTTP/1.1" 404 3619 "-" "Mozilla/5.0 (compatible; YandexImages/3.0; +http://yandex.com/bots)"
72.215.220.163 - - [19/Aug/2013:17:47:16 -0400] "GET /images/retirementplanning/image007.jpg HTTP/1.1" 404 3619 "http://www.georgefisheradvisors.com/capneed/explanation.htm" "Mozilla/5.0 (compatible; MSIE 9.0; Windows NT 6.1; WOW64; Trident/5.0)"
72.215.220.163 - - [19/Aug/2013:17:48:42 -0400] "GET /graphics/bg-content-horizontal.png HTTP/1.1" 200 183 "http://www.georgefisheradvisors.com/assetalloc.php" "Mozilla/5.0 (compatible; MSIE 9.0; Windows NT 6.1; WOW64; Trident/5.0)"
72.215.220.163 - - [19/Aug/2013:22:30:47 -0400] "GET /capneed/ HTTP/1.1" 200 38755 "-" "Mozilla/5.0 (compatible; MSIE 9.0; Windows NT 6.1; WOW64; Trident/5.0)"
157.55.32.142 - - [19/Aug/2013:12:51:13 -0400] "GET /awstats/1211/awstats.996498.1211.session.html HTTP/1.1" 401 603 "-" "Mozilla/5.0 (compatible; bingbot/2.0; +http://www.bing.com/bingbot.htm)"
157.55.35.40 - - [19/Aug/2013:03:47:06 -0400] "GET /robots.txt HTTP/1.1" 200 198 "-" "Mozilla/5.0 (compatible; bingbot/2.0; +http://www.bing.com/bingbot.htm)"
91.207.9.226 - - [19/Aug/2013:08:21:57 -0400] "GET /king-lear-quote.html HTTP/1.1" 200 2143 "http://rusblat.ru/" "Mozilla/4.0 (compatible; MSIE 7.0b; Windows NT 6.0 ; .NET CLR 2.0.50215; SL Commerce Client v1.0; Tablet PC 2.0"
72.215.220.163 - - [19/Aug/2013:17:47:16 -0400] "GET /styles/philadelphia-reflections/reflectionsLayout.css HTTP/1.1" 404 3619 "http://www.georgefisheradvisors.com/capneed/explanation.htm" "Mozilla/5.0 (compatible; MSIE 9.0; Windows NT 6.1; WOW64; Trident/5.0)"
46.118.126.194 - - [19/Aug/2013:13:43:33 -0400] "GET /king-lear-quote.html HTTP/1.1" 200 2143 "http://www.wood-expert.ru/" "Mozilla/4.0 (compatible; MSIE 6.0; Windows NT) ::ELNSB50::000061100320025802a00111000000000507000900000000"
66.249.75.213 - - [19/Aug/2013:21:48:46 -0400] "GET /robots.txt HTTP/1.1" 200 198 "-" "Mozilla/5.0 (compatible; Googlebot/2.1; +http://www.google.com/bot.html)"
66.249.75.213 - - [19/Aug/2013:21:48:46 -0400] "GET /awstats/1307/awstats.996498.1307.alldomains.html HTTP/1.1" 401 603 "-" "Mozilla/5.0 (compatible; Googlebot/2.1; +http://www.google.com/bot.html)"
208.115.111.74 - - [19/Aug/2013:09:08:35 -0400] "GET /robots.txt HTTP/1.1" 200 198 "-" "Mozilla/5.0 (compatible; Ezooms/1.0; ezooms.bot@gmail.com)"
208.115.111.74 - - [19/Aug/2013:10:27:31 -0400] "GET /experience.php?q=wachovia&page=employment HTTP/1.1" 404 3619 "-" "Mozilla/5.0 (compatible; Ezooms/1.0; ezooms.bot@gmail.com)"
199.30.20.124 - - [19/Aug/2013:00:47:20 -0400] "GET /robots.txt HTTP/1.1" 200 198 "-" "msnbot-media/1.1 (+http://search.msn.com/msnbot.htm)"
208.167.230.51 - - [19/Aug/2013:01:26:40 -0400] "GET /capneed/explanation.html HTTP/1.1" 404 3619 "-" "Mozilla/5.0 (compatible; AhrefsBot/4.0; +http://ahrefs.com/robot/)"
46.119.118.152 - - [19/Aug/2013:08:00:18 -0400] "GET /king-lear-quote.html HTTP/1.1" 200 2143 "http://master-remont-tehniki.ru/" "Mozilla/4.0 (compatible; MSIE 6.0; Windows NT) ::ELNSB50::000061100320025802a00111000000000507000900000000"
218.30.103.132 - - [19/Aug/2013:20:31:47 -0400] "GET / HTTP/1.1" 304 - "-" "Sogou web spider/4.0(+http://www.sogou.com/docs/help/webmasters.htm#07)"
130.36.62.222 - - [19/Aug/2013:17:01:42 -0400] "GET /capneed/ HTTP/1.1" 200 38755 "http://www.google.com/url?sa=t&rct=j&q=capital%20needs%20assessment%20retirement&source=web&cd=2&ved=0CD0QFjAB&url=http%3A%2F%2Fwww.georgefisheradvisors.com%2Fcapneed%2F&ei=qYcSUtaXPMa6yQHq74E4&usg=AFQjCNGiXeohH3x_Yp8wYZGbbyIvOruySw" "Mozilla/4.0 (compatible; MSIE 8.0; Windows NT 6.1; Trident/4.0; SLCC2; .NET CLR 2.0.50727; .NET CLR 3.5.30729; .NET CLR 3.0.30729; Media Center PC 6.0; .NET4.0C; MS-RTC LM 8)"
130.36.62.222 - - [19/Aug/2013:17:01:42 -0400] "GET /favicon.ico HTTP/1.1" 200 1150 "-" "Mozilla/4.0 (compatible; MSIE 8.0; Windows NT 6.1; Trident/4.0; SLCC2; .NET CLR 2.0.50727; .NET CLR 3.5.30729; .NET CLR 3.0.30729; Media Center PC 6.0; .NET4.0C; MS-RTC LM 8)"
180.76.5.17 - - [19/Aug/2013:01:51:30 -0400] "GET /awstats/1302/awstats.996498.1302.keyphrases.html HTTP/1.1" 401 603 "-" "Mozilla/5.0 (compatible; Baiduspider/2.0; +http://www.baidu.com/search/spider.html)"
130.185.109.243 - - [19/Aug/2013:08:20:22 -0400] "GET /main.css HTTP/1.1" 200 3884 "-" "PagesInventory (robot http://www.pagesinventory.com)"
180.76.5.52 - - [19/Aug/2013:05:27:14 -0400] "GET /experienceX.php HTTP/1.1" 200 9456 "-" "Mozilla/5.0 (compatible; Baiduspider/2.0; +http://www.baidu.com/search/spider.html)"
95.108.158.238 - - [19/Aug/2013:14:15:36 -0400] "GET /images/retirementplanning/image006.jpg HTTP/1.1" 404 3619 "-" "Mozilla/5.0 (compatible; YandexImages/3.0; +http://yandex.com/bots)"
70.240.33.123 - - [19/Aug/2013:22:11:41 -0400] "GET /capneed/ HTTP/1.1" 200 38755 "http://www.google.com/url?sa=t&rct=j&q=&esrc=s&source=web&cd=7&ved=0CFoQFjAG&url=http%3A%2F%2Fwww.georgefisheradvisors.com%2Fcapneed%2F&ei=aM8SUur-N-rm2gWGpYCQBg&usg=AFQjCNGiXeohH3x_Yp8wYZGbbyIvOruySw&sig2=7PqOrVRKfA3rv-MlJMnHMw" "Mozilla/5.0 (Macintosh; Intel Mac OS X 10.5; rv:16.0) Gecko/20100101 Firefox/16.0"
70.240.33.123 - - [19/Aug/2013:22:11:42 -0400] "GET /favicon.ico HTTP/1.1" 200 1150 "-" "Mozilla/5.0 (Macintosh; Intel Mac OS X 10.5; rv:16.0) Gecko/20100101 Firefox/16.0"
70.240.33.123 - - [19/Aug/2013:22:11:42 -0400] "GET /favicon.ico HTTP/1.1" 200 1150 "-" "Mozilla/5.0 (Macintosh; Intel Mac OS X 10.5; rv:16.0) Gecko/20100101 Firefox/16.0"
46.118.126.194 - - [19/Aug/2013:23:44:07 -0400] "GET /king-lear-quote.html HTTP/1.1" 200 2143 "http://galaxyflowers.ru/" "Mozilla/4.0 (compatible; MSIE 6.0; Windows NT) ::ELNSB50::000061100320025802a00111000000000507000900000000"
157.55.32.142 - - [19/Aug/2013:17:43:59 -0400] "GET /robots.txt HTTP/1.1" 200 198 "-" "Mozilla/5.0 (compatible; bingbot/2.0; +http://www.bing.com/bingbot.htm)"
115.236.152.141 - - [19/Aug/2013:01:10:49 -0400] "GET /robots.txt HTTP/1.1" 200 198 "http://www.georgefisheradvisors.com/" "Mozilla/5.0 (compatible; MSIE 8.0; Windows NT 6.1)"
91.207.9.226 - - [19/Aug/2013:08:21:22 -0400] "GET /king-lear-quote.html HTTP/1.1" 200 2143 "http://timermet.ru/" "Mozilla/4.0 (compatible; MSIE 6.0; Windows 98; Win 9x 4.90; Creative)"
91.207.9.226 - - [19/Aug/2013:08:21:23 -0400] "GET /king-lear-quote.html HTTP/1.1" 200 2143 "http://timermet.ru/" "Mozilla/4.0 (compatible; MSIE 6.0; Windows 98; Win 9x 4.90; Creative)"
91.207.9.226 - - [19/Aug/2013:08:21:57 -0400] "GET /king-lear-quote.html HTTP/1.1" 200 2143 "http://rusblat.ru/" "Mozilla/4.0 (compatible; MSIE 7.0b; Windows NT 6.0 ; .NET CLR 2.0.50215; SL Commerce Client v1.0; Tablet PC 2.0"
95.108.158.238 - - [19/Aug/2013:15:14:34 -0400] "GET /images/retirementplanning/image008.jpg HTTP/1.1" 404 3619 "-" "Mozilla/5.0 (compatible; YandexImages/3.0; +http://yandex.com/bots)"
199.30.20.124 - - [19/Aug/2013:08:05:25 -0400] "GET /images/retirementplanning/image006.jpg HTTP/1.1" 404 3619 "-" "msnbot-media/1.1 (+http://search.msn.com/msnbot.htm)"
66.249.75.213 - - [19/Aug/2013:09:14:34 -0400] "GET /sitemap.html HTTP/1.1" 304 - "-" "Mozilla/5.0 (iPhone; U; CPU iPhone OS 4_1 like Mac OS X; en-us) AppleWebKit/532.9 (KHTML, like Gecko) Version/4.0.5 Mobile/8B117 Safari/6531.22.7 (compatible; Googlebot-Mobile/2.1; +http://www.google.com/bot.html)"
66.249.75.213 - - [19/Aug/2013:11:20:04 -0400] "GET /awstats/1307/awstats.996498.1307.alldomains.html HTTP/1.1" 401 603 "-" "Mozilla/5.0 (compatible; Googlebot/2.1; +http://www.google.com/bot.html)"
5.135.125.177 - - [19/Aug/2013:01:21:29 -0400] "GET /portfolio-management.html HTTP/1.1" 200 11478 "-" "Mozilla/5.0 (Windows; U; Windows NT 6.1; en-US) AppleWebKit/533.20.25 (KHTML, like Gecko) Version/5.0.4 Safari/533.20.27"
72.215.220.163 - - [19/Aug/2013:17:38:26 -0400] "GET /capneed/ HTTP/1.1" 200 38755 "http://www.fivecentnickel.com/2008/02/19/early-retirement-figuring-out-how-much-youll-need/" "Mozilla/5.0 (compatible; MSIE 9.0; Windows NT 6.1; WOW64; Trident/5.0)"
123.125.71.54 - - [19/Aug/2013:23:11:08 -0400] "GET / HTTP/1.1" 304 - "-" "Mozilla/5.0 (compatible; Baiduspider/2.0; +http://www.baidu.com/search/spider.html)"
157.55.32.142 - - [19/Aug/2013:13:09:53 -0400] "GET /awstats/1302/awstats.996498.1302.urlexit.html HTTP/1.0" 401 603 "-" "Mozilla/5.0 (compatible; bingbot/2.0; +http://www.bing.com/bingbot.htm)"
218.30.103.132 - - [19/Aug/2013:20:31:54 -0400] "GET /robots.txt HTTP/1.1" 200 198 "-" "Sogou web spider/4.0"
157.56.93.39 - - [19/Aug/2013:12:29:00 -0400] "GET /cash-choices/cash-choices.htm HTTP/1.1" 200 31611 "-" "Mozilla/5.0 (compatible; bingbot/2.0; +http://www.bing.com/bingbot.htm)"
208.167.230.51 - - [19/Aug/2013:04:20:51 -0400] "GET /calc/buying/buying.htm HTTP/1.1" 200 33923 "-" "Mozilla/5.0 (compatible; AhrefsBot/4.0; +http://ahrefs.com/robot/)"
95.108.158.238 - - [19/Aug/2013:16:30:46 -0400] "GET /menu/experience.jpg HTTP/1.1" 304 - "-" "Mozilla/5.0 (compatible; YandexImages/3.0; +http://yandex.com/bots)"
72.215.220.163 - - [19/Aug/2013:17:48:42 -0400] "GET /graphics/bg-container-vertical.png HTTP/1.1" 200 204 "http://www.georgefisheradvisors.com/assetalloc.php" "Mozilla/5.0 (compatible; MSIE 9.0; Windows NT 6.1; WOW64; Trident/5.0)"
157.56.93.39 - - [19/Aug/2013:00:36:16 -0400] "GET /robots.txt HTTP/1.1" 200 198 "-" "Mozilla/5.0 (compatible; bingbot/2.0; +http://www.bing.com/bingbot.htm)"
196.214.38.122 - - [19/Aug/2013:06:02:59 -0400] "GET /capneed/ HTTP/1.1" 200 38755 "http://www.google.co.za/url?sa=t&rct=j&q=retirement%20needs%20analysis&source=web&cd=10&sqi=2&ved=0CG0QFjAJ&url=http%3A%2F%2Fwww.georgefisheradvisors.com%2Fcapneed%2F&ei=zOwRUuLMI8WthQeCoIGYCg&usg=AFQjCNGiXeohH3x_Yp8wYZGbbyIvOruySw" "Mozilla/5.0 (compatible; MSIE 10.0; Windows NT 6.1; Trident/6.0)"
95.108.158.238 - - [19/Aug/2013:06:06:13 -0400] "GET /images/retirementplanning/image002.jpg HTTP/1.1" 404 3619 "-" "Mozilla/5.0 (compatible; YandexImages/3.0; +http://yandex.com/bots)"
180.76.5.172 - - [19/Aug/2013:08:47:01 -0400] "GET /awstats/1306/awstats.996498.1306.osdetail.html HTTP/1.1" 401 603 "-" "Mozilla/5.0 (compatible; Baiduspider/2.0; +http://www.baidu.com/search/spider.html)"
157.55.32.142 - - [19/Aug/2013:17:44:29 -0400] "GET /awstats/1304/awstats.996498.1304.alldomains.html HTTP/1.1" 401 603 "-" "Mozilla/5.0 (compatible; bingbot/2.0; +http://www.bing.com/bingbot.htm)"
150.70.172.107 - - [19/Aug/2013:06:05:22 -0400] "GET /capneed/ HTTP/1.0" 200 38755 "-" "Mozilla/4.0 (compatible; MSIE 6.0; Windows NT 5.1)"
208.167.230.51 - - [19/Aug/2013:06:34:44 -0400] "GET /experience.php?q=prudential&page=employment HTTP/1.1" 404 3619 "-" "Mozilla/5.0 (compatible; AhrefsBot/4.0; +http://ahrefs.com/robot/)"
95.108.158.238 - - [19/Aug/2013:07:38:09 -0400] "GET /menu/investment-planning.jpg HTTP/1.1" 304 - "-" "Mozilla/5.0 (compatible; YandexImages/3.0; +http://yandex.com/bots)"
208.167.230.51 - - [19/Aug/2013:11:53:18 -0400] "GET /capneed/index.htm HTTP/1.1" 200 38755 "-" "Mozilla/5.0 (compatible; AhrefsBot/4.0; +http://ahrefs.com/robot/)"
72.215.220.163 - - [19/Aug/2013:17:47:16 -0400] "GET /images/retirementplanning/image006.jpg HTTP/1.1" 404 3619 "http://www.georgefisheradvisors.com/capneed/explanation.htm" "Mozilla/5.0 (compatible; MSIE 9.0; Windows NT 6.1; WOW64; Trident/5.0)"
72.215.220.163 - - [19/Aug/2013:17:48:41 -0400] "GET /main.css HTTP/1.1" 200 3884 "http://www.georgefisheradvisors.com/assetalloc.php" "Mozilla/5.0 (compatible; MSIE 9.0; Windows NT 6.1; WOW64; Trident/5.0)"
72.215.220.163 - - [19/Aug/2013:17:48:41 -0400] "GET /graphics/header.png HTTP/1.1" 200 3053 "http://www.georgefisheradvisors.com/assetalloc.php" "Mozilla/5.0 (compatible; MSIE 9.0; Windows NT 6.1; WOW64; Trident/5.0)"
130.185.109.243 - - [19/Aug/2013:08:07:55 -0400] "GET /robots.txt HTTP/1.1" 200 198 "-" "PagesInventory (robot http://www.pagesinvenotry.com)"
130.185.109.243 - - [19/Aug/2013:08:07:56 -0400] "GET / HTTP/1.1" 200 8575 "-" "PagesInventory (robot +http://www.pagesinventory.com)"
157.55.35.102 - - [19/Aug/2013:12:27:24 -0400] "GET /awstats/1210/awstats.996498.1210.unknownos.html HTTP/1.1" 401 603 "-" "Mozilla/5.0 (compatible; bingbot/2.0; +http://www.bing.com/bingbot.htm)"
157.56.229.189 - - [19/Aug/2013:14:32:36 -0400] "GET /awstats/1305/awstats.996498.1305.unknownbrowser.html HTTP/1.1" 401 603 "-" "Mozilla/5.0 (compatible; bingbot/2.0; +http://www.bing.com/bingbot.htm)"
218.30.103.132 - - [19/Aug/2013:21:02:24 -0400] "GET / HTTP/1.1" 304 - "-" "Sogou web spider/4.0(+http://www.sogou.com/docs/help/webmasters.htm#07)"
157.55.35.40 - - [19/Aug/2013:03:49:20 -0400] "GET / HTTP/1.1" 304 - "-" "Mozilla/5.0 (compatible; bingbot/2.0; +http://www.bing.com/bingbot.htm)"
95.108.158.238 - - [19/Aug/2013:04:51:39 -0400] "GET /menu/about.jpg HTTP/1.1" 304 - "-" "Mozilla/5.0 (compatible; YandexImages/3.0; +http://yandex.com/bots)"
208.115.111.74 - - [19/Aug/2013:01:02:29 -0400] "GET /robots.txt HTTP/1.1" 200 198 "-" "Mozilla/5.0 (compatible; Ezooms/1.0; ezooms.bot@gmail.com)"
46.119.118.152 - - [19/Aug/2013:13:40:34 -0400] "GET /king-lear-quote.html HTTP/1.1" 200 2143 "http://ilya-muromec.ru/" "Mozilla/4.0 (compatible; MSIE 6.0; Windows NT 5.1; FREE; .NET CLR 1.1.4322)"
46.119.118.152 - - [19/Aug/2013:13:40:34 -0400] "GET /king-lear-quote.html HTTP/1.1" 200 2143 "http://ilya-muromec.ru/" "Mozilla/4.0 (compatible; MSIE 6.0; Windows NT 5.1; FREE; .NET CLR 1.1.4322)"
46.119.118.152 - - [19/Aug/2013:13:40:35 -0400] "GET /king-lear-quote.html HTTP/1.1" 200 2143 "http://ilya-muromec.ru/" "Mozilla/4.0 (compatible; MSIE 6.0; Windows NT 5.1; FREE; .NET CLR 1.1.4322)"
95.108.158.238 - - [19/Aug/2013:09:34:20 -0400] "GET /images/retirementplanning/image007.jpg HTTP/1.1" 404 3619 "-" "Mozilla/5.0 (compatible; YandexImages/3.0; +http://yandex.com/bots)"
66.249.75.213 - - [19/Aug/2013:11:20:49 -0400] "GET /awstats/1307/awstats.996498.1307.alldomains.html HTTP/1.1" 401 603 "-" "Mozilla/5.0 (compatible; Googlebot/2.1; +http://www.google.com/bot.html)"
157.55.32.142 - - [19/Aug/2013:05:19:34 -0400] "GET /awstats/1212/awstats.996498.1212.urldetail.html HTTP/1.1" 401 603 "-" "Mozilla/5.0 (compatible; bingbot/2.0; +http://www.bing.com/bingbot.htm)"
196.214.38.122 - - [19/Aug/2013:06:03:03 -0400] "GET /favicon.ico HTTP/1.1" 200 1150 "-" "Mozilla/5.0 (compatible; MSIE 10.0; Windows NT 6.1; Trident/6.0)"
150.70.173.49 - - [19/Aug/2013:06:06:28 -0400] "GET /capneed/ HTTP/1.1" 200 38755 "-" "Mozilla/4.0 (compatible; MSIE 8.0; Windows NT 5.1; Trident/4.0)"
208.167.230.51 - - [19/Aug/2013:08:02:06 -0400] "GET /calc/selling/selling.htm HTTP/1.1" 200 33500 "-" "Mozilla/5.0 (compatible; AhrefsBot/4.0; +http://ahrefs.com/robot/)"
157.55.36.35 - - [19/Aug/2013:03:53:30 -0400] "GET /assetalloc.php HTTP/1.1" 404 3619 "-" "Mozilla/5.0 (compatible; bingbot/2.0; +http://www.bing.com/bingbot.htm)"
95.108.158.238 - - [19/Aug/2013:05:25:52 -0400] "GET /menu/financial-planning.jpg HTTP/1.1" 304 - "-" "Mozilla/5.0 (compatible; YandexImages/3.0; +http://yandex.com/bots)"
180.76.5.155 - - [19/Aug/2013:17:31:16 -0400] "GET /robots.txt HTTP/1.1" 200 198 "-" "Mozilla/5.0 (Windows NT 5.1; rv:6.0.2) Gecko/20100101 Firefox/6.0.2"
95.108.158.238 - - [19/Aug/2013:12:35:17 -0400] "GET /images/retirementplanning/image003.jpg HTTP/1.1" 404 3619 "-" "Mozilla/5.0 (compatible; YandexImages/3.0; +http://yandex.com/bots)"
157.56.93.39 - - [19/Aug/2013:00:37:14 -0400] "GET / HTTP/1.1" 200 8575 "-" "Mozilla/5.0 (compatible; bingbot/2.0; +http://www.bing.com/bingbot.htm)"
