157.55.33.146 - - [18/Aug/2013:18:26:53 -0400] "GET /awstats/1210/awstats.996498.1210.urlexit.html HTTP/1.1" 401 603 "-" "Mozilla/5.0 (compatible; bingbot/2.0; +http://www.bing.com/bingbot.htm)"
95.108.158.238 - - [18/Aug/2013:18:56:49 -0400] "GET /robots.txt HTTP/1.1" 200 198 "-" "Mozilla/5.0 (compatible; YandexImages/3.0; +http://yandex.com/bots)"
77.75.77.11 - - [18/Aug/2013:00:07:05 -0400] "GET / HTTP/1.1" 304 - "-" "SeznamBot/3.0 (+http://fulltext.sblog.cz/)"
5.10.83.39 - - [18/Aug/2013:00:33:39 -0400] "GET /menu/experience.jpg HTTP/1.1" 200 25952 "-" "Mozilla/5.0 (compatible; AhrefsBot/5.0; +http://ahrefs.com/robot/)"
101.226.167.246 - - [18/Aug/2013:07:21:59 -0400] "GET /robots.txt HTTP/1.1" 200 198 "http://www.georgefisheradvisors.com/robots.txt" "Mozilla/4.0 (compatible; MSIE 8.0; Windows NT 6.1; Trident/4.0; SLCC2; .NET CLR 2.0.50727; .NET CLR 3.5.30729; .NET CLR 3.0.30729; Media Center PC 6.0; MDDR; .NET4.0C; .NET4.0E; .NET CLR 1.1.4322; Tablet PC 2.0); 360Spider"
5.135.125.183 - - [18/Aug/2013:16:59:06 -0400] "GET /about.html HTTP/1.1" 200 9882 "-" "Mozilla/5.0 (Windows NT 6.1; WOW64; rv:6.0a2) Gecko/20110613 Firefox/6.0a2"
77.75.77.11 - - [18/Aug/2013:00:05:21 -0400] "GET /robots.txt HTTP/1.1" 200 198 "-" "SeznamBot/3.0 (+http://fulltext.sblog.cz/)"
77.75.77.11 - - [18/Aug/2013:00:05:22 -0400] "GET /disclaimer.html HTTP/1.1" 200 12258 "-" "SeznamBot/3.0 (+http://fulltext.sblog.cz/)"
195.242.218.133 - - [18/Aug/2013:08:01:02 -0400] "GET /king-lear-quote.html HTTP/1.1" 200 2143 "http://valdaidom.ru/" "Mozilla/4.0 (compatible; MSIE 6.0; Windows NT 5.1; Crazy Browser 1.0.5)"
66.249.75.213 - - [18/Aug/2013:13:12:03 -0400] "GET /capneed/ HTTP/1.1" 304 - "-" "Mozilla/5.0 (iPhone; U; CPU iPhone OS 4_1 like Mac OS X; en-us) AppleWebKit/532.9 (KHTML, like Gecko) Version/4.0.5 Mobile/8B117 Safari/6531.22.7 (compatible; Googlebot-Mobile/2.1; +http://www.google.com/bot.html)"
65.55.213.68 - - [18/Aug/2013:13:22:24 -0400] "GET /sitemap.html HTTP/1.1" 200 7828 "-" "msnbot/2.0b (+http://search.msn.com/msnbot.htm)"
193.106.136.50 - - [18/Aug/2013:20:03:01 -0400] "GET /king-lear-quote.html HTTP/1.1" 200 2143 "http://planetakino.com/" "Mozilla/6.0 (compatible; MSIE 7.0a1; Windows NT 5.2; SV1)"
65.55.213.192 - - [18/Aug/2013:22:41:44 -0400] "GET /robots.txt HTTP/1.1" 200 198 "-" "msnbot/2.0b (+http://search.msn.com/msnbot.htm)"
65.55.215.110 - - [18/Aug/2013:18:12:41 -0400] "GET /robots.txt HTTP/1.1" 200 198 "-" "msnbot-media/1.1 (+http://search.msn.com/msnbot.htm)"
157.55.33.113 - - [18/Aug/2013:10:11:44 -0400] "GET /robots.txt HTTP/1.1" 200 198 "-" "Mozilla/5.0 (compatible; bingbot/2.0; +http://www.bing.com/bingbot.htm)"
65.55.215.93 - - [18/Aug/2013:00:49:36 -0400] "GET /robots.txt HTTP/1.1" 200 198 "-" "msnbot-media/1.1 (+http://search.msn.com/msnbot.htm)"
213.186.127.4 - - [18/Aug/2013:20:16:27 -0400] "GET /rss.xml HTTP/1.1" 200 146232 "-" "AhrefsBot.Feeds v0.1; http://ahrefs.com/"
180.76.5.136 - - [18/Aug/2013:01:38:55 -0400] "GET /portfolio-management.html HTTP/1.1" 200 11478 "-" "Mozilla/5.0 (compatible; Baiduspider/2.0; +http://www.baidu.com/search/spider.html)"
65.55.213.68 - - [18/Aug/2013:13:22:25 -0400] "GET /disclaimer.html HTTP/1.1" 200 12258 "-" "msnbot/2.0b (+http://search.msn.com/msnbot.htm)"
178.255.215.75 - - [18/Aug/2013:15:37:13 -0400] "GET /contact.html HTTP/1.1" 304 - "-" "Mozilla/5.0 (compatible; Exabot/3.0; +http://www.exabot.com/go/robot)"
5.135.125.183 - - [18/Aug/2013:16:59:07 -0400] "GET /experience.html HTTP/1.1" 200 14928 "-" "Opera/9.80 (X11; Linux x86_64; U; en) Presto/2.9.168 Version/11.50"
66.249.75.217 - - [18/Aug/2013:19:56:04 -0400] "GET /Asset%20Allocation%20and%20Portfolio%20Rebalancing.htm HTTP/1.1" 404 3619 "-" "Mozilla/5.0 (compatible; Googlebot/2.1; +http://www.google.com/bot.html)"
91.207.9.226 - - [18/Aug/2013:12:42:26 -0400] "GET /king-lear-quote.html HTTP/1.1" 200 2143 "http://www.lifeazart.com/" "Mozilla/4.0 (compatible; MSIE 7.0b; Windows NT 6.0 ; .NET CLR 2.0.50215; SL Commerce Client v1.0; Tablet PC 2.0"
66.249.75.213 - - [18/Aug/2013:22:54:22 -0400] "GET /experience.html HTTP/1.1" 304 - "-" "Mozilla/5.0 (iPhone; U; CPU iPhone OS 4_1 like Mac OS X; en-us) AppleWebKit/532.9 (KHTML, like Gecko) Version/4.0.5 Mobile/8B117 Safari/6531.22.7 (compatible; Googlebot-Mobile/2.1; +http://www.google.com/bot.html)"
180.76.5.64 - - [18/Aug/2013:04:30:54 -0400] "GET / HTTP/1.1" 200 8575 "-" "Mozilla/5.0 (compatible; Baiduspider/2.0; +http://www.baidu.com/search/spider.html)"
5.135.125.183 - - [18/Aug/2013:16:59:05 -0400] "GET /portfolio-management.html HTTP/1.1" 200 11478 "-" "Mozilla/5.0 (X11; U; FreeBSD amd64; en-us) AppleWebKit/531.2+ (KHTML, like Gecko) Safari/531.2+ Epiphany/2.30.0"
92.249.127.111 - - [18/Aug/2013:06:02:15 -0400] "GET /king-lear-quote.html HTTP/1.1" 200 2143 "http://www.bravica.co/ru/" "Mozilla/5.0 (compatible; news bot /2.1)"
66.249.75.213 - - [18/Aug/2013:08:12:30 -0400] "GET /experience-workX.php HTTP/1.1" 200 9811 "-" "Mozilla/5.0 (compatible; Googlebot/2.1; +http://www.google.com/bot.html)"
66.249.75.213 - - [18/Aug/2013:21:05:48 -0400] "GET /retirementplanning.php HTTP/1.1" 404 3619 "-" "Mozilla/5.0 (compatible; Googlebot/2.1; +http://www.google.com/bot.html)"
46.119.118.152 - - [18/Aug/2013:04:59:26 -0400] "GET /king-lear-quote.html HTTP/1.1" 200 2143 "http://remont-fridge-tv.ru/" "Mozilla/4.0 (compatible; MSIE 6.0; Windows NT) ::ELNSB50::000061100320025802a00111000000000507000900000000"
157.55.32.110 - - [18/Aug/2013:10:12:17 -0400] "GET /robots.txt HTTP/1.1" 200 198 "-" "Mozilla/5.0 (compatible; bingbot/2.0; +http://www.bing.com/bingbot.htm)"
46.118.126.194 - - [18/Aug/2013:11:19:40 -0400] "GET /king-lear-quote.html HTTP/1.1" 200 2143 "http://web-sektor.ru/" "Mozilla/4.0 (compatible; MSIE 6.0; Windows NT 5.1; ru) Opera 8.50"
66.249.75.213 - - [18/Aug/2013:12:58:50 -0400] "GET /portfolio-rebalance/portfolio-rebalance.htm HTTP/1.1" 304 - "-" "Mozilla/5.0 (compatible; Googlebot/2.1; +http://www.google.com/bot.html)"
5.10.83.39 - - [18/Aug/2013:08:21:59 -0400] "GET / HTTP/1.1" 200 8575 "-" "Mozilla/5.0 (compatible; AhrefsBot/5.0; +http://ahrefs.com/robot/)"
65.55.215.35 - - [18/Aug/2013:08:42:34 -0400] "GET /images/insurance_files/image021.jpg HTTP/1.1" 404 3619 "-" "msnbot-media/1.1 (+http://search.msn.com/msnbot.htm)"
66.249.75.217 - - [18/Aug/2013:19:43:19 -0400] "GET /capneed/index.html HTTP/1.1" 404 3619 "-" "Mozilla/5.0 (compatible; Googlebot/2.1; +http://www.google.com/bot.html)"
65.55.213.68 - - [18/Aug/2013:13:22:21 -0400] "GET /robots.txt HTTP/1.1" 200 198 "-" "msnbot/2.0b (+http://search.msn.com/msnbot.htm)"
65.55.213.68 - - [18/Aug/2013:13:22:27 -0400] "GET /portfolio-management.html HTTP/1.1" 200 11478 "-" "msnbot/2.0b (+http://search.msn.com/msnbot.htm)"
77.75.77.11 - - [18/Aug/2013:00:18:55 -0400] "GET /portfolio-management.html HTTP/1.1" 200 11478 "-" "SeznamBot/3.0 (+http://fulltext.sblog.cz/)"
66.249.75.213 - - [18/Aug/2013:01:34:02 -0400] "GET /capneed/ HTTP/1.1" 304 - "-" "Mozilla/5.0 (compatible; Googlebot/2.1; +http://www.google.com/bot.html)"
199.21.99.120 - - [18/Aug/2013:03:42:59 -0400] "GET /robots.txt HTTP/1.1" 200 198 "-" "Mozilla/5.0 (compatible; YandexBot/3.0; +http://yandex.com/bots)"
46.119.118.152 - - [18/Aug/2013:04:59:27 -0400] "GET /king-lear-quote.html HTTP/1.1" 200 2143 "http://remont-fridge-tv.ru/" "Mozilla/4.0 (compatible; MSIE 6.0; Windows NT) ::ELNSB50::000061100320025802a00111000000000507000900000000"
92.249.127.111 - - [18/Aug/2013:06:02:16 -0400] "GET /king-lear-quote.html HTTP/1.1" 200 2143 "http://www.bravica.co/ru/" "Mozilla/5.0 (compatible; news bot /2.1)"
77.75.77.11 - - [18/Aug/2013:00:11:07 -0400] "GET /about.html HTTP/1.1" 200 9882 "-" "SeznamBot/3.0 (+http://fulltext.sblog.cz/)"
178.137.128.12 - - [18/Aug/2013:01:35:52 -0400] "GET /king-lear-quote.html HTTP/1.1" 200 2143 "http://rada.ru/souvenir/" "Mozilla/4.0 (compatible; MSIE 6.0; Windows NT 5.1; SV1; FunWebProducts; .NET CLR 1.1.4322; PeoplePal 6.2)"
199.30.20.85 - - [18/Aug/2013:10:21:50 -0400] "GET /images/insurance_files/image038.jpg HTTP/1.1" 404 3619 "-" "msnbot-media/1.1 (+http://search.msn.com/msnbot.htm)"
66.249.75.213 - - [18/Aug/2013:10:24:22 -0400] "GET /sitemap.html HTTP/1.1" 304 - "-" "Mozilla/5.0 (compatible; Googlebot/2.1; +http://www.google.com/bot.html)"
95.108.158.238 - - [18/Aug/2013:19:59:17 -0400] "GET /images/retirementplanning/image007.jpg HTTP/1.1" 404 3619 "-" "Mozilla/5.0 (compatible; YandexImages/3.0; +http://yandex.com/bots)"
95.108.249.30 - - [18/Aug/2013:03:43:13 -0400] "GET / HTTP/1.1" 200 8575 "-" "Mozilla/5.0 (compatible; YandexBot/3.0; +http://yandex.com/bots)"
46.119.118.152 - - [18/Aug/2013:04:59:26 -0400] "GET /king-lear-quote.html HTTP/1.1" 200 2143 "http://www.bravica.net/ru/" "Mozilla/4.0 (compatible; MSIE 6.0; Windows NT) ::ELNSB50::000061100320025802a00111000000000507000900000000"
46.119.118.152 - - [18/Aug/2013:04:59:28 -0400] "GET /king-lear-quote.html HTTP/1.1" 200 2143 "http://www.bravica.net/ru/" "Mozilla/4.0 (compatible; MSIE 6.0; Windows NT) ::ELNSB50::000061100320025802a00111000000000507000900000000"
184.169.241.16 - - [18/Aug/2013:08:23:16 -0400] "GET /capneed/ HTTP/1.1" 200 38755 "http://www.georgefisheradvisors.com/capneed/" "Mozilla/5.0 (X11; Linux x86_64) AppleWebKit/535.1 (KHTML, like Gecko) Ubuntu/11.10 Chromium/14.0.835.202 Chrome/14.0.835.202 Safari/535.1"
157.55.32.110 - - [18/Aug/2013:08:26:16 -0400] "GET /robots.txt HTTP/1.1" 200 198 "-" "Mozilla/5.0 (compatible; bingbot/2.0; +http://www.bing.com/bingbot.htm)"
144.76.42.76 - - [18/Aug/2013:11:02:43 -0400] "GET / HTTP/1.1" 200 8575 "-" "Mozilla/5.0 (Macintosh; Intel Mac OS X 10_8_2) AppleWebKit/537.17 (KHTML, like Gecko) Chrome/24.0.1312.52 Safari/537.17"
144.76.42.76 - - [18/Aug/2013:11:02:43 -0400] "GET / HTTP/1.1" 200 8575 "-" "Mozilla/5.0 (Macintosh; Intel Mac OS X 10_8_2) AppleWebKit/537.17 (KHTML, like Gecko) Chrome/24.0.1312.52 Safari/537.17"
199.30.24.170 - - [18/Aug/2013:11:19:55 -0400] "GET /graphics/header.png HTTP/1.1" 200 3053 "http://georgefisheradvisors.com/" "Mozilla/5.0 (Windows NT 6.1; WOW64) AppleWebKit/534+ (KHTML, like Gecko) BingPreview/1.0b"
157.55.32.110 - - [18/Aug/2013:10:13:00 -0400] "GET /awstats/1301/awstats.996498.1301.allhosts.html HTTP/1.1" 401 603 "-" "Mozilla/5.0 (compatible; bingbot/2.0; +http://www.bing.com/bingbot.htm)"
41.122.146.72 - - [18/Aug/2013:10:16:48 -0400] "GET /menu/investment-planning.jpg HTTP/1.1" 200 27346 "-" "Mozilla/5.0 (Windows NT 6.2; WOW64) AppleWebKit/537.22 (KHTML, like Gecko) Chrome/25.0.1364.97 Safari/537.22"
178.154.164.251 - - [18/Aug/2013:03:43:19 -0400] "GET / HTTP/1.1" 200 8575 "-" "Mozilla/5.0 (compatible; YandexBot/3.0; +http://yandex.com/bots)"
46.118.126.194 - - [18/Aug/2013:11:19:42 -0400] "GET /king-lear-quote.html HTTP/1.1" 200 2143 "http://web-sektor.ru/" "Mozilla/4.0 (compatible; MSIE 6.0; Windows NT 5.1; ru) Opera 8.50"
95.108.245.253 - - [18/Aug/2013:03:43:09 -0400] "GET /index.html HTTP/1.1" 200 8575 "-" "Mozilla/5.0 (compatible; YandexBot/3.0; +http://yandex.com/bots)"
66.249.75.213 - - [18/Aug/2013:12:25:41 -0400] "GET / HTTP/1.1" 304 - "-" "Mozilla/5.0 (compatible; Googlebot/2.1; +http://www.google.com/bot.html)"
65.55.213.68 - - [18/Aug/2013:13:22:21 -0400] "GET /investment-planning.html HTTP/1.1" 200 13370 "-" "msnbot/2.0b (+http://search.msn.com/msnbot.htm)"
92.249.127.111 - - [18/Aug/2013:15:09:14 -0400] "GET /king-lear-quote.html HTTP/1.1" 200 2143 "http://www.bravica.ws/ru/" "Mozilla/5.0 (compatible; news bot /2.1)"
180.76.5.169 - - [18/Aug/2013:03:17:01 -0400] "GET /recalci/ HTTP/1.1" 200 7552 "-" "Mozilla/5.0 (compatible; Baiduspider/2.0; +http://www.baidu.com/search/spider.html)"
66.249.75.213 - - [18/Aug/2013:05:52:53 -0400] "GET /main.css HTTP/1.1" 200 3884 "-" "Mozilla/5.0 (compatible; Googlebot/2.1; +http://www.google.com/bot.html)"
66.249.75.217 - - [18/Aug/2013:19:07:42 -0400] "GET /king-lear-quote.html HTTP/1.1" 200 2143 "-" "Mozilla/5.0 (compatible; Googlebot/2.1; +http://www.google.com/bot.html)"
180.76.6.224 - - [18/Aug/2013:20:51:50 -0400] "GET /robots.txt HTTP/1.1" 200 198 "-" "Mozilla/5.0 (Windows NT 5.1; rv:6.0.2) Gecko/20100101 Firefox/6.0.2"
95.108.158.238 - - [18/Aug/2013:22:14:45 -0400] "GET /images/retirementplanning/image004.jpg HTTP/1.1" 404 3619 "-" "Mozilla/5.0 (compatible; YandexImages/3.0; +http://yandex.com/bots)"
66.249.75.213 - - [18/Aug/2013:05:22:08 -0400] "GET / HTTP/1.1" 304 - "-" "Mozilla/5.0 (compatible; Googlebot/2.1; +http://www.google.com/bot.html)"
157.55.33.113 - - [18/Aug/2013:11:19:31 -0400] "GET /robots.txt HTTP/1.1" 200 198 "-" "Mozilla/5.0 (compatible; bingbot/2.0; +http://www.bing.com/bingbot.htm)"
65.55.213.68 - - [18/Aug/2013:08:27:12 -0400] "GET / HTTP/1.1" 200 8575 "-" "msnbot/2.0b (+http://search.msn.com/msnbot.htm)"
66.249.75.217 - - [18/Aug/2013:19:08:54 -0400] "GET /retirement-planning.html HTTP/1.1" 404 3619 "-" "Mozilla/5.0 (compatible; Googlebot/2.1; +http://www.google.com/bot.html)"
193.106.136.50 - - [18/Aug/2013:20:03:02 -0400] "GET /king-lear-quote.html HTTP/1.1" 200 2143 "http://planetakino.com/" "Mozilla/6.0 (compatible; MSIE 7.0a1; Windows NT 5.2; SV1)"
220.181.108.185 - - [18/Aug/2013:21:42:15 -0400] "GET / HTTP/1.1" 304 - "-" "Mozilla/5.0 (compatible; Baiduspider/2.0; +http://www.baidu.com/search/spider.html)"
65.55.213.192 - - [18/Aug/2013:22:41:44 -0400] "GET /sitemap.xml HTTP/1.1" 200 50712 "-" "msnbot/2.0b (+http://search.msn.com/msnbot.htm)"
180.76.6.231 - - [18/Aug/2013:15:46:01 -0400] "GET /awstats/1210/awstats.996498.1210.unknownos.html HTTP/1.1" 401 603 "-" "Mozilla/5.0 (compatible; Baiduspider/2.0; +http://www.baidu.com/search/spider.html)"
95.108.158.238 - - [18/Aug/2013:21:22:30 -0400] "GET /images/ThePowerOfConsistentEarlySaving.jpg HTTP/1.1" 404 3619 "-" "Mozilla/5.0 (compatible; YandexImages/3.0; +http://yandex.com/bots)"
157.56.93.73 - - [18/Aug/2013:22:43:39 -0400] "GET /awstats/1212/awstats.996498.1212.browserdetail.html HTTP/1.1" 401 603 "-" "Mozilla/5.0 (compatible; bingbot/2.0; +http://www.bing.com/bingbot.htm)"
66.249.75.213 - - [18/Aug/2013:15:38:12 -0400] "GET /investment-planning.html HTTP/1.1" 304 - "-" "DoCoMo/2.0 N905i(c100;TB;W24H16) (compatible; Googlebot-Mobile/2.1; +http://www.google.com/bot.html)"
157.55.33.146 - - [18/Aug/2013:18:23:16 -0400] "GET /robots.txt HTTP/1.1" 200 198 "-" "Mozilla/5.0 (compatible; bingbot/2.0; +http://www.bing.com/bingbot.htm)"
157.55.32.110 - - [18/Aug/2013:10:38:40 -0400] "GET /graphics/sprite.png HTTP/1.1" 200 46436 "-" "Mozilla/5.0 (compatible; bingbot/2.0; +http://www.bing.com/bingbot.htm)"
46.119.118.152 - - [18/Aug/2013:04:59:27 -0400] "GET /king-lear-quote.html HTTP/1.1" 200 2143 "http://remont-fridge-tv.ru/" "Mozilla/4.0 (compatible; MSIE 6.0; Windows NT) ::ELNSB50::000061100320025802a00111000000000507000900000000"
66.249.75.213 - - [18/Aug/2013:06:25:07 -0400] "GET /awstats/1307/awstats.996498.1307.alldomains.html HTTP/1.1" 401 603 "-" "Mozilla/5.0 (compatible; Googlebot/2.1; +http://www.google.com/bot.html)"
46.119.118.152 - - [18/Aug/2013:04:59:28 -0400] "GET /king-lear-quote.html HTTP/1.1" 200 2143 "http://www.bravica.net/ru/" "Mozilla/4.0 (compatible; MSIE 6.0; Windows NT) ::ELNSB50::000061100320025802a00111000000000507000900000000"
91.207.9.226 - - [18/Aug/2013:12:42:26 -0400] "GET /king-lear-quote.html HTTP/1.1" 200 2143 "http://www.lifeazart.com/" "Mozilla/4.0 (compatible; MSIE 7.0b; Windows NT 6.0 ; .NET CLR 2.0.50215; SL Commerce Client v1.0; Tablet PC 2.0"
66.249.75.213 - - [18/Aug/2013:13:38:49 -0400] "GET /robots.txt HTTP/1.1" 200 198 "-" "Mozilla/5.0 (compatible; Googlebot/2.1; +http://www.google.com/bot.html)"
5.135.125.183 - - [18/Aug/2013:16:59:03 -0400] "GET / HTTP/1.1" 200 8575 "-" "Opera/9.80 (X11; Linux x86_64; U; Ubuntu/10.10 (maverick); en) Presto/2.7.62 Version/11.01"
66.249.75.217 - - [18/Aug/2013:20:01:10 -0400] "GET /capneed/explanation.html HTTP/1.1" 404 3619 "-" "Mozilla/5.0 (compatible; Googlebot/2.1; +http://www.google.com/bot.html)"
66.249.75.213 - - [18/Aug/2013:07:12:49 -0400] "GET /disclaimer.html HTTP/1.1" 304 - "-" "Mozilla/5.0 (compatible; Googlebot/2.1; +http://www.google.com/bot.html)"
125.39.53.105 - - [18/Aug/2013:00:49:59 -0400] "GET /robots.txt HTTP/1.1" 200 198 "http://georgefisheradvisors.com/" "Mozilla/5.0 (compatible; MSIE 8.0; Windows NT 6.1)"
213.186.127.4 - - [18/Aug/2013:02:16:22 -0400] "GET /rss.xml HTTP/1.1" 200 146232 "-" "AhrefsBot.Feeds v0.1; http://ahrefs.com/"
66.249.75.213 - - [18/Aug/2013:10:39:17 -0400] "GET /capneed/ HTTP/1.1" 304 - "-" "Mozilla/5.0 (compatible; Googlebot/2.1; +http://www.google.com/bot.html)"
91.231.40.54 - - [18/Aug/2013:14:51:07 -0400] "GET /capneed/explanation.htm HTTP/1.0" 200 84689 "http://georgefisheradvisors.com/capneed/explanation.htm" "Mozilla/5.0 (Windows NT 6.1; rv:17.0) Gecko/20100101 Firefox/17.0"
178.137.128.12 - - [18/Aug/2013:01:35:53 -0400] "GET /king-lear-quote.html HTTP/1.1" 200 2143 "http://rada.ru/souvenir/" "Mozilla/4.0 (compatible; MSIE 6.0; Windows NT 5.1; SV1; FunWebProducts; .NET CLR 1.1.4322; PeoplePal 6.2)"
157.55.32.110 - - [18/Aug/2013:08:27:04 -0400] "GET /awstats/1210/awstats.996498.1210.session.html HTTP/1.1" 401 603 "-" "Mozilla/5.0 (compatible; bingbot/2.0; +http://www.bing.com/bingbot.htm)"
157.55.33.113 - - [18/Aug/2013:10:18:15 -0400] "GET / HTTP/1.1" 200 8575 "-" "Mozilla/5.0 (compatible; bingbot/2.0; +http://www.bing.com/bingbot.htm)"
193.106.136.50 - - [18/Aug/2013:20:03:00 -0400] "GET /king-lear-quote.html HTTP/1.1" 200 2143 "http://planetakino.com/" "Mozilla/6.0 (compatible; MSIE 7.0a1; Windows NT 5.2; SV1)"
65.55.213.68 - - [18/Aug/2013:08:27:12 -0400] "GET /robots.txt HTTP/1.1" 200 198 "-" "msnbot/2.0b (+http://search.msn.com/msnbot.htm)"
65.55.213.68 - - [18/Aug/2013:13:22:23 -0400] "GET /experience.html HTTP/1.1" 200 14928 "-" "msnbot/2.0b (+http://search.msn.com/msnbot.htm)"
66.249.75.152 - - [18/Aug/2013:03:33:03 -0400] "GET /main.css HTTP/1.1" 200 3884 "-" "Mozilla/5.0 (compatible; Googlebot/2.1; +http://www.google.com/bot.html)"
178.137.128.12 - - [18/Aug/2013:01:35:52 -0400] "GET /king-lear-quote.html HTTP/1.1" 200 2143 "http://rada.ru/souvenir/" "Mozilla/4.0 (compatible; MSIE 6.0; Windows NT 5.1; SV1; FunWebProducts; .NET CLR 1.1.4322; PeoplePal 6.2)"
157.55.33.113 - - [18/Aug/2013:02:14:52 -0400] "GET / HTTP/1.1" 200 8575 "-" "Mozilla/5.0 (compatible; bingbot/2.0; +http://www.bing.com/bingbot.htm)"
213.186.127.4 - - [18/Aug/2013:11:16:37 -0400] "GET /rss.xml HTTP/1.1" 200 146232 "-" "AhrefsBot.Feeds v0.1; http://ahrefs.com/"
195.242.218.133 - - [18/Aug/2013:08:01:03 -0400] "GET /king-lear-quote.html HTTP/1.1" 200 2143 "http://valdaidom.ru/" "Mozilla/4.0 (compatible; MSIE 6.0; Windows NT 5.1; Crazy Browser 1.0.5)"
65.55.215.35 - - [18/Aug/2013:08:42:34 -0400] "GET /robots.txt HTTP/1.1" 200 198 "-" "msnbot-media/1.1 (+http://search.msn.com/msnbot.htm)"
199.30.20.85 - - [18/Aug/2013:10:21:49 -0400] "GET /robots.txt HTTP/1.1" 200 198 "-" "msnbot-media/1.1 (+http://search.msn.com/msnbot.htm)"
66.249.75.217 - - [18/Aug/2013:18:55:23 -0400] "GET /sitemap.html HTTP/1.1" 200 7828 "-" "Mozilla/5.0 (compatible; Googlebot/2.1; +http://www.google.com/bot.html)"
66.249.75.213 - - [18/Aug/2013:14:53:57 -0400] "GET /awstats/1307/awstats.996498.1307.alldomains.html HTTP/1.1" 401 603 "-" "Mozilla/5.0 (compatible; Googlebot/2.1; +http://www.google.com/bot.html)"
46.229.170.197 - - [18/Aug/2013:15:26:34 -0400] "GET / HTTP/1.1" 200 8575 "-" "Mozilla/5.0 (X11; Linux i686; rv:2.0b12pre) Gecko/20100101 Firefox/4.0b12pre"
66.249.75.213 - - [18/Aug/2013:21:52:10 -0400] "GET /investment-planning.html HTTP/1.1" 304 - "-" "SAMSUNG-SGH-E250/1.0 Profile/MIDP-2.0 Configuration/CLDC-1.1 UP.Browser/6.2.3.3.c.1.101 (GUI) MMP/2.0 (compatible; Googlebot-Mobile/2.1; +http://www.google.com/bot.html)"
157.56.93.73 - - [18/Aug/2013:22:41:29 -0400] "GET /robots.txt HTTP/1.1" 200 198 "-" "Mozilla/5.0 (compatible; bingbot/2.0; +http://www.bing.com/bingbot.htm)"
180.76.5.176 - - [18/Aug/2013:07:36:50 -0400] "GET /awstats/1307/awstats.996498.1307.lasthosts.html HTTP/1.1" 401 603 "-" "Mozilla/5.0 (compatible; Baiduspider/2.0; +http://www.baidu.com/search/spider.html)"
157.56.93.39 - - [18/Aug/2013:13:40:55 -0400] "GET / HTTP/1.1" 200 8575 "-" "Mozilla/5.0 (compatible; bingbot/2.0; +http://www.bing.com/bingbot.htm)"
157.55.33.146 - - [18/Aug/2013:16:13:18 -0400] "GET /awstats/1303/awstats.996498.1303.urlexit.html HTTP/1.1" 401 603 "-" "Mozilla/5.0 (compatible; bingbot/2.0; +http://www.bing.com/bingbot.htm)"
95.108.158.238 - - [18/Aug/2013:23:09:07 -0400] "GET /menu/investment-planning.jpg HTTP/1.1" 304 - "-" "Mozilla/5.0 (compatible; YandexImages/3.0; +http://yandex.com/bots)"
66.249.75.152 - - [18/Aug/2013:03:27:41 -0400] "GET / HTTP/1.1" 200 8575 "-" "Mozilla/5.0 (compatible; Googlebot/2.1; +http://www.google.com/bot.html)"
157.56.93.39 - - [18/Aug/2013:13:40:19 -0400] "GET /robots.txt HTTP/1.1" 200 198 "-" "Mozilla/5.0 (compatible; bingbot/2.0; +http://www.bing.com/bingbot.htm)"
92.249.127.111 - - [18/Aug/2013:06:02:15 -0400] "GET /king-lear-quote.html HTTP/1.1" 200 2143 "http://www.bravica.co/ru/" "Mozilla/5.0 (compatible; news bot /2.1)"
199.30.24.170 - - [18/Aug/2013:11:19:54 -0400] "GET /main.css HTTP/1.1" 200 3884 "http://georgefisheradvisors.com/" "Mozilla/5.0 (Windows NT 6.1; WOW64) AppleWebKit/534+ (KHTML, like Gecko) BingPreview/1.0b"
199.30.24.170 - - [18/Aug/2013:11:19:55 -0400] "GET /graphics/bg.png HTTP/1.1" 200 145 "http://georgefisheradvisors.com/" "Mozilla/5.0 (Windows NT 6.1; WOW64) AppleWebKit/534+ (KHTML, like Gecko) BingPreview/1.0b"
66.249.75.213 - - [18/Aug/2013:01:53:15 -0400] "GET /portfolio-rebalance/portfolio-rebalance.htm HTTP/1.1" 304 - "-" "Mozilla/5.0 (compatible; Googlebot/2.1; +http://www.google.com/bot.html)"
157.55.33.113 - - [18/Aug/2013:11:20:02 -0400] "GET /awstats/1212/awstats.996498.1212.unknownos.html HTTP/1.1" 401 603 "-" "Mozilla/5.0 (compatible; bingbot/2.0; +http://www.bing.com/bingbot.htm)"
91.207.9.226 - - [18/Aug/2013:12:42:27 -0400] "GET /king-lear-quote.html HTTP/1.1" 200 2143 "http://www.lifeazart.com/" "Mozilla/4.0 (compatible; MSIE 7.0b; Windows NT 6.0 ; .NET CLR 2.0.50215; SL Commerce Client v1.0; Tablet PC 2.0"
65.55.213.68 - - [18/Aug/2013:13:22:28 -0400] "GET /about.html HTTP/1.1" 200 9882 "-" "msnbot/2.0b (+http://search.msn.com/msnbot.htm)"
157.55.33.146 - - [18/Aug/2013:16:11:49 -0400] "GET /robots.txt HTTP/1.1" 200 198 "-" "Mozilla/5.0 (compatible; bingbot/2.0; +http://www.bing.com/bingbot.htm)"
66.249.75.217 - - [18/Aug/2013:18:40:55 -0400] "GET /robots.txt HTTP/1.1" 200 198 "-" "Mozilla/5.0 (compatible; Googlebot/2.1; +http://www.google.com/bot.html)"
157.55.33.113 - - [18/Aug/2013:10:22:40 -0400] "GET /graphics/bg-container-vertical.png HTTP/1.1" 200 204 "-" "Mozilla/5.0 (compatible; bingbot/2.0; +http://www.bing.com/bingbot.htm)"
157.55.32.110 - - [18/Aug/2013:06:21:04 -0400] "GET /awstats/1301/awstats.996498.1301.lastrobots.html HTTP/1.1" 401 603 "-" "Mozilla/5.0 (compatible; bingbot/2.0; +http://www.bing.com/bingbot.htm)"
195.242.218.133 - - [18/Aug/2013:08:01:00 -0400] "GET /king-lear-quote.html HTTP/1.1" 200 2143 "http://valdaidom.ru/" "Mozilla/4.0 (compatible; MSIE 6.0; Windows NT 5.1; Crazy Browser 1.0.5)"
65.55.215.110 - - [18/Aug/2013:18:12:42 -0400] "GET /images/ThePowerOfConsistentEarlySaving.jpg HTTP/1.1" 404 3619 "-" "msnbot-media/1.1 (+http://search.msn.com/msnbot.htm)"
95.108.158.238 - - [18/Aug/2013:19:23:40 -0400] "GET /menu/about.jpg HTTP/1.1" 304 - "-" "Mozilla/5.0 (compatible; YandexImages/3.0; +http://yandex.com/bots)"
157.55.32.110 - - [18/Aug/2013:06:20:19 -0400] "GET /robots.txt HTTP/1.1" 200 198 "-" "Mozilla/5.0 (compatible; bingbot/2.0; +http://www.bing.com/bingbot.htm)"
46.118.126.194 - - [18/Aug/2013:11:19:43 -0400] "GET /king-lear-quote.html HTTP/1.1" 200 2143 "http://web-sektor.ru/" "Mozilla/4.0 (compatible; MSIE 6.0; Windows NT 5.1; ru) Opera 8.50"
66.249.75.217 - - [18/Aug/2013:18:40:55 -0400] "GET /disclaimer.html HTTP/1.1" 200 12258 "-" "Mozilla/5.0 (compatible; Googlebot/2.1; +http://www.google.com/bot.html)"
66.249.75.213 - - [18/Aug/2013:05:43:18 -0400] "GET /experienceX.php HTTP/1.1" 200 9456 "-" "Mozilla/5.0 (compatible; Googlebot/2.1; +http://www.google.com/bot.html)"
92.249.127.111 - - [18/Aug/2013:15:09:13 -0400] "GET /king-lear-quote.html HTTP/1.1" 200 2143 "http://www.bravica.ws/ru/" "Mozilla/5.0 (compatible; news bot /2.1)"
217.69.133.13 - - [18/Aug/2013:12:14:31 -0400] "GET /awstats/1302/awstats.996498.1302.unknownbrowser.html?3e3ea140 HTTP/1.0" 401 603 "-" "Mozilla/5.0 (compatible; Linux x86_64; Mail.RU_Bot/2.0; +http://go.mail.ru/help/robots)"
66.249.75.213 - - [18/Aug/2013:08:07:04 -0400] "GET /portfolio-management.html HTTP/1.1" 200 11478 "-" "Mozilla/5.0 (compatible; Googlebot/2.1; +http://www.google.com/bot.html)"
92.249.127.111 - - [18/Aug/2013:15:09:13 -0400] "GET /king-lear-quote.html HTTP/1.1" 200 2143 "http://www.bravica.ws/ru/" "Mozilla/5.0 (compatible; news bot /2.1)"
66.249.75.217 - - [18/Aug/2013:19:52:27 -0400] "GET /capneedi/index.php HTTP/1.1" 200 5802 "-" "Mozilla/5.0 (compatible; Googlebot/2.1; +http://www.google.com/bot.html)"
178.255.215.75 - - [18/Aug/2013:15:37:13 -0400] "GET /robots.txt HTTP/1.1" 200 198 "-" "Mozilla/5.0 (compatible; Exabot/3.0; +http://www.exabot.com/go/robot)"
66.249.75.152 - - [18/Aug/2013:03:27:41 -0400] "GET /robots.txt HTTP/1.1" 200 198 "-" "Mozilla/5.0 (compatible; Googlebot/2.1; +http://www.google.com/bot.html)"
178.154.160.29 - - [18/Aug/2013:03:43:16 -0400] "GET /index.html HTTP/1.1" 200 8575 "-" "Mozilla/5.0 (compatible; YandexBot/3.0; +http://yandex.com/bots)"
157.55.33.113 - - [18/Aug/2013:02:10:40 -0400] "GET /robots.txt HTTP/1.1" 200 198 "-" "Mozilla/5.0 (compatible; bingbot/2.0; +http://www.bing.com/bingbot.htm)"
95.108.158.238 - - [18/Aug/2013:20:42:20 -0400] "GET /images/retirementplanning/image002.jpg HTTP/1.1" 404 3619 "-" "Mozilla/5.0 (compatible; YandexImages/3.0; +http://yandex.com/bots)"
66.249.75.213 - - [18/Aug/2013:09:00:50 -0400] "GET / HTTP/1.1" 200 8575 "-" "Mozilla/5.0 (iPhone; U; CPU iPhone OS 4_1 like Mac OS X; en-us) AppleWebKit/532.9 (KHTML, like Gecko) Version/4.0.5 Mobile/8B117 Safari/6531.22.7 (compatible; Googlebot-Mobile/2.1; +http://www.google.com/bot.html)"
5.135.125.183 - - [18/Aug/2013:16:59:05 -0400] "GET /investment-planning.html HTTP/1.1" 200 13370 "-" "Mozilla/5.0 (Windows NT 6.0; WOW64) AppleWebKit/535.7 (KHTML, like Gecko) Chrome/16.0.912.75 Safari/535.7"
65.55.215.93 - - [18/Aug/2013:00:49:36 -0400] "GET /images/retirementplanning/image003.jpg HTTP/1.1" 404 3619 "-" "msnbot-media/1.1 (+http://search.msn.com/msnbot.htm)"
